Component: ARM Compiler 5.06 update 7 (build 960) Tool: armlink [4d3601]

==============================================================================

Section Cross References

    gd32f10x_it.o(i.SysTick_Handler) refers to gd32f10x_it.o(i.set_sys_tcik) for set_sys_tcik
    gd32f10x_it.o(i.get_sys_tick_h) refers to gd32f10x_it.o(.data) for sys_tick_h
    gd32f10x_it.o(i.get_sys_tick_m) refers to gd32f10x_it.o(.data) for sys_tick_m
    gd32f10x_it.o(i.get_sys_tick_ms) refers to gd32f10x_it.o(.data) for sys_tick_ms
    gd32f10x_it.o(i.get_sys_tick_s) refers to gd32f10x_it.o(.data) for sys_tick_s
    gd32f10x_it.o(i.set_sys_tcik) refers to gd32f10x_it.o(.data) for sys_tick_ms
    main.o(i.FunctionTest) refers to memcpya.o(.text) for __aeabi_memcpy4
    main.o(i.FunctionTest) refers to strlen.o(.text) for strlen
    main.o(i.FunctionTest) refers to oled.o(i.OLED_ShowString_612) for OLED_ShowString_612
    main.o(i.FunctionTest) refers to delay.o(i.delay_ms) for delay_ms
    main.o(i.FunctionTest) refers to printf5.o(i.__0printf$5) for __2printf
    main.o(i.FunctionTest) refers to main.o(.constdata) for .constdata
    main.o(i.main) refers to delay.o(i.delay_init) for delay_init
    main.o(i.main) refers to uart.o(i.pc_com_init) for pc_com_init
    main.o(i.main) refers to iic.o(i.iic_init) for iic_init
    main.o(i.main) refers to oled.o(i.OLED_Init) for OLED_Init
    main.o(i.main) refers to printf5.o(i.__0printf$5) for __2printf
    main.o(i.main) refers to main.o(i.FunctionTest) for FunctionTest
    system_gd32f10x.o(i.SystemInit) refers to system_gd32f10x.o(i.system_clock_config) for system_clock_config
    system_gd32f10x.o(i.SystemInit) refers to gd32f10x_misc.o(i.nvic_vector_table_set) for nvic_vector_table_set
    system_gd32f10x.o(i.system_clock_config) refers to system_gd32f10x.o(i.system_clock_108m_hxtal) for system_clock_108m_hxtal
    gd32f10x_adc.o(i.adc_deinit) refers to gd32f10x_rcu.o(i.rcu_periph_reset_enable) for rcu_periph_reset_enable
    gd32f10x_adc.o(i.adc_deinit) refers to gd32f10x_rcu.o(i.rcu_periph_reset_disable) for rcu_periph_reset_disable
    gd32f10x_bkp.o(i.bkp_deinit) refers to gd32f10x_rcu.o(i.rcu_bkp_reset_enable) for rcu_bkp_reset_enable
    gd32f10x_bkp.o(i.bkp_deinit) refers to gd32f10x_rcu.o(i.rcu_bkp_reset_disable) for rcu_bkp_reset_disable
    gd32f10x_can.o(i.can_debug_freeze_disable) refers to gd32f10x_dbg.o(i.dbg_periph_enable) for dbg_periph_enable
    gd32f10x_can.o(i.can_debug_freeze_enable) refers to gd32f10x_dbg.o(i.dbg_periph_enable) for dbg_periph_enable
    gd32f10x_can.o(i.can_deinit) refers to gd32f10x_rcu.o(i.rcu_periph_reset_enable) for rcu_periph_reset_enable
    gd32f10x_can.o(i.can_deinit) refers to gd32f10x_rcu.o(i.rcu_periph_reset_disable) for rcu_periph_reset_disable
    gd32f10x_can.o(i.can_interrupt_flag_get) refers to gd32f10x_can.o(i.can_receive_message_length_get) for can_receive_message_length_get
    gd32f10x_can.o(i.can_interrupt_flag_get) refers to gd32f10x_can.o(i.can_error_get) for can_error_get
    gd32f10x_dac.o(i.dac_deinit) refers to gd32f10x_rcu.o(i.rcu_periph_reset_enable) for rcu_periph_reset_enable
    gd32f10x_dac.o(i.dac_deinit) refers to gd32f10x_rcu.o(i.rcu_periph_reset_disable) for rcu_periph_reset_disable
    gd32f10x_dma.o(i.dma_channel_disable) refers to gd32f10x_dma.o(i.dma_periph_and_channel_check) for dma_periph_and_channel_check
    gd32f10x_dma.o(i.dma_channel_enable) refers to gd32f10x_dma.o(i.dma_periph_and_channel_check) for dma_periph_and_channel_check
    gd32f10x_dma.o(i.dma_circulation_disable) refers to gd32f10x_dma.o(i.dma_periph_and_channel_check) for dma_periph_and_channel_check
    gd32f10x_dma.o(i.dma_circulation_enable) refers to gd32f10x_dma.o(i.dma_periph_and_channel_check) for dma_periph_and_channel_check
    gd32f10x_dma.o(i.dma_deinit) refers to gd32f10x_dma.o(i.dma_periph_and_channel_check) for dma_periph_and_channel_check
    gd32f10x_dma.o(i.dma_init) refers to gd32f10x_dma.o(i.dma_periph_and_channel_check) for dma_periph_and_channel_check
    gd32f10x_dma.o(i.dma_interrupt_disable) refers to gd32f10x_dma.o(i.dma_periph_and_channel_check) for dma_periph_and_channel_check
    gd32f10x_dma.o(i.dma_interrupt_enable) refers to gd32f10x_dma.o(i.dma_periph_and_channel_check) for dma_periph_and_channel_check
    gd32f10x_dma.o(i.dma_memory_address_config) refers to gd32f10x_dma.o(i.dma_periph_and_channel_check) for dma_periph_and_channel_check
    gd32f10x_dma.o(i.dma_memory_increase_disable) refers to gd32f10x_dma.o(i.dma_periph_and_channel_check) for dma_periph_and_channel_check
    gd32f10x_dma.o(i.dma_memory_increase_enable) refers to gd32f10x_dma.o(i.dma_periph_and_channel_check) for dma_periph_and_channel_check
    gd32f10x_dma.o(i.dma_memory_to_memory_disable) refers to gd32f10x_dma.o(i.dma_periph_and_channel_check) for dma_periph_and_channel_check
    gd32f10x_dma.o(i.dma_memory_to_memory_enable) refers to gd32f10x_dma.o(i.dma_periph_and_channel_check) for dma_periph_and_channel_check
[...]
    Removing gd32f10x_fmc.o(i.fmc_flag_clear), (32 bytes).
    Removing gd32f10x_fmc.o(i.fmc_flag_get), (36 bytes).
    Removing gd32f10x_fmc.o(i.fmc_halfword_program), (192 bytes).
    Removing gd32f10x_fmc.o(i.fmc_interrupt_disable), (32 bytes).
    Removing gd32f10x_fmc.o(i.fmc_interrupt_enable), (32 bytes).
    Removing gd32f10x_fmc.o(i.fmc_interrupt_flag_clear), (32 bytes).
    Removing gd32f10x_fmc.o(i.fmc_interrupt_flag_get), (108 bytes).
    Removing gd32f10x_fmc.o(i.fmc_lock), (44 bytes).
    Removing gd32f10x_fmc.o(i.fmc_mass_erase), (196 bytes).
    Removing gd32f10x_fmc.o(i.fmc_page_erase), (236 bytes).
    Removing gd32f10x_fmc.o(i.fmc_unlock), (68 bytes).
    Removing gd32f10x_fmc.o(i.fmc_word_program), (192 bytes).
    Removing gd32f10x_fmc.o(i.fmc_wscnt_set), (24 bytes).
    Removing gd32f10x_fmc.o(i.ob_data_get), (16 bytes).
    Removing gd32f10x_fmc.o(i.ob_data_program), (68 bytes).
    Removing gd32f10x_fmc.o(i.ob_erase), (140 bytes).
    Removing gd32f10x_fmc.o(i.ob_lock), (20 bytes).
    Removing gd32f10x_fmc.o(i.ob_security_protection_config), (132 bytes).
    Removing gd32f10x_fmc.o(i.ob_spc_get), (24 bytes).
    Removing gd32f10x_fmc.o(i.ob_unlock), (48 bytes).
    Removing gd32f10x_fmc.o(i.ob_user_get), (16 bytes).
    Removing gd32f10x_fmc.o(i.ob_user_write), (96 bytes).
    Removing gd32f10x_fmc.o(i.ob_write_protection_enable), (168 bytes).
    Removing gd32f10x_fmc.o(i.ob_write_protection_get), (12 bytes).
    Removing gd32f10x_fwdgt.o(.rev16_text), (4 bytes).
    Removing gd32f10x_fwdgt.o(.revsh_text), (4 bytes).
    Removing gd32f10x_fwdgt.o(i.fwdgt_config), (104 bytes).
    Removing gd32f10x_fwdgt.o(i.fwdgt_counter_reload), (16 bytes).
    Removing gd32f10x_fwdgt.o(i.fwdgt_enable), (16 bytes).
    Removing gd32f10x_fwdgt.o(i.fwdgt_flag_get), (24 bytes).
    Removing gd32f10x_fwdgt.o(i.fwdgt_prescaler_value_config), (60 bytes).
    Removing gd32f10x_fwdgt.o(i.fwdgt_reload_value_config), (64 bytes).
    Removing gd32f10x_fwdgt.o(i.fwdgt_write_disable), (12 bytes).
    Removing gd32f10x_fwdgt.o(i.fwdgt_write_enable), (16 bytes).
    Removing gd32f10x_gpio.o(.rev16_text), (4 bytes).
    Removing gd32f10x_gpio.o(.revsh_text), (4 bytes).
    Removing gd32f10x_gpio.o(i.gpio_afio_deinit), (20 bytes).
    Removing gd32f10x_gpio.o(i.gpio_bit_write), (10 bytes).
    Removing gd32f10x_gpio.o(i.gpio_deinit), (196 bytes).
    Removing gd32f10x_gpio.o(i.gpio_event_output_config), (28 bytes).
    Removing gd32f10x_gpio.o(i.gpio_event_output_disable), (20 bytes).
    Removing gd32f10x_gpio.o(i.gpio_event_output_enable), (20 bytes).
    Removing gd32f10x_gpio.o(i.gpio_exti_source_select), (152 bytes).
    Removing gd32f10x_gpio.o(i.gpio_input_port_get), (8 bytes).
    Removing gd32f10x_gpio.o(i.gpio_output_bit_get), (16 bytes).
    Removing gd32f10x_gpio.o(i.gpio_output_port_get), (8 bytes).
    Removing gd32f10x_gpio.o(i.gpio_pin_lock), (18 bytes).
    Removing gd32f10x_gpio.o(i.gpio_pin_remap_config), (144 bytes).
    Removing gd32f10x_gpio.o(i.gpio_port_write), (4 bytes).
    Removing gd32f10x_i2c.o(.rev16_text), (4 bytes).
    Removing gd32f10x_i2c.o(.revsh_text), (4 bytes).
    Removing gd32f10x_i2c.o(i.i2c_ack_config), (16 bytes).
    Removing gd32f10x_i2c.o(i.i2c_ackpos_config), (16 bytes).
    Removing gd32f10x_i2c.o(i.i2c_clock_config), (228 bytes).
    Removing gd32f10x_i2c.o(i.i2c_data_receive), (8 bytes).
    Removing gd32f10x_i2c.o(i.i2c_data_transmit), (6 bytes).
    Removing gd32f10x_i2c.o(i.i2c_deinit), (64 bytes).
    Removing gd32f10x_i2c.o(i.i2c_disable), (10 bytes).
    Removing gd32f10x_i2c.o(i.i2c_dma_config), (16 bytes).
    Removing gd32f10x_i2c.o(i.i2c_dma_last_transfer_config), (16 bytes).
    Removing gd32f10x_i2c.o(i.i2c_dualaddr_disable), (10 bytes).
    Removing gd32f10x_i2c.o(i.i2c_dualaddr_enable), (12 bytes).
    Removing gd32f10x_i2c.o(i.i2c_enable), (10 bytes).
    Removing gd32f10x_i2c.o(i.i2c_flag_clear), (40 bytes).
    Removing gd32f10x_i2c.o(i.i2c_flag_get), (30 bytes).
    Removing gd32f10x_i2c.o(i.i2c_interrupt_disable), (26 bytes).
    Removing gd32f10x_i2c.o(i.i2c_interrupt_enable), (26 bytes).
    Removing gd32f10x_i2c.o(i.i2c_interrupt_flag_clear), (44 bytes).
    Removing gd32f10x_i2c.o(i.i2c_interrupt_flag_get), (92 bytes).
    Removing gd32f10x_i2c.o(i.i2c_master_addressing), (20 bytes).
    Removing gd32f10x_i2c.o(i.i2c_mode_addr_config), (28 bytes).
    Removing gd32f10x_i2c.o(i.i2c_pec_config), (16 bytes).
    Removing gd32f10x_i2c.o(i.i2c_pec_transfer_config), (16 bytes).
    Removing gd32f10x_i2c.o(i.i2c_pec_value_get), (10 bytes).
    Removing gd32f10x_i2c.o(i.i2c_slave_response_to_gcall_config), (16 bytes).
    Removing gd32f10x_i2c.o(i.i2c_smbus_alert_config), (16 bytes).
    Removing gd32f10x_i2c.o(i.i2c_smbus_arp_config), (16 bytes).
    Removing gd32f10x_i2c.o(i.i2c_smbus_type_config), (24 bytes).
    Removing gd32f10x_i2c.o(i.i2c_software_reset_config), (16 bytes).
    Removing gd32f10x_i2c.o(i.i2c_start_on_bus), (10 bytes).
    Removing gd32f10x_i2c.o(i.i2c_stop_on_bus), (10 bytes).
    Removing gd32f10x_i2c.o(i.i2c_stretch_scl_low_config), (16 bytes).
    Removing gd32f10x_misc.o(.rev16_text), (4 bytes).
    Removing gd32f10x_misc.o(.revsh_text), (4 bytes).
    Removing gd32f10x_misc.o(i.nvic_irq_disable), (24 bytes).
    Removing gd32f10x_misc.o(i.nvic_irq_enable), (172 bytes).
    Removing gd32f10x_misc.o(i.nvic_priority_group_set), (20 bytes).
    Removing gd32f10x_misc.o(i.system_lowpower_reset), (16 bytes).
    Removing gd32f10x_misc.o(i.system_lowpower_set), (16 bytes).
    Removing gd32f10x_pmu.o(.rev16_text), (4 bytes).
    Removing gd32f10x_pmu.o(.revsh_text), (4 bytes).
    Removing gd32f10x_pmu.o(i.pmu_backup_write_disable), (20 bytes).
    Removing gd32f10x_pmu.o(i.pmu_backup_write_enable), (20 bytes).
    Removing gd32f10x_pmu.o(i.pmu_deinit), (20 bytes).
    Removing gd32f10x_pmu.o(i.pmu_flag_clear), (48 bytes).
    Removing gd32f10x_pmu.o(i.pmu_flag_get), (24 bytes).
    Removing gd32f10x_pmu.o(i.pmu_lvd_disable), (20 bytes).
    Removing gd32f10x_pmu.o(i.pmu_lvd_select), (48 bytes).
    Removing gd32f10x_pmu.o(i.pmu_to_deepsleepmode), (196 bytes).
    Removing gd32f10x_pmu.o(i.pmu_to_sleepmode), (28 bytes).
    Removing gd32f10x_pmu.o(i.pmu_to_standbymode), (100 bytes).
    Removing gd32f10x_pmu.o(i.pmu_wakeup_pin_disable), (20 bytes).
    Removing gd32f10x_pmu.o(i.pmu_wakeup_pin_enable), (20 bytes).
    Removing gd32f10x_pmu.o(.bss), (16 bytes).
    Removing gd32f10x_rcu.o(.rev16_text), (4 bytes).
    Removing gd32f10x_rcu.o(.revsh_text), (4 bytes).
    Removing gd32f10x_rcu.o(i.rcu_adc_clock_config), (72 bytes).
    Removing gd32f10x_rcu.o(i.rcu_ahb_clock_config), (24 bytes).
    Removing gd32f10x_rcu.o(i.rcu_all_reset_flag_clear), (20 bytes).
    Removing gd32f10x_rcu.o(i.rcu_apb1_clock_config), (24 bytes).
    Removing gd32f10x_rcu.o(i.rcu_apb2_clock_config), (24 bytes).
    Removing gd32f10x_rcu.o(i.rcu_bkp_reset_disable), (20 bytes).
    Removing gd32f10x_rcu.o(i.rcu_bkp_reset_enable), (20 bytes).
    Removing gd32f10x_rcu.o(i.rcu_ckout0_config), (24 bytes).
    Removing gd32f10x_rcu.o(i.rcu_deepsleep_voltage_set), (16 bytes).
    Removing gd32f10x_rcu.o(i.rcu_deinit), (88 bytes).
    Removing gd32f10x_rcu.o(i.rcu_flag_get), (36 bytes).
    Removing gd32f10x_rcu.o(i.rcu_hxtal_clock_monitor_disable), (20 bytes).
    Removing gd32f10x_rcu.o(i.rcu_hxtal_clock_monitor_enable), (20 bytes).
    Removing gd32f10x_rcu.o(i.rcu_interrupt_disable), (32 bytes).
    Removing gd32f10x_rcu.o(i.rcu_interrupt_enable), (32 bytes).
    Removing gd32f10x_rcu.o(i.rcu_interrupt_flag_clear), (32 bytes).
    Removing gd32f10x_rcu.o(i.rcu_interrupt_flag_get), (36 bytes).
    Removing gd32f10x_rcu.o(i.rcu_irc8m_adjust_value_set), (28 bytes).
    Removing gd32f10x_rcu.o(i.rcu_osci_bypass_mode_disable), (92 bytes).
    Removing gd32f10x_rcu.o(i.rcu_osci_bypass_mode_enable), (92 bytes).
    Removing gd32f10x_rcu.o(i.rcu_osci_off), (32 bytes).
    Removing gd32f10x_rcu.o(i.rcu_osci_on), (32 bytes).
    Removing gd32f10x_rcu.o(i.rcu_osci_stab_wait), (224 bytes).
    Removing gd32f10x_rcu.o(i.rcu_periph_clock_disable), (32 bytes).
    Removing gd32f10x_rcu.o(i.rcu_periph_clock_sleep_disable), (32 bytes).
    Removing gd32f10x_rcu.o(i.rcu_periph_clock_sleep_enable), (32 bytes).
    Removing gd32f10x_rcu.o(i.rcu_pll_config), (32 bytes).
    Removing gd32f10x_rcu.o(i.rcu_predv0_config), (32 bytes).
    Removing gd32f10x_rcu.o(i.rcu_rtc_clock_config), (24 bytes).
    Removing gd32f10x_rcu.o(i.rcu_system_clock_source_config), (24 bytes).
    Removing gd32f10x_rcu.o(i.rcu_system_clock_source_get), (16 bytes).
    Removing gd32f10x_rcu.o(i.rcu_usb_clock_config), (24 bytes).
    Removing gd32f10x_rtc.o(.rev16_text), (4 bytes).
    Removing gd32f10x_rtc.o(.revsh_text), (4 bytes).
    Removing gd32f10x_rtc.o(i.rtc_alarm_config), (32 bytes).
    Removing gd32f10x_rtc.o(i.rtc_configuration_mode_enter), (20 bytes).
    Removing gd32f10x_rtc.o(i.rtc_configuration_mode_exit), (20 bytes).
    Removing gd32f10x_rtc.o(i.rtc_counter_get), (20 bytes).
    Removing gd32f10x_rtc.o(i.rtc_counter_set), (32 bytes).
    Removing gd32f10x_rtc.o(i.rtc_divider_get), (24 bytes).
    Removing gd32f10x_rtc.o(i.rtc_flag_clear), (16 bytes).
    Removing gd32f10x_rtc.o(i.rtc_flag_get), (24 bytes).
    Removing gd32f10x_rtc.o(i.rtc_interrupt_disable), (16 bytes).
    Removing gd32f10x_rtc.o(i.rtc_interrupt_enable), (16 bytes).
    Removing gd32f10x_rtc.o(i.rtc_interrupt_flag_clear), (16 bytes).
    Removing gd32f10x_rtc.o(i.rtc_interrupt_flag_get), (24 bytes).
    Removing gd32f10x_rtc.o(i.rtc_lwoff_wait), (20 bytes).
    Removing gd32f10x_rtc.o(i.rtc_prescaler_set), (32 bytes).
    Removing gd32f10x_rtc.o(i.rtc_register_sync_wait), (32 bytes).
    Removing gd32f10x_sdio.o(.rev16_text), (4 bytes).
    Removing gd32f10x_sdio.o(.revsh_text), (4 bytes).
    Removing gd32f10x_sdio.o(i.sdio_bus_mode_set), (28 bytes).
    Removing gd32f10x_sdio.o(i.sdio_ceata_command_completion_disable), (20 bytes).
    Removing gd32f10x_sdio.o(i.sdio_ceata_command_completion_enable), (20 bytes).
    Removing gd32f10x_sdio.o(i.sdio_ceata_command_disable), (20 bytes).
    Removing gd32f10x_sdio.o(i.sdio_ceata_command_enable), (20 bytes).
    Removing gd32f10x_sdio.o(i.sdio_ceata_interrupt_disable), (20 bytes).
    Removing gd32f10x_sdio.o(i.sdio_ceata_interrupt_enable), (20 bytes).
    Removing gd32f10x_sdio.o(i.sdio_clock_config), (36 bytes).
    Removing gd32f10x_sdio.o(i.sdio_clock_disable), (20 bytes).
    Removing gd32f10x_sdio.o(i.sdio_clock_enable), (20 bytes).
    Removing gd32f10x_sdio.o(i.sdio_command_index_get), (12 bytes).
    Removing gd32f10x_sdio.o(i.sdio_command_response_config), (44 bytes).
    Removing gd32f10x_sdio.o(i.sdio_csm_disable), (20 bytes).
    Removing gd32f10x_sdio.o(i.sdio_csm_enable), (20 bytes).
    Removing gd32f10x_sdio.o(i.sdio_data_config), (52 bytes).
    Removing gd32f10x_sdio.o(i.sdio_data_counter_get), (12 bytes).
    Removing gd32f10x_sdio.o(i.sdio_data_read), (12 bytes).
    Removing gd32f10x_sdio.o(i.sdio_data_transfer_config), (28 bytes).
    Removing gd32f10x_sdio.o(i.sdio_data_write), (12 bytes).
    Removing gd32f10x_sdio.o(i.sdio_deinit), (28 bytes).
    Removing gd32f10x_sdio.o(i.sdio_dma_disable), (20 bytes).
    Removing gd32f10x_sdio.o(i.sdio_dma_enable), (20 bytes).
    Removing gd32f10x_sdio.o(i.sdio_dsm_disable), (20 bytes).
    Removing gd32f10x_sdio.o(i.sdio_dsm_enable), (20 bytes).
    Removing gd32f10x_sdio.o(i.sdio_fifo_counter_get), (12 bytes).
    Removing gd32f10x_sdio.o(i.sdio_flag_clear), (12 bytes).
    Removing gd32f10x_sdio.o(i.sdio_flag_get), (20 bytes).
    Removing gd32f10x_sdio.o(i.sdio_hardware_clock_disable), (20 bytes).
    Removing gd32f10x_sdio.o(i.sdio_hardware_clock_enable), (20 bytes).
    Removing gd32f10x_sdio.o(i.sdio_interrupt_disable), (16 bytes).
    Removing gd32f10x_sdio.o(i.sdio_interrupt_enable), (16 bytes).
    Removing gd32f10x_sdio.o(i.sdio_interrupt_flag_clear), (12 bytes).
    Removing gd32f10x_sdio.o(i.sdio_interrupt_flag_get), (24 bytes).
    Removing gd32f10x_sdio.o(i.sdio_operation_disable), (20 bytes).
    Removing gd32f10x_sdio.o(i.sdio_operation_enable), (20 bytes).
    Removing gd32f10x_sdio.o(i.sdio_power_state_get), (12 bytes).
    Removing gd32f10x_sdio.o(i.sdio_power_state_set), (12 bytes).
    Removing gd32f10x_sdio.o(i.sdio_readwait_disable), (20 bytes).
    Removing gd32f10x_sdio.o(i.sdio_readwait_enable), (20 bytes).
    Removing gd32f10x_sdio.o(i.sdio_readwait_type_set), (40 bytes).
    Removing gd32f10x_sdio.o(i.sdio_response_get), (56 bytes).
    Removing gd32f10x_sdio.o(i.sdio_stop_readwait_disable), (20 bytes).
    Removing gd32f10x_sdio.o(i.sdio_stop_readwait_enable), (20 bytes).
    Removing gd32f10x_sdio.o(i.sdio_suspend_disable), (20 bytes).
    Removing gd32f10x_sdio.o(i.sdio_suspend_enable), (20 bytes).
    Removing gd32f10x_sdio.o(i.sdio_wait_type_set), (28 bytes).
    Removing gd32f10x_spi.o(.rev16_text), (4 bytes).
    Removing gd32f10x_spi.o(.revsh_text), (4 bytes).
    Removing gd32f10x_spi.o(i.i2s_disable), (10 bytes).
    Removing gd32f10x_spi.o(i.i2s_enable), (10 bytes).
    Removing gd32f10x_spi.o(i.i2s_init), (28 bytes).
    Removing gd32f10x_spi.o(i.i2s_psc_config), (164 bytes).
    Removing gd32f10x_spi.o(i.spi_bidirectional_transfer_config), (26 bytes).
    Removing gd32f10x_spi.o(i.spi_crc_error_clear), (10 bytes).
    Removing gd32f10x_spi.o(i.spi_crc_get), (16 bytes).
    Removing gd32f10x_spi.o(i.spi_crc_next), (10 bytes).
    Removing gd32f10x_spi.o(i.spi_crc_off), (10 bytes).
    Removing gd32f10x_spi.o(i.spi_crc_on), (10 bytes).
    Removing gd32f10x_spi.o(i.spi_crc_polynomial_get), (8 bytes).
    Removing gd32f10x_spi.o(i.spi_crc_polynomial_set), (12 bytes).
    Removing gd32f10x_spi.o(i.spi_disable), (10 bytes).
    Removing gd32f10x_spi.o(i.spi_dma_disable), (22 bytes).
    Removing gd32f10x_spi.o(i.spi_dma_enable), (22 bytes).
    Removing gd32f10x_spi.o(i.spi_enable), (10 bytes).
    Removing gd32f10x_spi.o(i.spi_i2s_data_frame_format_config), (16 bytes).
    Removing gd32f10x_spi.o(i.spi_i2s_data_receive), (8 bytes).
    Removing gd32f10x_spi.o(i.spi_i2s_data_transmit), (4 bytes).
    Removing gd32f10x_spi.o(i.spi_i2s_deinit), (88 bytes).
    Removing gd32f10x_spi.o(i.spi_i2s_flag_get), (16 bytes).
    Removing gd32f10x_spi.o(i.spi_i2s_interrupt_disable), (8 bytes).
    Removing gd32f10x_spi.o(i.spi_i2s_interrupt_enable), (8 bytes).
    Removing gd32f10x_spi.o(i.spi_i2s_interrupt_flag_get), (100 bytes).
    Removing gd32f10x_spi.o(i.spi_init), (50 bytes).
    Removing gd32f10x_spi.o(i.spi_nss_internal_high), (10 bytes).
    Removing gd32f10x_spi.o(i.spi_nss_internal_low), (10 bytes).
    Removing gd32f10x_spi.o(i.spi_nss_output_disable), (10 bytes).
    Removing gd32f10x_spi.o(i.spi_nss_output_enable), (10 bytes).
    Removing gd32f10x_spi.o(i.spi_struct_para_init), (18 bytes).
    Removing gd32f10x_timer.o(.rev16_text), (4 bytes).
    Removing gd32f10x_timer.o(.revsh_text), (4 bytes).
    Removing gd32f10x_timer.o(i.timer_auto_reload_shadow_disable), (10 bytes).
    Removing gd32f10x_timer.o(i.timer_auto_reload_shadow_enable), (10 bytes).
    Removing gd32f10x_timer.o(i.timer_automatic_output_disable), (10 bytes).
    Removing gd32f10x_timer.o(i.timer_automatic_output_enable), (10 bytes).
    Removing gd32f10x_timer.o(i.timer_autoreload_value_config), (4 bytes).
    Removing gd32f10x_timer.o(i.timer_break_config), (30 bytes).
    Removing gd32f10x_timer.o(i.timer_break_disable), (10 bytes).
    Removing gd32f10x_timer.o(i.timer_break_enable), (10 bytes).
    Removing gd32f10x_timer.o(i.timer_break_struct_para_init), (18 bytes).
    Removing gd32f10x_timer.o(i.timer_channel_capture_value_register_read), (42 bytes).
    Removing gd32f10x_timer.o(i.timer_channel_complementary_output_polarity_config), (70 bytes).
    Removing gd32f10x_timer.o(i.timer_channel_complementary_output_state_config), (70 bytes).
    Removing gd32f10x_timer.o(i.timer_channel_control_shadow_config), (24 bytes).
    Removing gd32f10x_timer.o(i.timer_channel_control_shadow_update_config), (26 bytes).
    Removing gd32f10x_timer.o(i.timer_channel_dma_request_source_select), (26 bytes).
    Removing gd32f10x_timer.o(i.timer_channel_input_capture_prescaler_config), (90 bytes).
    Removing gd32f10x_timer.o(i.timer_channel_input_struct_para_init), (16 bytes).
    Removing gd32f10x_timer.o(i.timer_channel_output_clear_config), (90 bytes).
    Removing gd32f10x_timer.o(i.timer_channel_output_config), (492 bytes).
    Removing gd32f10x_timer.o(i.timer_channel_output_fast_config), (90 bytes).
    Removing gd32f10x_timer.o(i.timer_channel_output_mode_config), (90 bytes).
    Removing gd32f10x_timer.o(i.timer_channel_output_polarity_config), (92 bytes).
    Removing gd32f10x_timer.o(i.timer_channel_output_pulse_value_config), (38 bytes).
    Removing gd32f10x_timer.o(i.timer_channel_output_shadow_config), (90 bytes).
    Removing gd32f10x_timer.o(i.timer_channel_output_state_config), (92 bytes).
    Removing gd32f10x_timer.o(i.timer_channel_output_struct_para_init), (16 bytes).
    Removing gd32f10x_timer.o(i.timer_counter_alignment), (16 bytes).
    Removing gd32f10x_timer.o(i.timer_counter_down_direction), (10 bytes).
    Removing gd32f10x_timer.o(i.timer_counter_read), (8 bytes).
    Removing gd32f10x_timer.o(i.timer_counter_up_direction), (10 bytes).
    Removing gd32f10x_timer.o(i.timer_counter_value_config), (4 bytes).
    Removing gd32f10x_timer.o(i.timer_deinit), (220 bytes).
    Removing gd32f10x_timer.o(i.timer_disable), (10 bytes).
    Removing gd32f10x_timer.o(i.timer_dma_disable), (8 bytes).
    Removing gd32f10x_timer.o(i.timer_dma_enable), (8 bytes).
    Removing gd32f10x_timer.o(i.timer_dma_transfer_config), (24 bytes).
    Removing gd32f10x_timer.o(i.timer_enable), (10 bytes).
    Removing gd32f10x_timer.o(i.timer_event_software_generate), (8 bytes).
    Removing gd32f10x_timer.o(i.timer_external_clock_mode0_config), (40 bytes).
    Removing gd32f10x_timer.o(i.timer_external_clock_mode1_config), (32 bytes).
    Removing gd32f10x_timer.o(i.timer_external_clock_mode1_disable), (10 bytes).
    Removing gd32f10x_timer.o(i.timer_external_trigger_as_external_clock_config), (166 bytes).
    Removing gd32f10x_timer.o(i.timer_external_trigger_config), (30 bytes).
    Removing gd32f10x_timer.o(i.timer_flag_clear), (6 bytes).
    Removing gd32f10x_timer.o(i.timer_flag_get), (16 bytes).
    Removing gd32f10x_timer.o(i.timer_hall_mode_config), (26 bytes).
    Removing gd32f10x_timer.o(i.timer_init), (224 bytes).
    Removing gd32f10x_timer.o(i.timer_input_capture_config), (326 bytes).
    Removing gd32f10x_timer.o(i.timer_input_pwm_capture_config), (356 bytes).
    Removing gd32f10x_timer.o(i.timer_input_trigger_source_select), (16 bytes).
    Removing gd32f10x_timer.o(i.timer_internal_clock_config), (10 bytes).
    Removing gd32f10x_timer.o(i.timer_internal_trigger_as_external_clock_config), (32 bytes).
    Removing gd32f10x_timer.o(i.timer_interrupt_disable), (8 bytes).
    Removing gd32f10x_timer.o(i.timer_interrupt_enable), (8 bytes).
    Removing gd32f10x_timer.o(i.timer_interrupt_flag_clear), (6 bytes).
    Removing gd32f10x_timer.o(i.timer_interrupt_flag_get), (24 bytes).
    Removing gd32f10x_timer.o(i.timer_master_output_trigger_source_select), (16 bytes).
    Removing gd32f10x_timer.o(i.timer_master_slave_mode_config), (26 bytes).
    Removing gd32f10x_timer.o(i.timer_prescaler_config), (16 bytes).
    Removing gd32f10x_timer.o(i.timer_prescaler_read), (10 bytes).
    Removing gd32f10x_timer.o(i.timer_primary_output_config), (24 bytes).
    Removing gd32f10x_timer.o(i.timer_quadrature_decoder_mode_config), (64 bytes).
    Removing gd32f10x_timer.o(i.timer_repetition_value_config), (4 bytes).
    Removing gd32f10x_timer.o(i.timer_single_pulse_mode_config), (26 bytes).
    Removing gd32f10x_timer.o(i.timer_slave_mode_select), (16 bytes).
    Removing gd32f10x_timer.o(i.timer_struct_para_init), (22 bytes).
    Removing gd32f10x_timer.o(i.timer_update_event_disable), (10 bytes).
    Removing gd32f10x_timer.o(i.timer_update_event_enable), (10 bytes).
    Removing gd32f10x_timer.o(i.timer_update_source_config), (26 bytes).
    Removing gd32f10x_usart.o(.rev16_text), (4 bytes).
    Removing gd32f10x_usart.o(.revsh_text), (4 bytes).
    Removing gd32f10x_usart.o(i.usart_address_config), (20 bytes).
    Removing gd32f10x_usart.o(i.usart_data_receive), (10 bytes).
    Removing gd32f10x_usart.o(i.usart_disable), (10 bytes).
    Removing gd32f10x_usart.o(i.usart_dma_receive_config), (16 bytes).
    Removing gd32f10x_usart.o(i.usart_dma_transmit_config), (16 bytes).
    Removing gd32f10x_usart.o(i.usart_flag_clear), (26 bytes).
    Removing gd32f10x_usart.o(i.usart_guard_time_config), (24 bytes).
    Removing gd32f10x_usart.o(i.usart_halfduplex_disable), (10 bytes).
    Removing gd32f10x_usart.o(i.usart_halfduplex_enable), (10 bytes).
    Removing gd32f10x_usart.o(i.usart_interrupt_disable), (26 bytes).
    Removing gd32f10x_usart.o(i.usart_interrupt_enable), (26 bytes).
    Removing gd32f10x_usart.o(i.usart_interrupt_flag_clear), (26 bytes).
    Removing gd32f10x_usart.o(i.usart_interrupt_flag_get), (56 bytes).
    Removing gd32f10x_usart.o(i.usart_irda_lowpower_config), (20 bytes).
    Removing gd32f10x_usart.o(i.usart_irda_mode_disable), (10 bytes).
    Removing gd32f10x_usart.o(i.usart_irda_mode_enable), (10 bytes).
    Removing gd32f10x_usart.o(i.usart_lin_break_detection_length_config), (20 bytes).
    Removing gd32f10x_usart.o(i.usart_lin_mode_disable), (10 bytes).
    Removing gd32f10x_usart.o(i.usart_lin_mode_enable), (10 bytes).
    Removing gd32f10x_usart.o(i.usart_mute_mode_disable), (10 bytes).
    Removing gd32f10x_usart.o(i.usart_mute_mode_enable), (10 bytes).
    Removing gd32f10x_usart.o(i.usart_mute_mode_wakeup_config), (16 bytes).
    Removing gd32f10x_usart.o(i.usart_prescaler_config), (16 bytes).
    Removing gd32f10x_usart.o(i.usart_send_break), (10 bytes).
    Removing gd32f10x_usart.o(i.usart_smartcard_mode_disable), (10 bytes).
    Removing gd32f10x_usart.o(i.usart_smartcard_mode_enable), (10 bytes).
    Removing gd32f10x_usart.o(i.usart_smartcard_mode_nack_disable), (10 bytes).
    Removing gd32f10x_usart.o(i.usart_smartcard_mode_nack_enable), (10 bytes).
    Removing gd32f10x_usart.o(i.usart_synchronous_clock_config), (34 bytes).
    Removing gd32f10x_usart.o(i.usart_synchronous_clock_disable), (10 bytes).
    Removing gd32f10x_usart.o(i.usart_synchronous_clock_enable), (10 bytes).
    Removing gd32f10x_wwdgt.o(.rev16_text), (4 bytes).
    Removing gd32f10x_wwdgt.o(.revsh_text), (4 bytes).
    Removing gd32f10x_wwdgt.o(i.wwdgt_config), (28 bytes).
    Removing gd32f10x_wwdgt.o(i.wwdgt_counter_update), (16 bytes).
    Removing gd32f10x_wwdgt.o(i.wwdgt_deinit), (20 bytes).
    Removing gd32f10x_wwdgt.o(i.wwdgt_enable), (20 bytes).
    Removing gd32f10x_wwdgt.o(i.wwdgt_flag_clear), (12 bytes).
    Removing gd32f10x_wwdgt.o(i.wwdgt_flag_get), (24 bytes).
    Removing gd32f10x_wwdgt.o(i.wwdgt_interrupt_enable), (20 bytes).
    Removing startup_gd32f10x_hd.o(HEAP), (512 bytes).
    Removing gd32f10x_eval.o(.rev16_text), (4 bytes).
    Removing gd32f10x_eval.o(.revsh_text), (4 bytes).
    Removing gd32f10x_eval.o(i.gd_eval_com_init), (192 bytes).
    Removing gd32f10x_eval.o(i.gd_eval_key_init), (128 bytes).
    Removing gd32f10x_eval.o(i.gd_eval_key_state_get), (32 bytes).
    Removing gd32f10x_eval.o(i.gd_eval_led_init), (64 bytes).
    Removing gd32f10x_eval.o(i.gd_eval_led_off), (24 bytes).
    Removing gd32f10x_eval.o(i.gd_eval_led_on), (24 bytes).
    Removing gd32f10x_eval.o(i.gd_eval_led_toggle), (56 bytes).
    Removing gd32f10x_eval.o(.data), (125 bytes).
    Removing key.o(.rev16_text), (4 bytes).
    Removing key.o(.revsh_text), (4 bytes).
    Removing key.o(i.clear_key_press_time), (20 bytes).
    Removing key.o(i.get_key_press_action), (164 bytes).
    Removing key.o(i.get_key_press_status), (12 bytes).
    Removing key.o(i.handle_long_press_key), (20 bytes).
    Removing key.o(i.handle_short_press_key), (10 bytes).
    Removing key.o(i.init_key_press), (36 bytes).
    Removing key.o(i.key_init), (28 bytes).
    Removing key.o(i.key_process), (52 bytes).
    Removing key.o(i.scan_key_press), (196 bytes).
    Removing key.o(i.set_key_press_status), (12 bytes).
    Removing key.o(.bss), (32 bytes).
    Removing key.o(.data), (1 bytes).
    Removing led.o(.rev16_text), (4 bytes).
    Removing led.o(.revsh_text), (4 bytes).
    Removing led.o(i.add_led_work_peroid), (52 bytes).
    Removing led.o(i.check_led_work), (64 bytes).
    Removing led.o(i.desable_and_clear_led_work), (48 bytes).
    Removing led.o(i.do_led_work), (196 bytes).
    Removing led.o(i.get_led_work_end_s), (12 bytes).
    Removing led.o(i.get_led_work_flash_times), (12 bytes).
    Removing led.o(i.get_led_work_num_s), (12 bytes).
    Removing led.o(i.get_led_work_pin), (124 bytes).
    Removing led.o(i.get_led_work_remain_s), (12 bytes).
    Removing led.o(i.get_led_work_start_s), (12 bytes).
    Removing led.o(i.get_led_work_stauts), (12 bytes).
    Removing led.o(i.led_flash), (76 bytes).
    Removing led.o(i.led_init), (28 bytes).
    Removing led.o(i.led_off), (28 bytes).
    Removing led.o(i.led_on), (28 bytes).
    Removing led.o(i.led_work_process), (12 bytes).
    Removing led.o(i.reset_led_work_peroid), (22 bytes).
    Removing led.o(i.set_led_work_stauts), (24 bytes).
    Removing led.o(i.set_led_work_time), (84 bytes).
    Removing led.o(i.togle_led_level), (44 bytes).
    Removing led.o(i.updata_led_work_remain_s), (32 bytes).
    Removing led.o(.bss), (32 bytes).
    Removing led.o(.conststring), (157 bytes).
    Removing led.o(.data), (4 bytes).
    Removing uart.o(.rev16_text), (4 bytes).
    Removing uart.o(.revsh_text), (4 bytes).
    Removing oled.o(.rev16_text), (4 bytes).
    Removing oled.o(.revsh_text), (4 bytes).
    Removing oled.o(i.GetCharSizeSetInfo), (8 bytes).
    Removing oled.o(i.OLED_BackSpace), (2 bytes).
    Removing oled.o(i.OLED_ClearAll), (12 bytes).
    Removing oled.o(i.OLED_ColorTurn), (28 bytes).
    Removing oled.o(i.OLED_DisPlay_Off), (28 bytes).
    Removing oled.o(i.OLED_DisPlay_On), (28 bytes).
    Removing oled.o(i.OLED_DisplayTurn), (44 bytes).
    Removing oled.o(i.OLED_DrawCircle), (152 bytes).
    Removing oled.o(i.OLED_DrawLine), (176 bytes).
    Removing oled.o(i.OLED_Pow), (22 bytes).
    Removing oled.o(i.OLED_ScrollDisplay), (164 bytes).
    Removing oled.o(i.OLED_ShowChinese), (264 bytes).
    Removing oled.o(i.OLED_ShowNum), (116 bytes).
    Removing oled.o(i.OLED_ShowPicture), (98 bytes).
    Removing oled.o(i.OLED_Test), (424 bytes).
    Removing oled.o(i.OLED_WR_BP), (46 bytes).
    Removing oled.o(i.ResetCursorInfo), (28 bytes).
    Removing oled.o(i.SetCharSizeSetInfo), (46 bytes).
    Removing delay.o(.rev16_text), (4 bytes).
    Removing delay.o(.revsh_text), (4 bytes).
    Removing iic.o(.rev16_text), (4 bytes).
    Removing iic.o(.revsh_text), (4 bytes).
    Removing iic.o(i.iic_ack), (38 bytes).
    Removing iic.o(i.iic_read_byte), (46 bytes).
    Removing dadd.o(.text), (334 bytes).
    Removing dmul.o(.text), (228 bytes).
    Removing ddiv.o(.text), (222 bytes).
    Removing dfixul.o(.text), (48 bytes).
    Removing cdrcmple.o(.text), (48 bytes).
    Removing depilogue.o(.text), (186 bytes).

656 unused section(s) (total 27349 bytes) removed from the image.

==============================================================================

Image Symbol Table

    Local Symbols

    Symbol Name                              Value     Ov Type        Size  Object(Section)

    ../clib/../cmprslib/zerorunl2.c          0x00000000   Number         0  __dczerorl2.o ABSOLUTE
    ../clib/microlib/division.c              0x00000000   Number         0  uidiv.o ABSOLUTE
    ../clib/microlib/division.c              0x00000000   Number         0  uldiv.o ABSOLUTE
    ../clib/microlib/init/entry.s            0x00000000   Number         0  entry7a.o ABSOLUTE
    ../clib/microlib/init/entry.s            0x00000000   Number         0  entry11b.o ABSOLUTE
    ../clib/microlib/init/entry.s            0x00000000   Number         0  entry8b.o ABSOLUTE
    ../clib/microlib/init/entry.s            0x00000000   Number         0  entry8a.o ABSOLUTE
    ../clib/microlib/init/entry.s            0x00000000   Number         0  entry7b.o ABSOLUTE
    ../clib/microlib/init/entry.s            0x00000000   Number         0  entry9a.o ABSOLUTE
    ../clib/microlib/init/entry.s            0x00000000   Number         0  entry5.o ABSOLUTE
    ../clib/microlib/init/entry.s            0x00000000   Number         0  entry2.o ABSOLUTE
    ../clib/microlib/init/entry.s            0x00000000   Number         0  entry10b.o ABSOLUTE
    ../clib/microlib/init/entry.s            0x00000000   Number         0  entry11a.o ABSOLUTE
    ../clib/microlib/init/entry.s            0x00000000   Number         0  entry.o ABSOLUTE
    ../clib/microlib/init/entry.s            0x00000000   Number         0  entry12a.o ABSOLUTE
    ../clib/microlib/init/entry.s            0x00000000   Number         0  entry12b.o ABSOLUTE
    ../clib/microlib/init/entry.s            0x00000000   Number         0  entry9b.o ABSOLUTE
    ../clib/microlib/init/entry.s            0x00000000   Number         0  entry10a.o ABSOLUTE
    ../clib/microlib/longlong.c              0x00000000   Number         0  llsshr.o ABSOLUTE
    ../clib/microlib/longlong.c              0x00000000   Number         0  llushr.o ABSOLUTE
    ../clib/microlib/longlong.c              0x00000000   Number         0  llshl.o ABSOLUTE
    ../clib/microlib/printf/printf.c         0x00000000   Number         0  printf8.o ABSOLUTE
    ../clib/microlib/printf/printf.c         0x00000000   Number         0  printf7.o ABSOLUTE
    ../clib/microlib/printf/printf.c         0x00000000   Number         0  printf6.o ABSOLUTE
    ../clib/microlib/printf/printf.c         0x00000000   Number         0  printf5.o ABSOLUTE
    ../clib/microlib/printf/printf.c         0x00000000   Number         0  printf4.o ABSOLUTE
    ../clib/microlib/printf/printf.c         0x00000000   Number         0  printf3.o ABSOLUTE
    ../clib/microlib/printf/printf.c         0x00000000   Number         0  printf2.o ABSOLUTE
    ../clib/microlib/printf/printf.c         0x00000000   Number         0  printf1.o ABSOLUTE
    ../clib/microlib/printf/printf.c         0x00000000   Number         0  printf0.o ABSOLUTE
    ../clib/microlib/printf/printf.c         0x00000000   Number         0  printfb.o ABSOLUTE
    ../clib/microlib/printf/printf.c         0x00000000   Number         0  printfa.o ABSOLUTE
    ../clib/microlib/printf/stubs.s          0x00000000   Number         0  stubs.o ABSOLUTE
    ../clib/microlib/stdio/streams.c         0x00000000   Number         0  stdout.o ABSOLUTE
    ../clib/microlib/string/memcpy.c         0x00000000   Number         0  memcpyb.o ABSOLUTE
    ../clib/microlib/string/memcpy.c         0x00000000   Number         0  memcpya.o ABSOLUTE
    ../clib/microlib/string/strlen.c         0x00000000   Number         0  strlen.o ABSOLUTE
    ../clib/microlib/stubs.s                 0x00000000   Number         0  iusefp.o ABSOLUTE
    ../fplib/microlib/fpadd.c                0x00000000   Number         0  dadd.o ABSOLUTE
    ../fplib/microlib/fpdiv.c                0x00000000   Number         0  ddiv.o ABSOLUTE
    ../fplib/microlib/fpdiv.c                0x00000000   Number         0  fdiv.o ABSOLUTE
    ../fplib/microlib/fpepilogue.c           0x00000000   Number         0  fepilogue.o ABSOLUTE
    ../fplib/microlib/fpepilogue.c           0x00000000   Number         0  depilogue.o ABSOLUTE
    ../fplib/microlib/fpfix.c                0x00000000   Number         0  dfixul.o ABSOLUTE
    ../fplib/microlib/fpfix.c                0x00000000   Number         0  ffixui.o ABSOLUTE
    ../fplib/microlib/fpflt.c                0x00000000   Number         0  ffltui.o ABSOLUTE
    ../fplib/microlib/fpmul.c                0x00000000   Number         0  fmul.o ABSOLUTE
    ../fplib/microlib/fpmul.c                0x00000000   Number         0  dmul.o ABSOLUTE
    ..\App_Main\gd32f10x_it.c                0x00000000   Number         0  gd32f10x_it.o ABSOLUTE
    ..\App_Main\main.c                       0x00000000   Number         0  main.o ABSOLUTE
    ..\Delay\delay.c                         0x00000000   Number         0  delay.o ABSOLUTE
    ..\Firmware_Lib\CMSIS\GD\GD32F10x\Source\ARM\startup_gd32f10x_hd.s 0x00000000   Number         0  startup_gd32f10x_hd.o ABSOLUTE
    ..\Firmware_Lib\CMSIS\GD\GD32F10x\Source\system_gd32f10x.c 0x00000000   Number         0  system_gd32f10x.o ABSOLUTE
    ..\Firmware_Lib\GD32F10x_standard_peripheral\Source\gd32f10x_adc.c 0x00000000   Number         0  gd32f10x_adc.o ABSOLUTE
    ..\Firmware_Lib\GD32F10x_standard_peripheral\Source\gd32f10x_bkp.c 0x00000000   Number         0  gd32f10x_bkp.o ABSOLUTE
    ..\Firmware_Lib\GD32F10x_standard_peripheral\Source\gd32f10x_can.c 0x00000000   Number         0  gd32f10x_can.o ABSOLUTE
    ..\Firmware_Lib\GD32F10x_standard_peripheral\Source\gd32f10x_crc.c 0x00000000   Number         0  gd32f10x_crc.o ABSOLUTE
    ..\Firmware_Lib\GD32F10x_standard_peripheral\Source\gd32f10x_dac.c 0x00000000   Number         0  gd32f10x_dac.o ABSOLUTE
    ..\Firmware_Lib\GD32F10x_standard_peripheral\Source\gd32f10x_dbg.c 0x00000000   Number         0  gd32f10x_dbg.o ABSOLUTE
    ..\Firmware_Lib\GD32F10x_standard_peripheral\Source\gd32f10x_dma.c 0x00000000   Number         0  gd32f10x_dma.o ABSOLUTE
    ..\Firmware_Lib\GD32F10x_standard_peripheral\Source\gd32f10x_enet.c 0x00000000   Number         0  gd32f10x_enet.o ABSOLUTE
    ..\Firmware_Lib\GD32F10x_standard_peripheral\Source\gd32f10x_exmc.c 0x00000000   Number         0  gd32f10x_exmc.o ABSOLUTE
    ..\Firmware_Lib\GD32F10x_standard_peripheral\Source\gd32f10x_exti.c 0x00000000   Number         0  gd32f10x_exti.o ABSOLUTE
    ..\Firmware_Lib\GD32F10x_standard_peripheral\Source\gd32f10x_fmc.c 0x00000000   Number         0  gd32f10x_fmc.o ABSOLUTE
    ..\Firmware_Lib\GD32F10x_standard_peripheral\Source\gd32f10x_fwdgt.c 0x00000000   Number         0  gd32f10x_fwdgt.o ABSOLUTE
    ..\Firmware_Lib\GD32F10x_standard_peripheral\Source\gd32f10x_gpio.c 0x00000000   Number         0  gd32f10x_gpio.o ABSOLUTE
    ..\Firmware_Lib\GD32F10x_standard_peripheral\Source\gd32f10x_i2c.c 0x00000000   Number         0  gd32f10x_i2c.o ABSOLUTE
    ..\Firmware_Lib\GD32F10x_standard_peripheral\Source\gd32f10x_misc.c 0x00000000   Number         0  gd32f10x_misc.o ABSOLUTE
    ..\Firmware_Lib\GD32F10x_standard_peripheral\Source\gd32f10x_pmu.c 0x00000000   Number         0  gd32f10x_pmu.o ABSOLUTE
    ..\Firmware_Lib\GD32F10x_standard_peripheral\Source\gd32f10x_rcu.c 0x00000000   Number         0  gd32f10x_rcu.o ABSOLUTE
    ..\Firmware_Lib\GD32F10x_standard_peripheral\Source\gd32f10x_rtc.c 0x00000000   Number         0  gd32f10x_rtc.o ABSOLUTE
    ..\Firmware_Lib\GD32F10x_standard_peripheral\Source\gd32f10x_sdio.c 0x00000000   Number         0  gd32f10x_sdio.o ABSOLUTE
    ..\Firmware_Lib\GD32F10x_standard_peripheral\Source\gd32f10x_spi.c 0x00000000   Number         0  gd32f10x_spi.o ABSOLUTE
    ..\Firmware_Lib\GD32F10x_standard_peripheral\Source\gd32f10x_timer.c 0x00000000   Number         0  gd32f10x_timer.o ABSOLUTE
    ..\Firmware_Lib\GD32F10x_standard_peripheral\Source\gd32f10x_usart.c 0x00000000   Number         0  gd32f10x_usart.o ABSOLUTE
    ..\Firmware_Lib\GD32F10x_standard_peripheral\Source\gd32f10x_wwdgt.c 0x00000000   Number         0  gd32f10x_wwdgt.o ABSOLUTE
    ..\IIC\iic.c                             0x00000000   Number         0  iic.o ABSOLUTE
    ..\Key\key.c                             0x00000000   Number         0  key.o ABSOLUTE
    ..\Led\led.c                             0x00000000   Number         0  led.o ABSOLUTE
    ..\Oled\oled.c                           0x00000000   Number         0  oled.o ABSOLUTE
    ..\Uart\uart.c                           0x00000000   Number         0  uart.o ABSOLUTE
    ..\Utilities\gd32f10x_eval.c             0x00000000   Number         0  gd32f10x_eval.o ABSOLUTE
    ..\\App_Main\\gd32f10x_it.c              0x00000000   Number         0  gd32f10x_it.o ABSOLUTE
    ..\\App_Main\\main.c                     0x00000000   Number         0  main.o ABSOLUTE
    ..\\Delay\\delay.c                       0x00000000   Number         0  delay.o ABSOLUTE
    ..\\Firmware_Lib\\CMSIS\\GD\\GD32F10x\\Source\\system_gd32f10x.c 0x00000000   Number         0  system_gd32f10x.o ABSOLUTE
    ..\\Firmware_Lib\\GD32F10x_standard_peripheral\\Source\\gd32f10x_adc.c 0x00000000   Number         0  gd32f10x_adc.o ABSOLUTE
    ..\\Firmware_Lib\\GD32F10x_standard_peripheral\\Source\\gd32f10x_bkp.c 0x00000000   Number         0  gd32f10x_bkp.o ABSOLUTE
    ..\\Firmware_Lib\\GD32F10x_standard_peripheral\\Source\\gd32f10x_can.c 0x00000000   Number         0  gd32f10x_can.o ABSOLUTE
    ..\\Firmware_Lib\\GD32F10x_standard_peripheral\\Source\\gd32f10x_crc.c 0x00000000   Number         0  gd32f10x_crc.o ABSOLUTE
    ..\\Firmware_Lib\\GD32F10x_standard_peripheral\\Source\\gd32f10x_dac.c 0x00000000   Number         0  gd32f10x_dac.o ABSOLUTE
    ..\\Firmware_Lib\\GD32F10x_standard_peripheral\\Source\\gd32f10x_dbg.c 0x00000000   Number         0  gd32f10x_dbg.o ABSOLUTE
    ..\\Firmware_Lib\\GD32F10x_standard_peripheral\\Source\\gd32f10x_dma.c 0x00000000   Number         0  gd32f10x_dma.o ABSOLUTE
    ..\\Firmware_Lib\\GD32F10x_standard_peripheral\\Source\\gd32f10x_enet.c 0x00000000   Number         0  gd32f10x_enet.o ABSOLUTE
    ..\\Firmware_Lib\\GD32F10x_standard_peripheral\\Source\\gd32f10x_exmc.c 0x00000000   Number         0  gd32f10x_exmc.o ABSOLUTE
    ..\\Firmware_Lib\\GD32F10x_standard_peripheral\\Source\\gd32f10x_exti.c 0x00000000   Number         0  gd32f10x_exti.o ABSOLUTE
    ..\\Firmware_Lib\\GD32F10x_standard_peripheral\\Source\\gd32f10x_fmc.c 0x00000000   Number         0  gd32f10x_fmc.o ABSOLUTE
    ..\\Firmware_Lib\\GD32F10x_standard_peripheral\\Source\\gd32f10x_fwdgt.c 0x00000000   Number         0  gd32f10x_fwdgt.o ABSOLUTE
    ..\\Firmware_Lib\\GD32F10x_standard_peripheral\\Source\\gd32f10x_gpio.c 0x00000000   Number         0  gd32f10x_gpio.o ABSOLUTE
    ..\\Firmware_Lib\\GD32F10x_standard_peripheral\\Source\\gd32f10x_i2c.c 0x00000000   Number         0  gd32f10x_i2c.o ABSOLUTE
    ..\\Firmware_Lib\\GD32F10x_standard_peripheral\\Source\\gd32f10x_misc.c 0x00000000   Number         0  gd32f10x_misc.o ABSOLUTE
    ..\\Firmware_Lib\\GD32F10x_standard_peripheral\\Source\\gd32f10x_pmu.c 0x00000000   Number         0  gd32f10x_pmu.o ABSOLUTE
    ..\\Firmware_Lib\\GD32F10x_standard_peripheral\\Source\\gd32f10x_rcu.c 0x00000000   Number         0  gd32f10x_rcu.o ABSOLUTE
    ..\\Firmware_Lib\\GD32F10x_standard_peripheral\\Source\\gd32f10x_rtc.c 0x00000000   Number         0  gd32f10x_rtc.o ABSOLUTE
    ..\\Firmware_Lib\\GD32F10x_standard_peripheral\\Source\\gd32f10x_sdio.c 0x00000000   Number         0  gd32f10x_sdio.o ABSOLUTE
    ..\\Firmware_Lib\\GD32F10x_standard_peripheral\\Source\\gd32f10x_spi.c 0x00000000   Number         0  gd32f10x_spi.o ABSOLUTE
    ..\\Firmware_Lib\\GD32F10x_standard_peripheral\\Source\\gd32f10x_timer.c 0x00000000   Number         0  gd32f10x_timer.o ABSOLUTE
    ..\\Firmware_Lib\\GD32F10x_standard_peripheral\\Source\\gd32f10x_usart.c 0x00000000   Number         0  gd32f10x_usart.o ABSOLUTE
    ..\\Firmware_Lib\\GD32F10x_standard_peripheral\\Source\\gd32f10x_wwdgt.c 0x00000000   Number         0  gd32f10x_wwdgt.o ABSOLUTE
    ..\\IIC\\iic.c                           0x00000000   Number         0  iic.o ABSOLUTE
    ..\\Key\\key.c                           0x00000000   Number         0  key.o ABSOLUTE
    ..\\Led\\led.c                           0x00000000   Number         0  led.o ABSOLUTE
    ..\\Oled\\oled.c                         0x00000000   Number         0  oled.o ABSOLUTE
    ..\\Uart\\uart.c                         0x00000000   Number         0  uart.o ABSOLUTE
    ..\\Utilities\\gd32f10x_eval.c           0x00000000   Number         0  gd32f10x_eval.o ABSOLUTE
    cdrcmple.s                               0x00000000   Number         0  cdrcmple.o ABSOLUTE
    dc.s                                     0x00000000   Number         0  dc.o ABSOLUTE
    handlers.s                               0x00000000   Number         0  handlers.o ABSOLUTE
    init.s                                   0x00000000   Number         0  init.o ABSOLUTE
    RESET                                    0x08000000   Section      304  startup_gd32f10x_hd.o(RESET)
    .ARM.Collect$$$$00000000                 0x08000130   Section        0  entry.o(.ARM.Collect$$$$00000000)
    .ARM.Collect$$$$00000001                 0x08000130   Section        4  entry2.o(.ARM.Collect$$$$00000001)
    .ARM.Collect$$$$00000004                 0x08000134   Section        4  entry5.o(.ARM.Collect$$$$00000004)
    .ARM.Collect$$$$00000008                 0x08000138   Section        0  entry7b.o(.ARM.Collect$$$$00000008)
    .ARM.Collect$$$$0000000A                 0x08000138   Section        0  entry8b.o(.ARM.Collect$$$$0000000A)
    .ARM.Collect$$$$0000000B                 0x08000138   Section        8  entry9a.o(.ARM.Collect$$$$0000000B)
    .ARM.Collect$$$$0000000E                 0x08000140   Section        4  entry12b.o(.ARM.Collect$$$$0000000E)
    .ARM.Collect$$$$0000000F                 0x08000144   Section        0  entry10a.o(.ARM.Collect$$$$0000000F)
    .ARM.Collect$$$$00000011                 0x08000144   Section        0  entry11a.o(.ARM.Collect$$$$00000011)
    .ARM.Collect$$$$00002712                 0x08000144   Section        4  entry2.o(.ARM.Collect$$$$00002712)
    __lit__00000000                          0x08000144   Data           4  entry2.o(.ARM.Collect$$$$00002712)
    .text                                    0x08000148   Section       36  startup_gd32f10x_hd.o(.text)
    .text                                    0x0800016c   Section        0  memcpya.o(.text)
    .text                                    0x08000190   Section        0  strlen.o(.text)
    .text                                    0x0800019e   Section        0  fmul.o(.text)
    .text                                    0x08000202   Section        0  fdiv.o(.text)
    .text                                    0x0800027e   Section        0  ffltui.o(.text)
    .text                                    0x08000288   Section        0  ffixui.o(.text)
    .text                                    0x080002b0   Section        0  uldiv.o(.text)
    .text                                    0x08000312   Section        0  iusefp.o(.text)
    .text                                    0x08000312   Section        0  fepilogue.o(.text)
    .text                                    0x08000380   Section       36  init.o(.text)
    .text                                    0x080003a4   Section        0  llshl.o(.text)
    .text                                    0x080003c2   Section        0  llushr.o(.text)
    .text                                    0x080003e2   Section        0  __dczerorl2.o(.text)
    i.BusFault_Handler                       0x08000438   Section        0  gd32f10x_it.o(i.BusFault_Handler)
    i.DebugMon_Handler                       0x0800043c   Section        0  gd32f10x_it.o(i.DebugMon_Handler)
    i.FunctionTest                           0x08000440   Section        0  main.o(i.FunctionTest)
    i.GetCharSizeSetInfo_Hight               0x08000494   Section        0  oled.o(i.GetCharSizeSetInfo_Hight)
    i.GetCharSizeSetInfo_SizeNumber          0x080004a0   Section        0  oled.o(i.GetCharSizeSetInfo_SizeNumber)
    i.GetCharSizeSetInfo_Width               0x080004ac   Section        0  oled.o(i.GetCharSizeSetInfo_Width)
    i.HardFault_Handler                      0x080004b8   Section        0  gd32f10x_it.o(i.HardFault_Handler)
    i.I2C_Start                              0x080004bc   Section        0  oled.o(i.I2C_Start)
    i.I2C_Stop                               0x080004c4   Section        0  oled.o(i.I2C_Stop)
    i.I2C_WaitAck                            0x080004cc   Section        0  oled.o(i.I2C_WaitAck)
    i.MemManage_Handler                      0x080004d4   Section        0  gd32f10x_it.o(i.MemManage_Handler)
    i.NMI_Handler                            0x080004d8   Section        0  gd32f10x_it.o(i.NMI_Handler)
    i.OLED_Clear                             0x080004dc   Section        0  oled.o(i.OLED_Clear)
    i.OLED_ClearPoint                        0x0800050c   Section        0  oled.o(i.OLED_ClearPoint)
    i.OLED_DrawPoint                         0x0800056c   Section        0  oled.o(i.OLED_DrawPoint)
    i.OLED_Init                              0x080005a8   Section        0  oled.o(i.OLED_Init)
    i.OLED_Refresh                           0x080006c8   Section        0  oled.o(i.OLED_Refresh)
    i.OLED_ShowChar                          0x08000714   Section        0  oled.o(i.OLED_ShowChar)
    i.OLED_ShowString                        0x08000810   Section        0  oled.o(i.OLED_ShowString)
    i.OLED_ShowString_612                    0x08000854   Section        0  oled.o(i.OLED_ShowString_612)
    i.OLED_WR_Byte                           0x08000884   Section        0  oled.o(i.OLED_WR_Byte)
    i.PendSV_Handler                         0x080008bc   Section        0  gd32f10x_it.o(i.PendSV_Handler)
    i.ReflashCursorInfo                      0x080008c0   Section        0  oled.o(i.ReflashCursorInfo)
    i.SVC_Handler                            0x08000918   Section        0  gd32f10x_it.o(i.SVC_Handler)
    i.Send_Byte                              0x0800091a   Section        0  oled.o(i.Send_Byte)
    i.SysTick_Handler                        0x08000926   Section        0  gd32f10x_it.o(i.SysTick_Handler)
    i.SystemInit                             0x08000930   Section        0  system_gd32f10x.o(i.SystemInit)
    i.UsageFault_Handler                     0x08000a04   Section        0  gd32f10x_it.o(i.UsageFault_Handler)
    i.__0printf$5                            0x08000a08   Section        0  printf5.o(i.__0printf$5)
    i.__scatterload_copy                     0x08000a28   Section       14  handlers.o(i.__scatterload_copy)
    i.__scatterload_null                     0x08000a36   Section        2  handlers.o(i.__scatterload_null)
    i.__scatterload_zeroinit                 0x08000a38   Section       14  handlers.o(i.__scatterload_zeroinit)
    i._printf_core                           0x08000a48   Section        0  printf5.o(i._printf_core)
    _printf_core                             0x08000a49   Thumb Code   660  printf5.o(i._printf_core)
    i.delay_init                             0x08000d08   Section        0  delay.o(i.delay_init)
    i.delay_ms                               0x08000d10   Section        0  delay.o(i.delay_ms)
    i.delay_us                               0x08000d70   Section        0  delay.o(i.delay_us)
    i.fputc                                  0x08000dd0   Section        0  uart.o(i.fputc)
    i.gpio_bit_reset                         0x08000df4   Section        0  gd32f10x_gpio.o(i.gpio_bit_reset)
    i.gpio_bit_set                           0x08000df8   Section        0  gd32f10x_gpio.o(i.gpio_bit_set)
    i.gpio_init                              0x08000dfc   Section        0  gd32f10x_gpio.o(i.gpio_init)
    i.gpio_input_bit_get                     0x08000ea8   Section        0  gd32f10x_gpio.o(i.gpio_input_bit_get)
    i.iic_delay_us                           0x08000eb8   Section        0  iic.o(i.iic_delay_us)
    iic_delay_us                             0x08000eb9   Thumb Code    12  iic.o(i.iic_delay_us)
    i.iic_init                               0x08000ec4   Section        0  iic.o(i.iic_init)
    i.iic_read_sda                           0x08000ef0   Section        0  iic.o(i.iic_read_sda)
    iic_read_sda                             0x08000ef1   Thumb Code    22  iic.o(i.iic_read_sda)
    i.iic_scl_h                              0x08000f0c   Section        0  iic.o(i.iic_scl_h)
    iic_scl_h                                0x08000f0d   Thumb Code    14  iic.o(i.iic_scl_h)
    i.iic_scl_l                              0x08000f20   Section        0  iic.o(i.iic_scl_l)
    iic_scl_l                                0x08000f21   Thumb Code    14  iic.o(i.iic_scl_l)
    i.iic_start                              0x08000f34   Section        0  iic.o(i.iic_start)
    i.iic_stop                               0x08000f5e   Section        0  iic.o(i.iic_stop)
    i.iic_wait_ack                           0x08000f88   Section        0  iic.o(i.iic_wait_ack)
    i.iic_write_byte                         0x08000fe8   Section        0  iic.o(i.iic_write_byte)
    i.iic_write_sda                          0x0800101c   Section        0  iic.o(i.iic_write_sda)
    iic_write_sda                            0x0800101d   Thumb Code    30  iic.o(i.iic_write_sda)
    i.main                                   0x08001040   Section        0  main.o(i.main)
    i.nvic_vector_table_set                  0x080010c0   Section        0  gd32f10x_misc.o(i.nvic_vector_table_set)
    i.pc_com_init                            0x080010d8   Section        0  uart.o(i.pc_com_init)
    i.rcu_clock_freq_get                     0x08001160   Section        0  gd32f10x_rcu.o(i.rcu_clock_freq_get)
    i.rcu_periph_clock_enable                0x08001284   Section        0  gd32f10x_rcu.o(i.rcu_periph_clock_enable)
    i.rcu_periph_reset_disable               0x080012a4   Section        0  gd32f10x_rcu.o(i.rcu_periph_reset_disable)
    i.rcu_periph_reset_enable                0x080012c4   Section        0  gd32f10x_rcu.o(i.rcu_periph_reset_enable)
    i.set_sys_tcik                           0x080012e4   Section        0  gd32f10x_it.o(i.set_sys_tcik)
    i.system_clock_108m_hxtal                0x080013d4   Section        0  system_gd32f10x.o(i.system_clock_108m_hxtal)
    system_clock_108m_hxtal                  0x080013d5   Thumb Code   182  system_gd32f10x.o(i.system_clock_108m_hxtal)
    i.system_clock_config                    0x08001498   Section        0  system_gd32f10x.o(i.system_clock_config)
    system_clock_config                      0x08001499   Thumb Code     8  system_gd32f10x.o(i.system_clock_config)
    i.systick_clksource_set                  0x080014a0   Section        0  gd32f10x_misc.o(i.systick_clksource_set)
    i.systick_config                         0x080014c8   Section        0  delay.o(i.systick_config)
    i.usart_baudrate_set                     0x0800150c   Section        0  gd32f10x_usart.o(i.usart_baudrate_set)
    i.usart_data_transmit                    0x0800159c   Section        0  gd32f10x_usart.o(i.usart_data_transmit)
    i.usart_deinit                           0x080015a4   Section        0  gd32f10x_usart.o(i.usart_deinit)
    i.usart_enable                           0x08001634   Section        0  gd32f10x_usart.o(i.usart_enable)
    i.usart_flag_get                         0x0800163e   Section        0  gd32f10x_usart.o(i.usart_flag_get)
    i.usart_hardware_flow_cts_config         0x0800165c   Section        0  gd32f10x_usart.o(i.usart_hardware_flow_cts_config)
    i.usart_hardware_flow_rts_config         0x0800166c   Section        0  gd32f10x_usart.o(i.usart_hardware_flow_rts_config)
    i.usart_parity_config                    0x0800167c   Section        0  gd32f10x_usart.o(i.usart_parity_config)
    i.usart_receive_config                   0x0800168c   Section        0  gd32f10x_usart.o(i.usart_receive_config)
    i.usart_stop_bit_set                     0x0800169c   Section        0  gd32f10x_usart.o(i.usart_stop_bit_set)
    i.usart_transmit_config                  0x080016ac   Section        0  gd32f10x_usart.o(i.usart_transmit_config)
    i.usart_word_length_set                  0x080016bc   Section        0  gd32f10x_usart.o(i.usart_word_length_set)
    .constdata                               0x080016cc   Section       20  main.o(.constdata)
    .constdata                               0x080016e0   Section     8152  oled.o(.constdata)
    .constdata                               0x080036b8   Section       13  iic.o(.constdata)
    __FUNCTION__                             0x080036b8   Data          13  iic.o(.constdata)
    .data                                    0x20000000   Section       16  gd32f10x_it.o(.data)
    sys_tick_ms                              0x20000000   Data           4  gd32f10x_it.o(.data)
    sys_tick_s                               0x20000004   Data           4  gd32f10x_it.o(.data)
    sys_tick_m                               0x20000008   Data           4  gd32f10x_it.o(.data)
    sys_tick_h                               0x2000000c   Data           4  gd32f10x_it.o(.data)
    .data                                    0x20000010   Section        4  system_gd32f10x.o(.data)
    .data                                    0x20000014   Section     8130  oled.o(.data)
    .data                                    0x20001fd8   Section        8  delay.o(.data)
    count_1us                                0x20001fd8   Data           4  delay.o(.data)
    count_1ms                                0x20001fdc   Data           4  delay.o(.data)
    .data                                    0x20001fe0   Section        4  stdout.o(.data)
    .bss                                     0x20001fe4   Section     1152  oled.o(.bss)
    STACK                                    0x20002468   Section     1024  startup_gd32f10x_hd.o(STACK)

    Global Symbols

    Symbol Name                              Value     Ov Type        Size  Object(Section)

    BuildAttributes$$THM_ISAv4$P$D$K$B$S$PE$A:L22UL41UL21$X:L11$S22US41US21$IEEE1$IW$USESV6$~STKCKD$USESV7$~SHL$OTIME$ROPI$EBA8$MICROLIB$REQ8$PRES8$EABIv2 0x00000000   Number         0  anon$$obj.o ABSOLUTE
    __ARM_use_no_argv                        0x00000000   Number         0  main.o ABSOLUTE
    _printf_a                                0x00000000   Number         0  stubs.o ABSOLUTE
    _printf_c                                0x00000000   Number         0  stubs.o ABSOLUTE
    _printf_charcount                        0x00000000   Number         0  stubs.o ABSOLUTE
    _printf_d                                0x00000000   Number         0  stubs.o ABSOLUTE
    _printf_e                                0x00000000   Number         0  stubs.o ABSOLUTE
    _printf_f                                0x00000000   Number         0  stubs.o ABSOLUTE
    _printf_flags                            0x00000000   Number         0  stubs.o ABSOLUTE
    _printf_fp_dec                           0x00000000   Number         0  stubs.o ABSOLUTE
    _printf_fp_hex                           0x00000000   Number         0  stubs.o ABSOLUTE
    _printf_g                                0x00000000   Number         0  stubs.o ABSOLUTE
    _printf_i                                0x00000000   Number         0  stubs.o ABSOLUTE
    _printf_int_dec                          0x00000000   Number         0  stubs.o ABSOLUTE
    _printf_l                                0x00000000   Number         0  stubs.o ABSOLUTE
    _printf_lc                               0x00000000   Number         0  stubs.o ABSOLUTE
    _printf_ll                               0x00000000   Number         0  stubs.o ABSOLUTE
    _printf_lld                              0x00000000   Number         0  stubs.o ABSOLUTE
    _printf_lli                              0x00000000   Number         0  stubs.o ABSOLUTE
    _printf_llo                              0x00000000   Number         0  stubs.o ABSOLUTE
    _printf_llu                              0x00000000   Number         0  stubs.o ABSOLUTE
    _printf_llx                              0x00000000   Number         0  stubs.o ABSOLUTE
    _printf_longlong_dec                     0x00000000   Number         0  stubs.o ABSOLUTE
    _printf_longlong_hex                     0x00000000   Number         0  stubs.o ABSOLUTE
    _printf_longlong_oct                     0x00000000   Number         0  stubs.o ABSOLUTE
    _printf_ls                               0x00000000   Number         0  stubs.o ABSOLUTE
    _printf_mbtowc                           0x00000000   Number         0  stubs.o ABSOLUTE
    _printf_n                                0x00000000   Number         0  stubs.o ABSOLUTE
    _printf_o                                0x00000000   Number         0  stubs.o ABSOLUTE
    _printf_p                                0x00000000   Number         0  stubs.o ABSOLUTE
    _printf_percent                          0x00000000   Number         0  stubs.o ABSOLUTE
    _printf_pre_padding                      0x00000000   Number         0  stubs.o ABSOLUTE
    _printf_return_value                     0x00000000   Number         0  stubs.o ABSOLUTE
    _printf_s                                0x00000000   Number         0  stubs.o ABSOLUTE
    _printf_sizespec                         0x00000000   Number         0  stubs.o ABSOLUTE
    _printf_str                              0x00000000   Number         0  stubs.o ABSOLUTE
    _printf_truncate_signed                  0x00000000   Number         0  stubs.o ABSOLUTE
    _printf_truncate_unsigned                0x00000000   Number         0  stubs.o ABSOLUTE
    _printf_u                                0x00000000   Number         0  stubs.o ABSOLUTE
    _printf_wc                               0x00000000   Number         0  stubs.o ABSOLUTE
    _printf_wctomb                           0x00000000   Number         0  stubs.o ABSOLUTE
    _printf_widthprec                        0x00000000   Number         0  stubs.o ABSOLUTE
    _printf_x                                0x00000000   Number         0  stubs.o ABSOLUTE
    __arm_fini_                               - Undefined Weak Reference
    __cpp_initialize__aeabi_                  - Undefined Weak Reference
    __cxa_finalize                            - Undefined Weak Reference
    _clock_init                               - Undefined Weak Reference
    _microlib_exit                            - Undefined Weak Reference
    __Vectors_Size                           0x00000130   Number         0  startup_gd32f10x_hd.o ABSOLUTE
    __Vectors                                0x08000000   Data           4  startup_gd32f10x_hd.o(RESET)
    __Vectors_End                            0x08000130   Data           0  startup_gd32f10x_hd.o(RESET)
    __main                                   0x08000131   Thumb Code     0  entry.o(.ARM.Collect$$$$00000000)
    _main_stk                                0x08000131   Thumb Code     0  entry2.o(.ARM.Collect$$$$00000001)
    _main_scatterload                        0x08000135   Thumb Code     0  entry5.o(.ARM.Collect$$$$00000004)
    __main_after_scatterload                 0x08000139   Thumb Code     0  entry5.o(.ARM.Collect$$$$00000004)
    _main_clock                              0x08000139   Thumb Code     0  entry7b.o(.ARM.Collect$$$$00000008)
    _main_cpp_init                           0x08000139   Thumb Code     0  entry8b.o(.ARM.Collect$$$$0000000A)
    _main_init                               0x08000139   Thumb Code     0  entry9a.o(.ARM.Collect$$$$0000000B)
    __rt_lib_shutdown_fini                   0x08000141   Thumb Code     0  entry12b.o(.ARM.Collect$$$$0000000E)
    __rt_final_cpp                           0x08000145   Thumb Code     0  entry10a.o(.ARM.Collect$$$$0000000F)
    __rt_final_exit                          0x08000145   Thumb Code     0  entry11a.o(.ARM.Collect$$$$00000011)
    Reset_Handler                            0x08000149   Thumb Code     8  startup_gd32f10x_hd.o(.text)
    ADC0_1_IRQHandler                        0x08000163   Thumb Code     0  startup_gd32f10x_hd.o(.text)
    ADC2_IRQHandler                          0x08000163   Thumb Code     0  startup_gd32f10x_hd.o(.text)
    CAN0_EWMC_IRQHandler                     0x08000163   Thumb Code     0  startup_gd32f10x_hd.o(.text)
    CAN0_RX1_IRQHandler                      0x08000163   Thumb Code     0  startup_gd32f10x_hd.o(.text)
    DMA0_Channel0_IRQHandler                 0x08000163   Thumb Code     0  startup_gd32f10x_hd.o(.text)
    DMA0_Channel1_IRQHandler                 0x08000163   Thumb Code     0  startup_gd32f10x_hd.o(.text)
    DMA0_Channel2_IRQHandler                 0x08000163   Thumb Code     0  startup_gd32f10x_hd.o(.text)
    DMA0_Channel3_IRQHandler                 0x08000163   Thumb Code     0  startup_gd32f10x_hd.o(.text)
    DMA0_Channel4_IRQHandler                 0x08000163   Thumb Code     0  startup_gd32f10x_hd.o(.text)
    DMA0_Channel5_IRQHandler                 0x08000163   Thumb Code     0  startup_gd32f10x_hd.o(.text)
    DMA0_Channel6_IRQHandler                 0x08000163   Thumb Code     0  startup_gd32f10x_hd.o(.text)
    DMA1_Channel0_IRQHandler                 0x08000163   Thumb Code     0  startup_gd32f10x_hd.o(.text)
    DMA1_Channel1_IRQHandler                 0x08000163   Thumb Code     0  startup_gd32f10x_hd.o(.text)
    DMA1_Channel2_IRQHandler                 0x08000163   Thumb Code     0  startup_gd32f10x_hd.o(.text)
    DMA1_Channel3_4_IRQHandler               0x08000163   Thumb Code     0  startup_gd32f10x_hd.o(.text)
    EXMC_IRQHandler                          0x08000163   Thumb Code     0  startup_gd32f10x_hd.o(.text)
    EXTI0_IRQHandler                         0x08000163   Thumb Code     0  startup_gd32f10x_hd.o(.text)
    EXTI10_15_IRQHandler                     0x08000163   Thumb Code     0  startup_gd32f10x_hd.o(.text)
    EXTI1_IRQHandler                         0x08000163   Thumb Code     0  startup_gd32f10x_hd.o(.text)
    EXTI2_IRQHandler                         0x08000163   Thumb Code     0  startup_gd32f10x_hd.o(.text)
    EXTI3_IRQHandler                         0x08000163   Thumb Code     0  startup_gd32f10x_hd.o(.text)
    EXTI4_IRQHandler                         0x08000163   Thumb Code     0  startup_gd32f10x_hd.o(.text)
    EXTI5_9_IRQHandler                       0x08000163   Thumb Code     0  startup_gd32f10x_hd.o(.text)
    FMC_IRQHandler                           0x08000163   Thumb Code     0  startup_gd32f10x_hd.o(.text)
    I2C0_ER_IRQHandler                       0x08000163   Thumb Code     0  startup_gd32f10x_hd.o(.text)
    I2C0_EV_IRQHandler                       0x08000163   Thumb Code     0  startup_gd32f10x_hd.o(.text)
    I2C1_ER_IRQHandler                       0x08000163   Thumb Code     0  startup_gd32f10x_hd.o(.text)
    I2C1_EV_IRQHandler                       0x08000163   Thumb Code     0  startup_gd32f10x_hd.o(.text)
    LVD_IRQHandler                           0x08000163   Thumb Code     0  startup_gd32f10x_hd.o(.text)
    RCU_IRQHandler                           0x08000163   Thumb Code     0  startup_gd32f10x_hd.o(.text)
    RTC_Alarm_IRQHandler                     0x08000163   Thumb Code     0  startup_gd32f10x_hd.o(.text)
    RTC_IRQHandler                           0x08000163   Thumb Code     0  startup_gd32f10x_hd.o(.text)
    SDIO_IRQHandler                          0x08000163   Thumb Code     0  startup_gd32f10x_hd.o(.text)
    SPI0_IRQHandler                          0x08000163   Thumb Code     0  startup_gd32f10x_hd.o(.text)
    SPI1_IRQHandler                          0x08000163   Thumb Code     0  startup_gd32f10x_hd.o(.text)
    SPI2_IRQHandler                          0x08000163   Thumb Code     0  startup_gd32f10x_hd.o(.text)
    TAMPER_IRQHandler                        0x08000163   Thumb Code     0  startup_gd32f10x_hd.o(.text)
    TIMER0_BRK_IRQHandler                    0x08000163   Thumb Code     0  startup_gd32f10x_hd.o(.text)
    TIMER0_Channel_IRQHandler                0x08000163   Thumb Code     0  startup_gd32f10x_hd.o(.text)
    TIMER0_TRG_CMT_IRQHandler                0x08000163   Thumb Code     0  startup_gd32f10x_hd.o(.text)
    TIMER0_UP_IRQHandler                     0x08000163   Thumb Code     0  startup_gd32f10x_hd.o(.text)
    TIMER1_IRQHandler                        0x08000163   Thumb Code     0  startup_gd32f10x_hd.o(.text)
    TIMER2_IRQHandler                        0x08000163   Thumb Code     0  startup_gd32f10x_hd.o(.text)
    TIMER3_IRQHandler                        0x08000163   Thumb Code     0  startup_gd32f10x_hd.o(.text)
    TIMER4_IRQHandler                        0x08000163   Thumb Code     0  startup_gd32f10x_hd.o(.text)
    TIMER5_IRQHandler                        0x08000163   Thumb Code     0  startup_gd32f10x_hd.o(.text)
    TIMER6_IRQHandler                        0x08000163   Thumb Code     0  startup_gd32f10x_hd.o(.text)
    TIMER7_BRK_IRQHandler                    0x08000163   Thumb Code     0  startup_gd32f10x_hd.o(.text)
    TIMER7_Channel_IRQHandler                0x08000163   Thumb Code     0  startup_gd32f10x_hd.o(.text)
    TIMER7_TRG_CMT_IRQHandler                0x08000163   Thumb Code     0  startup_gd32f10x_hd.o(.text)
    TIMER7_UP_IRQHandler                     0x08000163   Thumb Code     0  startup_gd32f10x_hd.o(.text)
    UART3_IRQHandler                         0x08000163   Thumb Code     0  startup_gd32f10x_hd.o(.text)
    UART4_IRQHandler                         0x08000163   Thumb Code     0  startup_gd32f10x_hd.o(.text)
    USART0_IRQHandler                        0x08000163   Thumb Code     0  startup_gd32f10x_hd.o(.text)
    USART1_IRQHandler                        0x08000163   Thumb Code     0  startup_gd32f10x_hd.o(.text)
    USART2_IRQHandler                        0x08000163   Thumb Code     0  startup_gd32f10x_hd.o(.text)
    USBD_HP_CAN0_TX_IRQHandler               0x08000163   Thumb Code     0  startup_gd32f10x_hd.o(.text)
    USBD_LP_CAN0_RX0_IRQHandler              0x08000163   Thumb Code     0  startup_gd32f10x_hd.o(.text)
    USBD_WKUP_IRQHandler                     0x08000163   Thumb Code     0  startup_gd32f10x_hd.o(.text)
    WWDGT_IRQHandler                         0x08000163   Thumb Code     0  startup_gd32f10x_hd.o(.text)
    __aeabi_memcpy                           0x0800016d   Thumb Code    36  memcpya.o(.text)
    __aeabi_memcpy4                          0x0800016d   Thumb Code     0  memcpya.o(.text)
    __aeabi_memcpy8                          0x0800016d   Thumb Code     0  memcpya.o(.text)
    strlen                                   0x08000191   Thumb Code    14  strlen.o(.text)
    __aeabi_fmul                             0x0800019f   Thumb Code   100  fmul.o(.text)
    __aeabi_fdiv                             0x08000203   Thumb Code   124  fdiv.o(.text)
    __aeabi_ui2f                             0x0800027f   Thumb Code    10  ffltui.o(.text)
    __aeabi_f2uiz                            0x08000289   Thumb Code    40  ffixui.o(.text)
    __aeabi_uldivmod                         0x080002b1   Thumb Code    98  uldiv.o(.text)
    __I$use$fp                               0x08000313   Thumb Code     0  iusefp.o(.text)
    _float_round                             0x08000313   Thumb Code    18  fepilogue.o(.text)
    _float_epilogue                          0x08000325   Thumb Code    92  fepilogue.o(.text)
    __scatterload                            0x08000381   Thumb Code    28  init.o(.text)
    __scatterload_rt2                        0x08000381   Thumb Code     0  init.o(.text)
    __aeabi_llsl                             0x080003a5   Thumb Code    30  llshl.o(.text)
    _ll_shift_l                              0x080003a5   Thumb Code     0  llshl.o(.text)
    __aeabi_llsr                             0x080003c3   Thumb Code    32  llushr.o(.text)
    _ll_ushift_r                             0x080003c3   Thumb Code     0  llushr.o(.text)
    __decompress                             0x080003e3   Thumb Code     0  __dczerorl2.o(.text)
    __decompress1                            0x080003e3   Thumb Code    86  __dczerorl2.o(.text)
    BusFault_Handler                         0x08000439   Thumb Code     4  gd32f10x_it.o(i.BusFault_Handler)
    DebugMon_Handler                         0x0800043d   Thumb Code     2  gd32f10x_it.o(i.DebugMon_Handler)
    FunctionTest                             0x08000441   Thumb Code    52  main.o(i.FunctionTest)
    GetCharSizeSetInfo_Hight                 0x08000495   Thumb Code     6  oled.o(i.GetCharSizeSetInfo_Hight)
    GetCharSizeSetInfo_SizeNumber            0x080004a1   Thumb Code     6  oled.o(i.GetCharSizeSetInfo_SizeNumber)
    GetCharSizeSetInfo_Width                 0x080004ad   Thumb Code     6  oled.o(i.GetCharSizeSetInfo_Width)
    HardFault_Handler                        0x080004b9   Thumb Code     4  gd32f10x_it.o(i.HardFault_Handler)
    I2C_Start                                0x080004bd   Thumb Code     8  oled.o(i.I2C_Start)
    I2C_Stop                                 0x080004c5   Thumb Code     8  oled.o(i.I2C_Stop)
    I2C_WaitAck                              0x080004cd   Thumb Code     8  oled.o(i.I2C_WaitAck)
    MemManage_Handler                        0x080004d5   Thumb Code     4  gd32f10x_it.o(i.MemManage_Handler)
    NMI_Handler                              0x080004d9   Thumb Code     2  gd32f10x_it.o(i.NMI_Handler)
    OLED_Clear                               0x080004dd   Thumb Code    42  oled.o(i.OLED_Clear)
    OLED_ClearPoint                          0x0800050d   Thumb Code    90  oled.o(i.OLED_ClearPoint)
    OLED_DrawPoint                           0x0800056d   Thumb Code    54  oled.o(i.OLED_DrawPoint)
    OLED_Init                                0x080005a9   Thumb Code   284  oled.o(i.OLED_Init)
    OLED_Refresh                             0x080006c9   Thumb Code    70  oled.o(i.OLED_Refresh)
    OLED_ShowChar                            0x08000715   Thumb Code   240  oled.o(i.OLED_ShowChar)
    OLED_ShowString                          0x08000811   Thumb Code    66  oled.o(i.OLED_ShowString)
    OLED_ShowString_612                      0x08000855   Thumb Code    42  oled.o(i.OLED_ShowString_612)
    OLED_WR_Byte                             0x08000885   Thumb Code    56  oled.o(i.OLED_WR_Byte)
    PendSV_Handler                           0x080008bd   Thumb Code     2  gd32f10x_it.o(i.PendSV_Handler)
    ReflashCursorInfo                        0x080008c1   Thumb Code    84  oled.o(i.ReflashCursorInfo)
    SVC_Handler                              0x08000919   Thumb Code     2  gd32f10x_it.o(i.SVC_Handler)
    Send_Byte                                0x0800091b   Thumb Code    12  oled.o(i.Send_Byte)
    SysTick_Handler                          0x08000927   Thumb Code     8  gd32f10x_it.o(i.SysTick_Handler)
    SystemInit                               0x08000931   Thumb Code   196  system_gd32f10x.o(i.SystemInit)
    UsageFault_Handler                       0x08000a05   Thumb Code     4  gd32f10x_it.o(i.UsageFault_Handler)
    __0printf$5                              0x08000a09   Thumb Code    22  printf5.o(i.__0printf$5)
    __1printf$5                              0x08000a09   Thumb Code     0  printf5.o(i.__0printf$5)
    __2printf                                0x08000a09   Thumb Code     0  printf5.o(i.__0printf$5)
    __scatterload_copy                       0x08000a29   Thumb Code    14  handlers.o(i.__scatterload_copy)
    __scatterload_null                       0x08000a37   Thumb Code     2  handlers.o(i.__scatterload_null)
    __scatterload_zeroinit                   0x08000a39   Thumb Code    14  handlers.o(i.__scatterload_zeroinit)
    delay_init                               0x08000d09   Thumb Code     8  delay.o(i.delay_init)
    delay_ms                                 0x08000d11   Thumb Code    90  delay.o(i.delay_ms)
    delay_us                                 0x08000d71   Thumb Code    90  delay.o(i.delay_us)
    fputc                                    0x08000dd1   Thumb Code    32  uart.o(i.fputc)
    gpio_bit_reset                           0x08000df5   Thumb Code     4  gd32f10x_gpio.o(i.gpio_bit_reset)
    gpio_bit_set                             0x08000df9   Thumb Code     4  gd32f10x_gpio.o(i.gpio_bit_set)
    gpio_init                                0x08000dfd   Thumb Code   172  gd32f10x_gpio.o(i.gpio_init)
    gpio_input_bit_get                       0x08000ea9   Thumb Code    16  gd32f10x_gpio.o(i.gpio_input_bit_get)
    iic_init                                 0x08000ec5   Thumb Code    40  iic.o(i.iic_init)
    iic_start                                0x08000f35   Thumb Code    42  iic.o(i.iic_start)
    iic_stop                                 0x08000f5f   Thumb Code    42  iic.o(i.iic_stop)
    iic_wait_ack                             0x08000f89   Thumb Code    68  iic.o(i.iic_wait_ack)
    iic_write_byte                           0x08000fe9   Thumb Code    52  iic.o(i.iic_write_byte)
    main                                     0x08001041   Thumb Code    32  main.o(i.main)
    nvic_vector_table_set                    0x080010c1   Thumb Code    16  gd32f10x_misc.o(i.nvic_vector_table_set)
    pc_com_init                              0x080010d9   Thumb Code   126  uart.o(i.pc_com_init)
    rcu_clock_freq_get                       0x08001161   Thumb Code   264  gd32f10x_rcu.o(i.rcu_clock_freq_get)
    rcu_periph_clock_enable                  0x08001285   Thumb Code    28  gd32f10x_rcu.o(i.rcu_periph_clock_enable)
    rcu_periph_reset_disable                 0x080012a5   Thumb Code    28  gd32f10x_rcu.o(i.rcu_periph_reset_disable)
    rcu_periph_reset_enable                  0x080012c5   Thumb Code    28  gd32f10x_rcu.o(i.rcu_periph_reset_enable)
    set_sys_tcik                             0x080012e5   Thumb Code   220  gd32f10x_it.o(i.set_sys_tcik)
    systick_clksource_set                    0x080014a1   Thumb Code    40  gd32f10x_misc.o(i.systick_clksource_set)
    systick_config                           0x080014c9   Thumb Code    46  delay.o(i.systick_config)
    usart_baudrate_set                       0x0800150d   Thumb Code   136  gd32f10x_usart.o(i.usart_baudrate_set)
    usart_data_transmit                      0x0800159d   Thumb Code     8  gd32f10x_usart.o(i.usart_data_transmit)
    usart_deinit                             0x080015a5   Thumb Code   136  gd32f10x_usart.o(i.usart_deinit)
    usart_enable                             0x08001635   Thumb Code    10  gd32f10x_usart.o(i.usart_enable)
    usart_flag_get                           0x0800163f   Thumb Code    30  gd32f10x_usart.o(i.usart_flag_get)
    usart_hardware_flow_cts_config           0x0800165d   Thumb Code    16  gd32f10x_usart.o(i.usart_hardware_flow_cts_config)
    usart_hardware_flow_rts_config           0x0800166d   Thumb Code    16  gd32f10x_usart.o(i.usart_hardware_flow_rts_config)
    usart_parity_config                      0x0800167d   Thumb Code    16  gd32f10x_usart.o(i.usart_parity_config)
    usart_receive_config                     0x0800168d   Thumb Code    16  gd32f10x_usart.o(i.usart_receive_config)
    usart_stop_bit_set                       0x0800169d   Thumb Code    16  gd32f10x_usart.o(i.usart_stop_bit_set)
    usart_transmit_config                    0x080016ad   Thumb Code    16  gd32f10x_usart.o(i.usart_transmit_config)
    usart_word_length_set                    0x080016bd   Thumb Code    16  gd32f10x_usart.o(i.usart_word_length_set)
    F6x8                                     0x080016e0   Data         552  oled.o(.constdata)
    F8X16                                    0x08001908   Data        1520  oled.o(.constdata)
    asc2_1206                                0x08001ef8   Data        1140  oled.o(.constdata)
    asc2_1608                                0x0800236c   Data        1520  oled.o(.constdata)
    asc2_2412                                0x0800295c   Data        3420  oled.o(.constdata)
    Region$$Table$$Base                      0x080036c8   Number         0  anon$$obj.o(Region$$Table)
    Region$$Table$$Limit                     0x080036e8   Number         0  anon$$obj.o(Region$$Table)
    SystemCoreClock                          0x20000010   Data           4  system_gd32f10x.o(.data)
    Hzk                                      0x20000014   Data         896  oled.o(.data)
    Hzk1                                     0x20000394   Data         352  oled.o(.data)
    Hzk2                                     0x200004f4   Data         216  oled.o(.data)
    Hzk3                                     0x200005cc   Data         512  oled.o(.data)
    Hzk4                                     0x200007cc   Data        4096  oled.o(.data)
    BMP1                                     0x200017cc   Data        1024  oled.o(.data)
    BMP2                                     0x20001bcc   Data        1024  oled.o(.data)
    char_sizes_set_info                      0x20001fcc   Data           3  oled.o(.data)
    cursor_info                              0x20001fcf   Data           7  oled.o(.data)
    __stdout                                 0x20001fe0   Data           4  stdout.o(.data)
    OLED_GRAM                                0x20001fe4   Data        1152  oled.o(.bss)
    __initial_sp                             0x20002868   Data           0  startup_gd32f10x_hd.o(STACK)



==============================================================================

Memory Map of the image

  Image Entry point : 0x08000131

  Load Region LR_IROM1 (Base: 0x08000000, Size: 0x000056cc, Max: 0x00040000, ABSOLUTE, COMPRESSED[0x00003c28])

    Execution Region ER_IROM1 (Exec base: 0x08000000, Load base: 0x08000000, Size: 0x000036e8, Max: 0x00040000, ABSOLUTE)

    Exec Addr    Load Addr    Size         Type   Attr      Idx    E Section Name        Object

    0x08000000   0x08000000   0x00000130   Data   RO         3834    RESET               startup_gd32f10x_hd.o
    0x08000130   0x08000130   0x00000000   Code   RO         4510  * .ARM.Collect$$$$00000000  mc_w.l(entry.o)
    0x08000130   0x08000130   0x00000004   Code   RO         4788    .ARM.Collect$$$$00000001  mc_w.l(entry2.o)
    0x08000134   0x08000134   0x00000004   Code   RO         4791    .ARM.Collect$$$$00000004  mc_w.l(entry5.o)
    0x08000138   0x08000138   0x00000000   Code   RO         4793    .ARM.Collect$$$$00000008  mc_w.l(entry7b.o)
    0x08000138   0x08000138   0x00000000   Code   RO         4795    .ARM.Collect$$$$0000000A  mc_w.l(entry8b.o)
    0x08000138   0x08000138   0x00000008   Code   RO         4796    .ARM.Collect$$$$0000000B  mc_w.l(entry9a.o)
    0x08000140   0x08000140   0x00000004   Code   RO         4803    .ARM.Collect$$$$0000000E  mc_w.l(entry12b.o)
    0x08000144   0x08000144   0x00000000   Code   RO         4798    .ARM.Collect$$$$0000000F  mc_w.l(entry10a.o)
    0x08000144   0x08000144   0x00000000   Code   RO         4800    .ARM.Collect$$$$00000011  mc_w.l(entry11a.o)
    0x08000144   0x08000144   0x00000004   Code   RO         4789    .ARM.Collect$$$$00002712  mc_w.l(entry2.o)
    0x08000148   0x08000148   0x00000024   Code   RO         3835    .text               startup_gd32f10x_hd.o
    0x0800016c   0x0800016c   0x00000024   Code   RO         4513    .text               mc_w.l(memcpya.o)
    0x08000190   0x08000190   0x0000000e   Code   RO         4515    .text               mc_w.l(strlen.o)
    0x0800019e   0x0800019e   0x00000064   Code   RO         4780    .text               mf_w.l(fmul.o)
    0x08000202   0x08000202   0x0000007c   Code   RO         4782    .text               mf_w.l(fdiv.o)
    0x0800027e   0x0800027e   0x0000000a   Code   RO         4784    .text               mf_w.l(ffltui.o)
    0x08000288   0x08000288   0x00000028   Code   RO         4786    .text               mf_w.l(ffixui.o)
    0x080002b0   0x080002b0   0x00000062   Code   RO         4807    .text               mc_w.l(uldiv.o)
    0x08000312   0x08000312   0x00000000   Code   RO         4809    .text               mc_w.l(iusefp.o)
    0x08000312   0x08000312   0x0000006e   Code   RO         4810    .text               mf_w.l(fepilogue.o)
    0x08000380   0x08000380   0x00000024   Code   RO         4822    .text               mc_w.l(init.o)
    0x080003a4   0x080003a4   0x0000001e   Code   RO         4824    .text               mc_w.l(llshl.o)
    0x080003c2   0x080003c2   0x00000020   Code   RO         4826    .text               mc_w.l(llushr.o)
    0x080003e2   0x080003e2   0x00000056   Code   RO         4840    .text               mc_w.l(__dczerorl2.o)
    0x08000438   0x08000438   0x00000004   Code   RO            3    i.BusFault_Handler  gd32f10x_it.o
    0x0800043c   0x0800043c   0x00000002   Code   RO            4    i.DebugMon_Handler  gd32f10x_it.o
    0x0800043e   0x0800043e   0x00000002   PAD
    0x08000440   0x08000440   0x00000054   Code   RO          213    i.FunctionTest      main.o
    0x08000494   0x08000494   0x0000000c   Code   RO         4152    i.GetCharSizeSetInfo_Hight  oled.o
    0x080004a0   0x080004a0   0x0000000c   Code   RO         4153    i.GetCharSizeSetInfo_SizeNumber  oled.o
    0x080004ac   0x080004ac   0x0000000c   Code   RO         4154    i.GetCharSizeSetInfo_Width  oled.o
    0x080004b8   0x080004b8   0x00000004   Code   RO            5    i.HardFault_Handler  gd32f10x_it.o
    0x080004bc   0x080004bc   0x00000008   Code   RO         4155    i.I2C_Start         oled.o
    0x080004c4   0x080004c4   0x00000008   Code   RO         4156    i.I2C_Stop          oled.o
    0x080004cc   0x080004cc   0x00000008   Code   RO         4157    i.I2C_WaitAck       oled.o
    0x080004d4   0x080004d4   0x00000004   Code   RO            6    i.MemManage_Handler  gd32f10x_it.o
    0x080004d8   0x080004d8   0x00000002   Code   RO            7    i.NMI_Handler       gd32f10x_it.o
    0x080004da   0x080004da   0x00000002   PAD
    0x080004dc   0x080004dc   0x00000030   Code   RO         4159    i.OLED_Clear        oled.o
    0x0800050c   0x0800050c   0x00000060   Code   RO         4161    i.OLED_ClearPoint   oled.o
    0x0800056c   0x0800056c   0x0000003c   Code   RO         4168    i.OLED_DrawPoint    oled.o
    0x080005a8   0x080005a8   0x00000120   Code   RO         4169    i.OLED_Init         oled.o
    0x080006c8   0x080006c8   0x0000004c   Code   RO         4171    i.OLED_Refresh      oled.o
    0x08000714   0x08000714   0x000000fc   Code   RO         4173    i.OLED_ShowChar     oled.o
    0x08000810   0x08000810   0x00000042   Code   RO         4177    i.OLED_ShowString   oled.o
    0x08000852   0x08000852   0x00000002   PAD
    0x08000854   0x08000854   0x00000030   Code   RO         4178    i.OLED_ShowString_612  oled.o
    0x08000884   0x08000884   0x00000038   Code   RO         4181    i.OLED_WR_Byte      oled.o
    0x080008bc   0x080008bc   0x00000002   Code   RO            8    i.PendSV_Handler    gd32f10x_it.o
    0x080008be   0x080008be   0x00000002   PAD
    0x080008c0   0x080008c0   0x00000058   Code   RO         4182    i.ReflashCursorInfo  oled.o
    0x08000918   0x08000918   0x00000002   Code   RO            9    i.SVC_Handler       gd32f10x_it.o
    0x0800091a   0x0800091a   0x0000000c   Code   RO         4184    i.Send_Byte         oled.o
    0x08000926   0x08000926   0x00000008   Code   RO           10    i.SysTick_Handler   gd32f10x_it.o
    0x0800092e   0x0800092e   0x00000002   PAD
    0x08000930   0x08000930   0x000000d4   Code   RO          260    i.SystemInit        system_gd32f10x.o
    0x08000a04   0x08000a04   0x00000004   Code   RO           11    i.UsageFault_Handler  gd32f10x_it.o
    0x08000a08   0x08000a08   0x00000020   Code   RO         4652    i.__0printf$5       mc_w.l(printf5.o)
    0x08000a28   0x08000a28   0x0000000e   Code   RO         4834    i.__scatterload_copy  mc_w.l(handlers.o)
    0x08000a36   0x08000a36   0x00000002   Code   RO         4835    i.__scatterload_null  mc_w.l(handlers.o)
    0x08000a38   0x08000a38   0x0000000e   Code   RO         4836    i.__scatterload_zeroinit  mc_w.l(handlers.o)
    0x08000a46   0x08000a46   0x00000002   PAD
    0x08000a48   0x08000a48   0x000002c0   Code   RO         4659    i._printf_core      mc_w.l(printf5.o)
    0x08000d08   0x08000d08   0x00000008   Code   RO         4390    i.delay_init        delay.o
    0x08000d10   0x08000d10   0x00000060   Code   RO         4391    i.delay_ms          delay.o
    0x08000d70   0x08000d70   0x00000060   Code   RO         4392    i.delay_us          delay.o
    0x08000dd0   0x08000dd0   0x00000024   Code   RO         4125    i.fputc             uart.o
    0x08000df4   0x08000df4   0x00000004   Code   RO         1802    i.gpio_bit_reset    gd32f10x_gpio.o
    0x08000df8   0x08000df8   0x00000004   Code   RO         1803    i.gpio_bit_set      gd32f10x_gpio.o
    0x08000dfc   0x08000dfc   0x000000ac   Code   RO         1810    i.gpio_init         gd32f10x_gpio.o
    0x08000ea8   0x08000ea8   0x00000010   Code   RO         1811    i.gpio_input_bit_get  gd32f10x_gpio.o
    0x08000eb8   0x08000eb8   0x0000000c   Code   RO         4431    i.iic_delay_us      iic.o
    0x08000ec4   0x08000ec4   0x0000002c   Code   RO         4432    i.iic_init          iic.o
    0x08000ef0   0x08000ef0   0x0000001c   Code   RO         4434    i.iic_read_sda      iic.o
    0x08000f0c   0x08000f0c   0x00000014   Code   RO         4435    i.iic_scl_h         iic.o
    0x08000f20   0x08000f20   0x00000014   Code   RO         4436    i.iic_scl_l         iic.o
    0x08000f34   0x08000f34   0x0000002a   Code   RO         4437    i.iic_start         iic.o
    0x08000f5e   0x08000f5e   0x0000002a   Code   RO         4438    i.iic_stop          iic.o
    0x08000f88   0x08000f88   0x00000060   Code   RO         4439    i.iic_wait_ack      iic.o
    0x08000fe8   0x08000fe8   0x00000034   Code   RO         4440    i.iic_write_byte    iic.o
    0x0800101c   0x0800101c   0x00000024   Code   RO         4441    i.iic_write_sda     iic.o
    0x08001040   0x08001040   0x00000080   Code   RO          214    i.main              main.o
    0x080010c0   0x080010c0   0x00000018   Code   RO         2120    i.nvic_vector_table_set  gd32f10x_misc.o
    0x080010d8   0x080010d8   0x00000088   Code   RO         4126    i.pc_com_init       uart.o
    0x08001160   0x08001160   0x00000124   Code   RO         2268    i.rcu_clock_freq_get  gd32f10x_rcu.o
    0x08001284   0x08001284   0x00000020   Code   RO         2285    i.rcu_periph_clock_enable  gd32f10x_rcu.o
    0x080012a4   0x080012a4   0x00000020   Code   RO         2288    i.rcu_periph_reset_disable  gd32f10x_rcu.o
    0x080012c4   0x080012c4   0x00000020   Code   RO         2289    i.rcu_periph_reset_enable  gd32f10x_rcu.o
    0x080012e4   0x080012e4   0x000000f0   Code   RO           16    i.set_sys_tcik      gd32f10x_it.o
    0x080013d4   0x080013d4   0x000000c4   Code   RO          261    i.system_clock_108m_hxtal  system_gd32f10x.o
    0x08001498   0x08001498   0x00000008   Code   RO          262    i.system_clock_config  system_gd32f10x.o
    0x080014a0   0x080014a0   0x00000028   Code   RO         2123    i.systick_clksource_set  gd32f10x_misc.o
    0x080014c8   0x080014c8   0x00000044   Code   RO         4393    i.systick_config    delay.o
    0x0800150c   0x0800150c   0x00000090   Code   RO         3507    i.usart_baudrate_set  gd32f10x_usart.o
    0x0800159c   0x0800159c   0x00000008   Code   RO         3509    i.usart_data_transmit  gd32f10x_usart.o
    0x080015a4   0x080015a4   0x00000090   Code   RO         3510    i.usart_deinit      gd32f10x_usart.o
    0x08001634   0x08001634   0x0000000a   Code   RO         3514    i.usart_enable      gd32f10x_usart.o
    0x0800163e   0x0800163e   0x0000001e   Code   RO         3516    i.usart_flag_get    gd32f10x_usart.o
    0x0800165c   0x0800165c   0x00000010   Code   RO         3520    i.usart_hardware_flow_cts_config  gd32f10x_usart.o
    0x0800166c   0x0800166c   0x00000010   Code   RO         3521    i.usart_hardware_flow_rts_config  gd32f10x_usart.o
    0x0800167c   0x0800167c   0x00000010   Code   RO         3535    i.usart_parity_config  gd32f10x_usart.o
    0x0800168c   0x0800168c   0x00000010   Code   RO         3537    i.usart_receive_config  gd32f10x_usart.o
    0x0800169c   0x0800169c   0x00000010   Code   RO         3543    i.usart_stop_bit_set  gd32f10x_usart.o
    0x080016ac   0x080016ac   0x00000010   Code   RO         3547    i.usart_transmit_config  gd32f10x_usart.o
    0x080016bc   0x080016bc   0x00000010   Code   RO         3548    i.usart_word_length_set  gd32f10x_usart.o
    0x080016cc   0x080016cc   0x00000014   Data   RO          215    .constdata          main.o
    0x080016e0   0x080016e0   0x00001fd8   Data   RO         4187    .constdata          oled.o
    0x080036b8   0x080036b8   0x0000000d   Data   RO         4442    .constdata          iic.o
    0x080036c5   0x080036c5   0x00000003   PAD
    0x080036c8   0x080036c8   0x00000020   Data   RO         4832    Region$$Table       anon$$obj.o


    Execution Region RW_IRAM1 (Exec base: 0x20000000, Load base: 0x080036e8, Size: 0x00002868, Max: 0x0000c000, ABSOLUTE, COMPRESSED[0x00000540])

    Exec Addr    Load Addr    Size         Type   Attr      Idx    E Section Name        Object

    0x20000000   COMPRESSED   0x00000010   Data   RW           17    .data               gd32f10x_it.o
    0x20000010   COMPRESSED   0x00000004   Data   RW          263    .data               system_gd32f10x.o
    0x20000014   COMPRESSED   0x00001fc2   Data   RW         4188    .data               oled.o
    0x20001fd6   COMPRESSED   0x00000002   PAD
    0x20001fd8   COMPRESSED   0x00000008   Data   RW         4394    .data               delay.o
    0x20001fe0   COMPRESSED   0x00000004   Data   RW         4804    .data               mc_w.l(stdout.o)
    0x20001fe4        -       0x00000480   Zero   RW         4186    .bss                oled.o
    0x20002464   COMPRESSED   0x00000004   PAD
    0x20002468        -       0x00000400   Zero   RW         3832    STACK               startup_gd32f10x_hd.o


==============================================================================

Image component sizes


      Code (inc. data)   RO Data    RW Data    ZI Data      Debug   Object Name

       268         34          0          8          0       2344   delay.o
       196          0          0          0          0       2877   gd32f10x_gpio.o
       272         20          0         16          0      32805   gd32f10x_it.o
        64          8          0          0          0       1276   gd32f10x_misc.o
       388         40          0          0          0       3056   gd32f10x_rcu.o
       448         16          0          0          0       8198   gd32f10x_usart.o
       392         56         13          0          0       4946   iic.o
       212        128         20          0          0       2286   main.o
      1150         68       8152       8130       1152      16213   oled.o
        36          8        304          0       1024        896   startup_gd32f10x_hd.o
       416         30          0          4          0       2967   system_gd32f10x.o
       172         14          0          0          0       1094   uart.o

    ----------------------------------------------------------------------
      4024        422       8524       8160       2180      78958   Object Totals
         0          0         32          0          0          0   (incl. Generated)
        10          0          3          2          4          0   (incl. Padding)

    ----------------------------------------------------------------------

      Code (inc. data)   RO Data    RW Data    ZI Data      Debug   Library Member Name

        86          0          0          0          0          0   __dczerorl2.o
         0          0          0          0          0          0   entry.o
         0          0          0          0          0          0   entry10a.o
         0          0          0          0          0          0   entry11a.o
         4          0          0          0          0          0   entry12b.o
         8          4          0          0          0          0   entry2.o
         4          0          0          0          0          0   entry5.o
         0          0          0          0          0          0   entry7b.o
         0          0          0          0          0          0   entry8b.o
         8          4          0          0          0          0   entry9a.o
        30          0          0          0          0          0   handlers.o
        36          8          0          0          0         68   init.o
         0          0          0          0          0          0   iusefp.o
        30          0          0          0          0         68   llshl.o
        32          0          0          0          0         68   llushr.o
        36          0          0          0          0         68   memcpya.o
       736         54          0          0          0        184   printf5.o
         0          0          0          4          0          0   stdout.o
        14          0          0          0          0         68   strlen.o
        98          0          0          0          0         92   uldiv.o
       124          0          0          0          0         88   fdiv.o
       110          0          0          0          0        168   fepilogue.o
        40          0          0          0          0         68   ffixui.o
        10          0          0          0          0         68   ffltui.o
       100          0          0          0          0         76   fmul.o

    ----------------------------------------------------------------------
      1508         70          0          4          0       1084   Library Totals
         2          0          0          0          0          0   (incl. Padding)

    ----------------------------------------------------------------------

      Code (inc. data)   RO Data    RW Data    ZI Data      Debug   Library Name

      1122         70          0          4          0        616   mc_w.l
       384          0          0          0          0        468   mf_w.l

    ----------------------------------------------------------------------
      1508         70          0          4          0       1084   Library Totals

    ----------------------------------------------------------------------

==============================================================================


      Code (inc. data)   RO Data    RW Data    ZI Data      Debug   

      5532        492       8524       8164       2180      76374   Grand Totals
      5532        492       8524       1344       2180      76374   ELF Image Totals (compressed)
      5532        492       8524       1344          0          0   ROM Totals

==============================================================================

    Total RO  Size (Code + RO Data)                14056 (  13.73kB)
    Total RW  Size (RW Data + ZI Data)             10344 (  10.10kB)
    Total ROM Size (Code + RO Data + RW Data)      15400 (  15.04kB)

==============================================================================

