Component: ARM Compiler 5.06 update 7 (build 960) Tool: armlink [4d3601]

==============================================================================

Section Cross References

    gd32f10x_it.o(i.SysTick_Handler) refers to systick.o(i.relash_sys_tcik_ms) for relash_sys_tcik_ms
    main.o(i.FunctionTest) refers to memcpya.o(.text) for __aeabi_memcpy4
    main.o(i.FunctionTest) refers to oled.o(i.OLED_ClearAllShowStringInfo) for OLED_ClearAllShowStringInfo
    main.o(i.FunctionTest) refers to strlen.o(.text) for strlen
    main.o(i.FunctionTest) refers to oled.o(i.OLED_ShowStringControl) for OLED_ShowStringControl
    main.o(i.FunctionTest) refers to delay.o(i.delay_ms) for delay_ms
    main.o(i.FunctionTest) refers to printf6.o(i.__0printf$6) for __2printf
    main.o(i.FunctionTest) refers to main.o(.constdata) for .constdata
    main.o(i.main) refers to memseta.o(.text) for __aeabi_memclr4
    main.o(i.main) refers to led.o(i.led_init) for led_init
    main.o(i.main) refers to key.o(i.key_init) for key_init
    main.o(i.main) refers to delay.o(i.delay_init) for delay_init
    main.o(i.main) refers to systick.o(i.systick_init) for systick_init
    main.o(i.main) refers to uart.o(i.pc_com_init) for pc_com_init
    main.o(i.main) refers to iic.o(i.iic_init) for iic_init
    main.o(i.main) refers to oled.o(i.OLED_Init) for OLED_Init
    main.o(i.main) refers to oled.o(i.DefaultSetCharSizeSetInfo) for DefaultSetCharSizeSetInfo
    main.o(i.main) refers to key.o(i.init_key_press) for init_key_press
    main.o(i.main) refers to printf6.o(i.__0sprintf$6) for __2sprintf
    main.o(i.main) refers to strlen.o(.text) for strlen
    main.o(i.main) refers to oled.o(i.OLED_ShowStringControl) for OLED_ShowStringControl
    main.o(i.main) refers to delay.o(i.delay_ms) for delay_ms
    main.o(i.main) refers to oled.o(i.OLED_Clear) for OLED_Clear
    main.o(i.main) refers to key.o(i.key_process) for key_process
    main.o(i.main) refers to led.o(i.led_work_process) for led_work_process
    main.o(i.main) refers to oled.o(i.OLED_ShowStringProcess) for OLED_ShowStringProcess
    system_gd32f10x.o(i.SystemInit) refers to system_gd32f10x.o(i.system_clock_config) for system_clock_config
    system_gd32f10x.o(i.SystemInit) refers to gd32f10x_misc.o(i.nvic_vector_table_set) for nvic_vector_table_set
    system_gd32f10x.o(i.system_clock_config) refers to system_gd32f10x.o(i.system_clock_108m_hxtal) for system_clock_108m_hxtal
    gd32f10x_adc.o(i.adc_deinit) refers to gd32f10x_rcu.o(i.rcu_periph_reset_enable) for rcu_periph_reset_enable
    gd32f10x_adc.o(i.adc_deinit) refers to gd32f10x_rcu.o(i.rcu_periph_reset_disable) for rcu_periph_reset_disable
    gd32f10x_bkp.o(i.bkp_deinit) refers to gd32f10x_rcu.o(i.rcu_bkp_reset_enable) for rcu_bkp_reset_enable
    gd32f10x_bkp.o(i.bkp_deinit) refers to gd32f10x_rcu.o(i.rcu_bkp_reset_disable) for rcu_bkp_reset_disable
    gd32f10x_can.o(i.can_debug_freeze_disable) refers to gd32f10x_dbg.o(i.dbg_periph_enable) for dbg_periph_enable
    gd32f10x_can.o(i.can_debug_freeze_enable) refers to gd32f10x_dbg.o(i.dbg_periph_enable) for dbg_periph_enable
    gd32f10x_can.o(i.can_deinit) refers to gd32f10x_rcu.o(i.rcu_periph_reset_enable) for rcu_periph_reset_enable
    gd32f10x_can.o(i.can_deinit) refers to gd32f10x_rcu.o(i.rcu_periph_reset_disable) for rcu_periph_reset_disable
    gd32f10x_can.o(i.can_interrupt_flag_get) refers to gd32f10x_can.o(i.can_receive_message_length_get) for can_receive_message_length_get
    gd32f10x_can.o(i.can_interrupt_flag_get) refers to gd32f10x_can.o(i.can_error_get) for can_error_get
    gd32f10x_dac.o(i.dac_deinit) refers to gd32f10x_rcu.o(i.rcu_periph_reset_enable) for rcu_periph_reset_enable
    gd32f10x_dac.o(i.dac_deinit) refers to gd32f10x_rcu.o(i.rcu_periph_reset_disable) for rcu_periph_reset_disable
    gd32f10x_dma.o(i.dma_channel_disable) refers to gd32f10x_dma.o(i.dma_periph_and_channel_check) for dma_periph_and_channel_check
    gd32f10x_dma.o(i.dma_channel_enable) refers to gd32f10x_dma.o(i.dma_periph_and_channel_check) for dma_periph_and_channel_check
    gd32f10x_dma.o(i.dma_circulation_disable) refers to gd32f10x_dma.o(i.dma_periph_and_channel_check) for dma_periph_and_channel_check
    gd32f10x_dma.o(i.dma_circulation_enable) refers to gd32f10x_dma.o(i.dma_periph_and_channel_check) for dma_periph_and_channel_check
    gd32f10x_dma.o(i.dma_deinit) refers to gd32f10x_dma.o(i.dma_periph_and_channel_check) for dma_periph_and_channel_check
    gd32f10x_dma.o(i.dma_init) refers to gd32f10x_dma.o(i.dma_periph_and_channel_check) for dma_periph_and_channel_check
    gd32f10x_dma.o(i.dma_interrupt_disable) refers to gd32f10x_dma.o(i.dma_periph_and_channel_check) for dma_periph_and_channel_check
    gd32f10x_dma.o(i.dma_interrupt_enable) refers to gd32f10x_dma.o(i.dma_periph_and_channel_check) for dma_periph_and_channel_check
[...]
    Removing gd32f10x_sdio.o(i.sdio_operation_disable), (20 bytes).
    Removing gd32f10x_sdio.o(i.sdio_operation_enable), (20 bytes).
    Removing gd32f10x_sdio.o(i.sdio_power_state_get), (12 bytes).
    Removing gd32f10x_sdio.o(i.sdio_power_state_set), (12 bytes).
    Removing gd32f10x_sdio.o(i.sdio_readwait_disable), (20 bytes).
    Removing gd32f10x_sdio.o(i.sdio_readwait_enable), (20 bytes).
    Removing gd32f10x_sdio.o(i.sdio_readwait_type_set), (40 bytes).
    Removing gd32f10x_sdio.o(i.sdio_response_get), (56 bytes).
    Removing gd32f10x_sdio.o(i.sdio_stop_readwait_disable), (20 bytes).
    Removing gd32f10x_sdio.o(i.sdio_stop_readwait_enable), (20 bytes).
    Removing gd32f10x_sdio.o(i.sdio_suspend_disable), (20 bytes).
    Removing gd32f10x_sdio.o(i.sdio_suspend_enable), (20 bytes).
    Removing gd32f10x_sdio.o(i.sdio_wait_type_set), (28 bytes).
    Removing gd32f10x_spi.o(.rev16_text), (4 bytes).
    Removing gd32f10x_spi.o(.revsh_text), (4 bytes).
    Removing gd32f10x_spi.o(i.i2s_disable), (10 bytes).
    Removing gd32f10x_spi.o(i.i2s_enable), (10 bytes).
    Removing gd32f10x_spi.o(i.i2s_init), (28 bytes).
    Removing gd32f10x_spi.o(i.i2s_psc_config), (164 bytes).
    Removing gd32f10x_spi.o(i.spi_bidirectional_transfer_config), (26 bytes).
    Removing gd32f10x_spi.o(i.spi_crc_error_clear), (10 bytes).
    Removing gd32f10x_spi.o(i.spi_crc_get), (16 bytes).
    Removing gd32f10x_spi.o(i.spi_crc_next), (10 bytes).
    Removing gd32f10x_spi.o(i.spi_crc_off), (10 bytes).
    Removing gd32f10x_spi.o(i.spi_crc_on), (10 bytes).
    Removing gd32f10x_spi.o(i.spi_crc_polynomial_get), (8 bytes).
    Removing gd32f10x_spi.o(i.spi_crc_polynomial_set), (12 bytes).
    Removing gd32f10x_spi.o(i.spi_disable), (10 bytes).
    Removing gd32f10x_spi.o(i.spi_dma_disable), (22 bytes).
    Removing gd32f10x_spi.o(i.spi_dma_enable), (22 bytes).
    Removing gd32f10x_spi.o(i.spi_enable), (10 bytes).
    Removing gd32f10x_spi.o(i.spi_i2s_data_frame_format_config), (16 bytes).
    Removing gd32f10x_spi.o(i.spi_i2s_data_receive), (8 bytes).
    Removing gd32f10x_spi.o(i.spi_i2s_data_transmit), (4 bytes).
    Removing gd32f10x_spi.o(i.spi_i2s_deinit), (88 bytes).
    Removing gd32f10x_spi.o(i.spi_i2s_flag_get), (16 bytes).
    Removing gd32f10x_spi.o(i.spi_i2s_interrupt_disable), (8 bytes).
    Removing gd32f10x_spi.o(i.spi_i2s_interrupt_enable), (8 bytes).
    Removing gd32f10x_spi.o(i.spi_i2s_interrupt_flag_get), (100 bytes).
    Removing gd32f10x_spi.o(i.spi_init), (50 bytes).
    Removing gd32f10x_spi.o(i.spi_nss_internal_high), (10 bytes).
    Removing gd32f10x_spi.o(i.spi_nss_internal_low), (10 bytes).
    Removing gd32f10x_spi.o(i.spi_nss_output_disable), (10 bytes).
    Removing gd32f10x_spi.o(i.spi_nss_output_enable), (10 bytes).
    Removing gd32f10x_spi.o(i.spi_struct_para_init), (18 bytes).
    Removing gd32f10x_timer.o(.rev16_text), (4 bytes).
    Removing gd32f10x_timer.o(.revsh_text), (4 bytes).
    Removing gd32f10x_timer.o(i.timer_auto_reload_shadow_disable), (10 bytes).
    Removing gd32f10x_timer.o(i.timer_auto_reload_shadow_enable), (10 bytes).
    Removing gd32f10x_timer.o(i.timer_automatic_output_disable), (10 bytes).
    Removing gd32f10x_timer.o(i.timer_automatic_output_enable), (10 bytes).
    Removing gd32f10x_timer.o(i.timer_autoreload_value_config), (4 bytes).
    Removing gd32f10x_timer.o(i.timer_break_config), (30 bytes).
    Removing gd32f10x_timer.o(i.timer_break_disable), (10 bytes).
    Removing gd32f10x_timer.o(i.timer_break_enable), (10 bytes).
    Removing gd32f10x_timer.o(i.timer_break_struct_para_init), (18 bytes).
    Removing gd32f10x_timer.o(i.timer_channel_capture_value_register_read), (42 bytes).
    Removing gd32f10x_timer.o(i.timer_channel_complementary_output_polarity_config), (70 bytes).
    Removing gd32f10x_timer.o(i.timer_channel_complementary_output_state_config), (70 bytes).
    Removing gd32f10x_timer.o(i.timer_channel_control_shadow_config), (24 bytes).
    Removing gd32f10x_timer.o(i.timer_channel_control_shadow_update_config), (26 bytes).
    Removing gd32f10x_timer.o(i.timer_channel_dma_request_source_select), (26 bytes).
    Removing gd32f10x_timer.o(i.timer_channel_input_capture_prescaler_config), (90 bytes).
    Removing gd32f10x_timer.o(i.timer_channel_input_struct_para_init), (16 bytes).
    Removing gd32f10x_timer.o(i.timer_channel_output_clear_config), (90 bytes).
    Removing gd32f10x_timer.o(i.timer_channel_output_config), (492 bytes).
    Removing gd32f10x_timer.o(i.timer_channel_output_fast_config), (90 bytes).
    Removing gd32f10x_timer.o(i.timer_channel_output_mode_config), (90 bytes).
    Removing gd32f10x_timer.o(i.timer_channel_output_polarity_config), (92 bytes).
    Removing gd32f10x_timer.o(i.timer_channel_output_pulse_value_config), (38 bytes).
    Removing gd32f10x_timer.o(i.timer_channel_output_shadow_config), (90 bytes).
    Removing gd32f10x_timer.o(i.timer_channel_output_state_config), (92 bytes).
    Removing gd32f10x_timer.o(i.timer_channel_output_struct_para_init), (16 bytes).
    Removing gd32f10x_timer.o(i.timer_counter_alignment), (16 bytes).
    Removing gd32f10x_timer.o(i.timer_counter_down_direction), (10 bytes).
    Removing gd32f10x_timer.o(i.timer_counter_read), (8 bytes).
    Removing gd32f10x_timer.o(i.timer_counter_up_direction), (10 bytes).
    Removing gd32f10x_timer.o(i.timer_counter_value_config), (4 bytes).
    Removing gd32f10x_timer.o(i.timer_disable), (10 bytes).
    Removing gd32f10x_timer.o(i.timer_dma_disable), (8 bytes).
    Removing gd32f10x_timer.o(i.timer_dma_enable), (8 bytes).
    Removing gd32f10x_timer.o(i.timer_dma_transfer_config), (24 bytes).
    Removing gd32f10x_timer.o(i.timer_enable), (10 bytes).
    Removing gd32f10x_timer.o(i.timer_event_software_generate), (8 bytes).
    Removing gd32f10x_timer.o(i.timer_external_clock_mode0_config), (40 bytes).
    Removing gd32f10x_timer.o(i.timer_external_clock_mode1_config), (32 bytes).
    Removing gd32f10x_timer.o(i.timer_external_clock_mode1_disable), (10 bytes).
    Removing gd32f10x_timer.o(i.timer_external_trigger_as_external_clock_config), (166 bytes).
    Removing gd32f10x_timer.o(i.timer_external_trigger_config), (30 bytes).
    Removing gd32f10x_timer.o(i.timer_flag_clear), (6 bytes).
    Removing gd32f10x_timer.o(i.timer_flag_get), (16 bytes).
    Removing gd32f10x_timer.o(i.timer_hall_mode_config), (26 bytes).
    Removing gd32f10x_timer.o(i.timer_input_capture_config), (326 bytes).
    Removing gd32f10x_timer.o(i.timer_input_pwm_capture_config), (356 bytes).
    Removing gd32f10x_timer.o(i.timer_input_trigger_source_select), (16 bytes).
    Removing gd32f10x_timer.o(i.timer_internal_clock_config), (10 bytes).
    Removing gd32f10x_timer.o(i.timer_internal_trigger_as_external_clock_config), (32 bytes).
    Removing gd32f10x_timer.o(i.timer_interrupt_disable), (8 bytes).
    Removing gd32f10x_timer.o(i.timer_interrupt_flag_clear), (6 bytes).
    Removing gd32f10x_timer.o(i.timer_interrupt_flag_get), (24 bytes).
    Removing gd32f10x_timer.o(i.timer_master_output_trigger_source_select), (16 bytes).
    Removing gd32f10x_timer.o(i.timer_master_slave_mode_config), (26 bytes).
    Removing gd32f10x_timer.o(i.timer_prescaler_config), (16 bytes).
    Removing gd32f10x_timer.o(i.timer_prescaler_read), (10 bytes).
    Removing gd32f10x_timer.o(i.timer_primary_output_config), (24 bytes).
    Removing gd32f10x_timer.o(i.timer_quadrature_decoder_mode_config), (64 bytes).
    Removing gd32f10x_timer.o(i.timer_repetition_value_config), (4 bytes).
    Removing gd32f10x_timer.o(i.timer_single_pulse_mode_config), (26 bytes).
    Removing gd32f10x_timer.o(i.timer_slave_mode_select), (16 bytes).
    Removing gd32f10x_timer.o(i.timer_struct_para_init), (22 bytes).
    Removing gd32f10x_timer.o(i.timer_update_event_disable), (10 bytes).
    Removing gd32f10x_timer.o(i.timer_update_event_enable), (10 bytes).
    Removing gd32f10x_timer.o(i.timer_update_source_config), (26 bytes).
    Removing gd32f10x_usart.o(.rev16_text), (4 bytes).
    Removing gd32f10x_usart.o(.revsh_text), (4 bytes).
    Removing gd32f10x_usart.o(i.usart_address_config), (20 bytes).
    Removing gd32f10x_usart.o(i.usart_data_receive), (10 bytes).
    Removing gd32f10x_usart.o(i.usart_disable), (10 bytes).
    Removing gd32f10x_usart.o(i.usart_dma_receive_config), (16 bytes).
    Removing gd32f10x_usart.o(i.usart_dma_transmit_config), (16 bytes).
    Removing gd32f10x_usart.o(i.usart_flag_clear), (26 bytes).
    Removing gd32f10x_usart.o(i.usart_guard_time_config), (24 bytes).
    Removing gd32f10x_usart.o(i.usart_halfduplex_disable), (10 bytes).
    Removing gd32f10x_usart.o(i.usart_halfduplex_enable), (10 bytes).
    Removing gd32f10x_usart.o(i.usart_interrupt_disable), (26 bytes).
    Removing gd32f10x_usart.o(i.usart_interrupt_enable), (26 bytes).
    Removing gd32f10x_usart.o(i.usart_interrupt_flag_clear), (26 bytes).
    Removing gd32f10x_usart.o(i.usart_interrupt_flag_get), (56 bytes).
    Removing gd32f10x_usart.o(i.usart_irda_lowpower_config), (20 bytes).
    Removing gd32f10x_usart.o(i.usart_irda_mode_disable), (10 bytes).
    Removing gd32f10x_usart.o(i.usart_irda_mode_enable), (10 bytes).
    Removing gd32f10x_usart.o(i.usart_lin_break_detection_length_config), (20 bytes).
    Removing gd32f10x_usart.o(i.usart_lin_mode_disable), (10 bytes).
    Removing gd32f10x_usart.o(i.usart_lin_mode_enable), (10 bytes).
    Removing gd32f10x_usart.o(i.usart_mute_mode_disable), (10 bytes).
    Removing gd32f10x_usart.o(i.usart_mute_mode_enable), (10 bytes).
    Removing gd32f10x_usart.o(i.usart_mute_mode_wakeup_config), (16 bytes).
    Removing gd32f10x_usart.o(i.usart_prescaler_config), (16 bytes).
    Removing gd32f10x_usart.o(i.usart_send_break), (10 bytes).
    Removing gd32f10x_usart.o(i.usart_smartcard_mode_disable), (10 bytes).
    Removing gd32f10x_usart.o(i.usart_smartcard_mode_enable), (10 bytes).
    Removing gd32f10x_usart.o(i.usart_smartcard_mode_nack_disable), (10 bytes).
    Removing gd32f10x_usart.o(i.usart_smartcard_mode_nack_enable), (10 bytes).
    Removing gd32f10x_usart.o(i.usart_synchronous_clock_config), (34 bytes).
    Removing gd32f10x_usart.o(i.usart_synchronous_clock_disable), (10 bytes).
    Removing gd32f10x_usart.o(i.usart_synchronous_clock_enable), (10 bytes).
    Removing gd32f10x_wwdgt.o(.rev16_text), (4 bytes).
    Removing gd32f10x_wwdgt.o(.revsh_text), (4 bytes).
    Removing gd32f10x_wwdgt.o(i.wwdgt_config), (28 bytes).
    Removing gd32f10x_wwdgt.o(i.wwdgt_counter_update), (16 bytes).
    Removing gd32f10x_wwdgt.o(i.wwdgt_deinit), (20 bytes).
    Removing gd32f10x_wwdgt.o(i.wwdgt_enable), (20 bytes).
    Removing gd32f10x_wwdgt.o(i.wwdgt_flag_clear), (12 bytes).
    Removing gd32f10x_wwdgt.o(i.wwdgt_flag_get), (24 bytes).
    Removing gd32f10x_wwdgt.o(i.wwdgt_interrupt_enable), (20 bytes).
    Removing startup_gd32f10x_hd.o(HEAP), (512 bytes).
    Removing gd32f10x_eval.o(.rev16_text), (4 bytes).
    Removing gd32f10x_eval.o(.revsh_text), (4 bytes).
    Removing gd32f10x_eval.o(i.gd_eval_com_init), (192 bytes).
    Removing gd32f10x_eval.o(i.gd_eval_key_init), (128 bytes).
    Removing gd32f10x_eval.o(i.gd_eval_key_state_get), (32 bytes).
    Removing gd32f10x_eval.o(i.gd_eval_led_init), (64 bytes).
    Removing gd32f10x_eval.o(i.gd_eval_led_off), (24 bytes).
    Removing gd32f10x_eval.o(i.gd_eval_led_on), (24 bytes).
    Removing gd32f10x_eval.o(i.gd_eval_led_toggle), (56 bytes).
    Removing gd32f10x_eval.o(.data), (125 bytes).
    Removing key.o(.rev16_text), (4 bytes).
    Removing key.o(.revsh_text), (4 bytes).
    Removing key.o(i.get_key_press_status), (12 bytes).
    Removing key.o(i.set_key_press_status), (12 bytes).
    Removing led.o(.rev16_text), (4 bytes).
    Removing led.o(.revsh_text), (4 bytes).
    Removing led.o(i.get_led_work_flash_times), (12 bytes).
    Removing led.o(i.get_led_work_start_s), (12 bytes).
    Removing uart.o(.rev16_text), (4 bytes).
    Removing uart.o(.revsh_text), (4 bytes).
    Removing oled.o(.rev16_text), (4 bytes).
    Removing oled.o(.revsh_text), (4 bytes).
    Removing oled.o(i.GetCharSizeSetInfo), (8 bytes).
    Removing oled.o(i.GetCursorInfo_DistanceToEnd_DistanceX), (12 bytes).
    Removing oled.o(i.GetCursorInfo_DistanceToEnd_DistanceY), (12 bytes).
    Removing oled.o(i.GetCursorInfo_DistanceToStart_DistanceX), (12 bytes).
    Removing oled.o(i.GetCursorInfo_DistanceToStart_DistanceY), (12 bytes).
    Removing oled.o(i.GetCursorInfo_Point_X), (12 bytes).
    Removing oled.o(i.GetCursorInfo_Point_Y), (12 bytes).
    Removing oled.o(i.GetCursorInfo_Size), (12 bytes).
    Removing oled.o(i.OLED_BackSpace), (152 bytes).
    Removing oled.o(i.OLED_ColorTurn), (28 bytes).
    Removing oled.o(i.OLED_DisPlay_Off), (28 bytes).
    Removing oled.o(i.OLED_DisPlay_On), (28 bytes).
    Removing oled.o(i.OLED_DisplayTurn), (44 bytes).
    Removing oled.o(i.OLED_DrawCircle), (152 bytes).
    Removing oled.o(i.OLED_DrawLine), (176 bytes).
    Removing oled.o(i.OLED_Pow), (22 bytes).
    Removing oled.o(i.OLED_ScrollDisplay), (164 bytes).
    Removing oled.o(i.OLED_ShowChinese), (2 bytes).
    Removing oled.o(i.OLED_ShowNum), (116 bytes).
    Removing oled.o(i.OLED_ShowPicture), (98 bytes).
    Removing oled.o(i.OLED_ShowString), (66 bytes).
    Removing oled.o(i.OLED_Test), (392 bytes).
    Removing oled.o(i.OLED_WR_BP), (46 bytes).
    Removing oled.o(i.PrintfShowStrInfo), (516 bytes).
    Removing oled.o(i.ReflashCursorInfo), (96 bytes).
    Removing oled.o(i.show_test), (24 bytes).
    Removing oled.o(.conststring), (134 bytes).
    Removing delay.o(.rev16_text), (4 bytes).
    Removing delay.o(.revsh_text), (4 bytes).
    Removing iic.o(.rev16_text), (4 bytes).
    Removing iic.o(.revsh_text), (4 bytes).
    Removing iic.o(i.iic_ack), (38 bytes).
    Removing iic.o(i.iic_read_byte), (46 bytes).
    Removing systick.o(.rev16_text), (4 bytes).
    Removing systick.o(.revsh_text), (4 bytes).
    Removing systick.o(i.get_sys_tick_h), (12 bytes).
    Removing systick.o(i.get_sys_tick_m), (12 bytes).
    Removing dadd.o(.text), (334 bytes).
    Removing dmul.o(.text), (228 bytes).
    Removing ddiv.o(.text), (222 bytes).
    Removing dfixul.o(.text), (48 bytes).
    Removing cdrcmple.o(.text), (48 bytes).
    Removing depilogue.o(.text), (186 bytes).

631 unused section(s) (total 25903 bytes) removed from the image.

==============================================================================

Image Symbol Table

    Local Symbols

    Symbol Name                              Value     Ov Type        Size  Object(Section)

    ../clib/../cmprslib/zerorunl2.c          0x00000000   Number         0  __dczerorl2.o ABSOLUTE
    ../clib/microlib/division.c              0x00000000   Number         0  uldiv.o ABSOLUTE
    ../clib/microlib/division.c              0x00000000   Number         0  uidiv.o ABSOLUTE
    ../clib/microlib/init/entry.s            0x00000000   Number         0  entry10a.o ABSOLUTE
    ../clib/microlib/init/entry.s            0x00000000   Number         0  entry5.o ABSOLUTE
    ../clib/microlib/init/entry.s            0x00000000   Number         0  entry12b.o ABSOLUTE
    ../clib/microlib/init/entry.s            0x00000000   Number         0  entry8b.o ABSOLUTE
    ../clib/microlib/init/entry.s            0x00000000   Number         0  entry7a.o ABSOLUTE
    ../clib/microlib/init/entry.s            0x00000000   Number         0  entry.o ABSOLUTE
    ../clib/microlib/init/entry.s            0x00000000   Number         0  entry11b.o ABSOLUTE
    ../clib/microlib/init/entry.s            0x00000000   Number         0  entry7b.o ABSOLUTE
    ../clib/microlib/init/entry.s            0x00000000   Number         0  entry9a.o ABSOLUTE
    ../clib/microlib/init/entry.s            0x00000000   Number         0  entry8a.o ABSOLUTE
    ../clib/microlib/init/entry.s            0x00000000   Number         0  entry12a.o ABSOLUTE
    ../clib/microlib/init/entry.s            0x00000000   Number         0  entry9b.o ABSOLUTE
    ../clib/microlib/init/entry.s            0x00000000   Number         0  entry11a.o ABSOLUTE
    ../clib/microlib/init/entry.s            0x00000000   Number         0  entry10b.o ABSOLUTE
    ../clib/microlib/init/entry.s            0x00000000   Number         0  entry2.o ABSOLUTE
    ../clib/microlib/longlong.c              0x00000000   Number         0  llushr.o ABSOLUTE
    ../clib/microlib/longlong.c              0x00000000   Number         0  llsshr.o ABSOLUTE
    ../clib/microlib/longlong.c              0x00000000   Number         0  llshl.o ABSOLUTE
    ../clib/microlib/printf/printf.c         0x00000000   Number         0  printf8.o ABSOLUTE
    ../clib/microlib/printf/printf.c         0x00000000   Number         0  printfa.o ABSOLUTE
    ../clib/microlib/printf/printf.c         0x00000000   Number         0  printf7.o ABSOLUTE
    ../clib/microlib/printf/printf.c         0x00000000   Number         0  printf6.o ABSOLUTE
    ../clib/microlib/printf/printf.c         0x00000000   Number         0  printf4.o ABSOLUTE
    ../clib/microlib/printf/printf.c         0x00000000   Number         0  printf3.o ABSOLUTE
    ../clib/microlib/printf/printf.c         0x00000000   Number         0  printf2.o ABSOLUTE
    ../clib/microlib/printf/printf.c         0x00000000   Number         0  printf1.o ABSOLUTE
    ../clib/microlib/printf/printf.c         0x00000000   Number         0  printf0.o ABSOLUTE
    ../clib/microlib/printf/printf.c         0x00000000   Number         0  printfb.o ABSOLUTE
    ../clib/microlib/printf/printf.c         0x00000000   Number         0  printf5.o ABSOLUTE
    ../clib/microlib/printf/stubs.s          0x00000000   Number         0  stubs.o ABSOLUTE
    ../clib/microlib/stdio/streams.c         0x00000000   Number         0  stdout.o ABSOLUTE
    ../clib/microlib/string/memcpy.c         0x00000000   Number         0  memcpya.o ABSOLUTE
    ../clib/microlib/string/memcpy.c         0x00000000   Number         0  memcpyb.o ABSOLUTE
    ../clib/microlib/string/memset.c         0x00000000   Number         0  memseta.o ABSOLUTE
    ../clib/microlib/string/strlen.c         0x00000000   Number         0  strlen.o ABSOLUTE
    ../clib/microlib/stubs.s                 0x00000000   Number         0  iusefp.o ABSOLUTE
    ../fplib/microlib/fpadd.c                0x00000000   Number         0  dadd.o ABSOLUTE
    ../fplib/microlib/fpdiv.c                0x00000000   Number         0  ddiv.o ABSOLUTE
    ../fplib/microlib/fpepilogue.c           0x00000000   Number         0  depilogue.o ABSOLUTE
    ../fplib/microlib/fpfix.c                0x00000000   Number         0  dfixul.o ABSOLUTE
    ../fplib/microlib/fpmul.c                0x00000000   Number         0  dmul.o ABSOLUTE
    ..\App_Main\gd32f10x_it.c                0x00000000   Number         0  gd32f10x_it.o ABSOLUTE
    ..\App_Main\main.c                       0x00000000   Number         0  main.o ABSOLUTE
    ..\Delay\delay.c                         0x00000000   Number         0  delay.o ABSOLUTE
    ..\Firmware_Lib\CMSIS\GD\GD32F10x\Source\ARM\startup_gd32f10x_hd.s 0x00000000   Number         0  startup_gd32f10x_hd.o ABSOLUTE
    ..\Firmware_Lib\CMSIS\GD\GD32F10x\Source\system_gd32f10x.c 0x00000000   Number         0  system_gd32f10x.o ABSOLUTE
    ..\Firmware_Lib\GD32F10x_standard_peripheral\Source\gd32f10x_adc.c 0x00000000   Number         0  gd32f10x_adc.o ABSOLUTE
    ..\Firmware_Lib\GD32F10x_standard_peripheral\Source\gd32f10x_bkp.c 0x00000000   Number         0  gd32f10x_bkp.o ABSOLUTE
    ..\Firmware_Lib\GD32F10x_standard_peripheral\Source\gd32f10x_can.c 0x00000000   Number         0  gd32f10x_can.o ABSOLUTE
    ..\Firmware_Lib\GD32F10x_standard_peripheral\Source\gd32f10x_crc.c 0x00000000   Number         0  gd32f10x_crc.o ABSOLUTE
    ..\Firmware_Lib\GD32F10x_standard_peripheral\Source\gd32f10x_dac.c 0x00000000   Number         0  gd32f10x_dac.o ABSOLUTE
    ..\Firmware_Lib\GD32F10x_standard_peripheral\Source\gd32f10x_dbg.c 0x00000000   Number         0  gd32f10x_dbg.o ABSOLUTE
    ..\Firmware_Lib\GD32F10x_standard_peripheral\Source\gd32f10x_dma.c 0x00000000   Number         0  gd32f10x_dma.o ABSOLUTE
    ..\Firmware_Lib\GD32F10x_standard_peripheral\Source\gd32f10x_enet.c 0x00000000   Number         0  gd32f10x_enet.o ABSOLUTE
    ..\Firmware_Lib\GD32F10x_standard_peripheral\Source\gd32f10x_exmc.c 0x00000000   Number         0  gd32f10x_exmc.o ABSOLUTE
    ..\Firmware_Lib\GD32F10x_standard_peripheral\Source\gd32f10x_exti.c 0x00000000   Number         0  gd32f10x_exti.o ABSOLUTE
    ..\Firmware_Lib\GD32F10x_standard_peripheral\Source\gd32f10x_fmc.c 0x00000000   Number         0  gd32f10x_fmc.o ABSOLUTE
    ..\Firmware_Lib\GD32F10x_standard_peripheral\Source\gd32f10x_fwdgt.c 0x00000000   Number         0  gd32f10x_fwdgt.o ABSOLUTE
    ..\Firmware_Lib\GD32F10x_standard_peripheral\Source\gd32f10x_gpio.c 0x00000000   Number         0  gd32f10x_gpio.o ABSOLUTE
    ..\Firmware_Lib\GD32F10x_standard_peripheral\Source\gd32f10x_i2c.c 0x00000000   Number         0  gd32f10x_i2c.o ABSOLUTE
    ..\Firmware_Lib\GD32F10x_standard_peripheral\Source\gd32f10x_misc.c 0x00000000   Number         0  gd32f10x_misc.o ABSOLUTE
    ..\Firmware_Lib\GD32F10x_standard_peripheral\Source\gd32f10x_pmu.c 0x00000000   Number         0  gd32f10x_pmu.o ABSOLUTE
    ..\Firmware_Lib\GD32F10x_standard_peripheral\Source\gd32f10x_rcu.c 0x00000000   Number         0  gd32f10x_rcu.o ABSOLUTE
    ..\Firmware_Lib\GD32F10x_standard_peripheral\Source\gd32f10x_rtc.c 0x00000000   Number         0  gd32f10x_rtc.o ABSOLUTE
    ..\Firmware_Lib\GD32F10x_standard_peripheral\Source\gd32f10x_sdio.c 0x00000000   Number         0  gd32f10x_sdio.o ABSOLUTE
    ..\Firmware_Lib\GD32F10x_standard_peripheral\Source\gd32f10x_spi.c 0x00000000   Number         0  gd32f10x_spi.o ABSOLUTE
    ..\Firmware_Lib\GD32F10x_standard_peripheral\Source\gd32f10x_timer.c 0x00000000   Number         0  gd32f10x_timer.o ABSOLUTE
    ..\Firmware_Lib\GD32F10x_standard_peripheral\Source\gd32f10x_usart.c 0x00000000   Number         0  gd32f10x_usart.o ABSOLUTE
    ..\Firmware_Lib\GD32F10x_standard_peripheral\Source\gd32f10x_wwdgt.c 0x00000000   Number         0  gd32f10x_wwdgt.o ABSOLUTE
    ..\IIC\iic.c                             0x00000000   Number         0  iic.o ABSOLUTE
    ..\Key\key.c                             0x00000000   Number         0  key.o ABSOLUTE
    ..\Led\led.c                             0x00000000   Number         0  led.o ABSOLUTE
    ..\Oled\oled.c                           0x00000000   Number         0  oled.o ABSOLUTE
    ..\Systick\systick.c                     0x00000000   Number         0  systick.o ABSOLUTE
    ..\Uart\uart.c                           0x00000000   Number         0  uart.o ABSOLUTE
    ..\Utilities\gd32f10x_eval.c             0x00000000   Number         0  gd32f10x_eval.o ABSOLUTE
    ..\\App_Main\\gd32f10x_it.c              0x00000000   Number         0  gd32f10x_it.o ABSOLUTE
    ..\\App_Main\\main.c                     0x00000000   Number         0  main.o ABSOLUTE
    ..\\Delay\\delay.c                       0x00000000   Number         0  delay.o ABSOLUTE
    ..\\Firmware_Lib\\CMSIS\\GD\\GD32F10x\\Source\\system_gd32f10x.c 0x00000000   Number         0  system_gd32f10x.o ABSOLUTE
    ..\\Firmware_Lib\\GD32F10x_standard_peripheral\\Source\\gd32f10x_adc.c 0x00000000   Number         0  gd32f10x_adc.o ABSOLUTE
    ..\\Firmware_Lib\\GD32F10x_standard_peripheral\\Source\\gd32f10x_bkp.c 0x00000000   Number         0  gd32f10x_bkp.o ABSOLUTE
    ..\\Firmware_Lib\\GD32F10x_standard_peripheral\\Source\\gd32f10x_can.c 0x00000000   Number         0  gd32f10x_can.o ABSOLUTE
    ..\\Firmware_Lib\\GD32F10x_standard_peripheral\\Source\\gd32f10x_crc.c 0x00000000   Number         0  gd32f10x_crc.o ABSOLUTE
    ..\\Firmware_Lib\\GD32F10x_standard_peripheral\\Source\\gd32f10x_dac.c 0x00000000   Number         0  gd32f10x_dac.o ABSOLUTE
    ..\\Firmware_Lib\\GD32F10x_standard_peripheral\\Source\\gd32f10x_dbg.c 0x00000000   Number         0  gd32f10x_dbg.o ABSOLUTE
    ..\\Firmware_Lib\\GD32F10x_standard_peripheral\\Source\\gd32f10x_dma.c 0x00000000   Number         0  gd32f10x_dma.o ABSOLUTE
    ..\\Firmware_Lib\\GD32F10x_standard_peripheral\\Source\\gd32f10x_enet.c 0x00000000   Number         0  gd32f10x_enet.o ABSOLUTE
    ..\\Firmware_Lib\\GD32F10x_standard_peripheral\\Source\\gd32f10x_exmc.c 0x00000000   Number         0  gd32f10x_exmc.o ABSOLUTE
    ..\\Firmware_Lib\\GD32F10x_standard_peripheral\\Source\\gd32f10x_exti.c 0x00000000   Number         0  gd32f10x_exti.o ABSOLUTE
    ..\\Firmware_Lib\\GD32F10x_standard_peripheral\\Source\\gd32f10x_fmc.c 0x00000000   Number         0  gd32f10x_fmc.o ABSOLUTE
    ..\\Firmware_Lib\\GD32F10x_standard_peripheral\\Source\\gd32f10x_fwdgt.c 0x00000000   Number         0  gd32f10x_fwdgt.o ABSOLUTE
    ..\\Firmware_Lib\\GD32F10x_standard_peripheral\\Source\\gd32f10x_gpio.c 0x00000000   Number         0  gd32f10x_gpio.o ABSOLUTE
    ..\\Firmware_Lib\\GD32F10x_standard_peripheral\\Source\\gd32f10x_i2c.c 0x00000000   Number         0  gd32f10x_i2c.o ABSOLUTE
    ..\\Firmware_Lib\\GD32F10x_standard_peripheral\\Source\\gd32f10x_misc.c 0x00000000   Number         0  gd32f10x_misc.o ABSOLUTE
    ..\\Firmware_Lib\\GD32F10x_standard_peripheral\\Source\\gd32f10x_pmu.c 0x00000000   Number         0  gd32f10x_pmu.o ABSOLUTE
    ..\\Firmware_Lib\\GD32F10x_standard_peripheral\\Source\\gd32f10x_rcu.c 0x00000000   Number         0  gd32f10x_rcu.o ABSOLUTE
    ..\\Firmware_Lib\\GD32F10x_standard_peripheral\\Source\\gd32f10x_rtc.c 0x00000000   Number         0  gd32f10x_rtc.o ABSOLUTE
    ..\\Firmware_Lib\\GD32F10x_standard_peripheral\\Source\\gd32f10x_sdio.c 0x00000000   Number         0  gd32f10x_sdio.o ABSOLUTE
    ..\\Firmware_Lib\\GD32F10x_standard_peripheral\\Source\\gd32f10x_spi.c 0x00000000   Number         0  gd32f10x_spi.o ABSOLUTE
    ..\\Firmware_Lib\\GD32F10x_standard_peripheral\\Source\\gd32f10x_timer.c 0x00000000   Number         0  gd32f10x_timer.o ABSOLUTE
    ..\\Firmware_Lib\\GD32F10x_standard_peripheral\\Source\\gd32f10x_usart.c 0x00000000   Number         0  gd32f10x_usart.o ABSOLUTE
    ..\\Firmware_Lib\\GD32F10x_standard_peripheral\\Source\\gd32f10x_wwdgt.c 0x00000000   Number         0  gd32f10x_wwdgt.o ABSOLUTE
    ..\\IIC\\iic.c                           0x00000000   Number         0  iic.o ABSOLUTE
    ..\\Key\\key.c                           0x00000000   Number         0  key.o ABSOLUTE
    ..\\Led\\led.c                           0x00000000   Number         0  led.o ABSOLUTE
    ..\\Oled\\oled.c                         0x00000000   Number         0  oled.o ABSOLUTE
    ..\\Systick\\systick.c                   0x00000000   Number         0  systick.o ABSOLUTE
    ..\\Uart\\uart.c                         0x00000000   Number         0  uart.o ABSOLUTE
    ..\\Utilities\\gd32f10x_eval.c           0x00000000   Number         0  gd32f10x_eval.o ABSOLUTE
    cdrcmple.s                               0x00000000   Number         0  cdrcmple.o ABSOLUTE
    dc.s                                     0x00000000   Number         0  dc.o ABSOLUTE
    handlers.s                               0x00000000   Number         0  handlers.o ABSOLUTE
    init.s                                   0x00000000   Number         0  init.o ABSOLUTE
    RESET                                    0x08000000   Section      304  startup_gd32f10x_hd.o(RESET)
    .ARM.Collect$$$$00000000                 0x08000130   Section        0  entry.o(.ARM.Collect$$$$00000000)
    .ARM.Collect$$$$00000001                 0x08000130   Section        4  entry2.o(.ARM.Collect$$$$00000001)
    .ARM.Collect$$$$00000004                 0x08000134   Section        4  entry5.o(.ARM.Collect$$$$00000004)
    .ARM.Collect$$$$00000008                 0x08000138   Section        0  entry7b.o(.ARM.Collect$$$$00000008)
    .ARM.Collect$$$$0000000A                 0x08000138   Section        0  entry8b.o(.ARM.Collect$$$$0000000A)
    .ARM.Collect$$$$0000000B                 0x08000138   Section        8  entry9a.o(.ARM.Collect$$$$0000000B)
    .ARM.Collect$$$$0000000E                 0x08000140   Section        4  entry12b.o(.ARM.Collect$$$$0000000E)
    .ARM.Collect$$$$0000000F                 0x08000144   Section        0  entry10a.o(.ARM.Collect$$$$0000000F)
    .ARM.Collect$$$$00000011                 0x08000144   Section        0  entry11a.o(.ARM.Collect$$$$00000011)
    .ARM.Collect$$$$00002712                 0x08000144   Section        4  entry2.o(.ARM.Collect$$$$00002712)
    __lit__00000000                          0x08000144   Data           4  entry2.o(.ARM.Collect$$$$00002712)
    .text                                    0x08000148   Section       36  startup_gd32f10x_hd.o(.text)
    $v0                                      0x08000148   Number         0  startup_gd32f10x_hd.o(.text)
    .text                                    0x0800016c   Section        0  memseta.o(.text)
    .text                                    0x08000190   Section        0  strlen.o(.text)
    .text                                    0x0800019e   Section        0  uidiv.o(.text)
    .text                                    0x080001cc   Section       36  init.o(.text)
    .text                                    0x080001f0   Section        0  __dczerorl2.o(.text)
    i.BusFault_Handler                       0x08000246   Section        0  gd32f10x_it.o(i.BusFault_Handler)
    i.CheckScreenDisplayIsFull               0x0800024c   Section        0  oled.o(i.CheckScreenDisplayIsFull)
    i.ClearAllShowStrInfo                    0x080002b0   Section        0  oled.o(i.ClearAllShowStrInfo)
    i.CursorLineFeed                         0x080002c4   Section        0  oled.o(i.CursorLineFeed)
    i.DebugMon_Handler                       0x0800034c   Section        0  gd32f10x_it.o(i.DebugMon_Handler)
    i.DefaultSetCharSizeSetInfo              0x08000350   Section        0  oled.o(i.DefaultSetCharSizeSetInfo)
    i.GetCharSize                            0x08000360   Section        0  oled.o(i.GetCharSize)
    i.GetCharSizeSetInfo_Hight               0x08000368   Section        0  oled.o(i.GetCharSizeSetInfo_Hight)
    i.GetCharSizeSetInfo_SizeNumber          0x08000374   Section        0  oled.o(i.GetCharSizeSetInfo_SizeNumber)
    i.GetCharSizeSetInfo_Width               0x08000380   Section        0  oled.o(i.GetCharSizeSetInfo_Width)
    i.GetCursorInfo                          0x0800038c   Section        0  oled.o(i.GetCursorInfo)
    i.HardFault_Handler                      0x08000394   Section        0  gd32f10x_it.o(i.HardFault_Handler)
    i.I2C_Start                              0x08000398   Section        0  oled.o(i.I2C_Start)
    i.I2C_Stop                               0x080003a0   Section        0  oled.o(i.I2C_Stop)
    i.I2C_WaitAck                            0x080003a8   Section        0  oled.o(i.I2C_WaitAck)
    i.MemManage_Handler                      0x080003b0   Section        0  gd32f10x_it.o(i.MemManage_Handler)
    i.NMI_Handler                            0x080003b4   Section        0  gd32f10x_it.o(i.NMI_Handler)
    i.NVIC_SetPriority                       0x080003b8   Section        0  systick.o(i.NVIC_SetPriority)
    NVIC_SetPriority                         0x080003b9   Thumb Code    32  systick.o(i.NVIC_SetPriority)
    i.OLED_Clear                             0x080003e0   Section        0  oled.o(i.OLED_Clear)
    i.OLED_ClearAllShowStringInfo            0x08000410   Section        0  oled.o(i.OLED_ClearAllShowStringInfo)
    i.OLED_ClearPoint                        0x0800041c   Section        0  oled.o(i.OLED_ClearPoint)
    i.OLED_DrawPoint                         0x0800047c   Section        0  oled.o(i.OLED_DrawPoint)
    i.OLED_Init                              0x080004b8   Section        0  oled.o(i.OLED_Init)
    i.OLED_Refresh                           0x080005d8   Section        0  oled.o(i.OLED_Refresh)
    i.OLED_ShowChar                          0x08000624   Section        0  oled.o(i.OLED_ShowChar)
    i.OLED_ShowStringControl                 0x08000720   Section        0  oled.o(i.OLED_ShowStringControl)
    i.OLED_ShowStringProcess                 0x08000784   Section        0  oled.o(i.OLED_ShowStringProcess)
    i.OLED_WR_Byte                           0x08000800   Section        0  oled.o(i.OLED_WR_Byte)
    i.PendSV_Handler                         0x08000838   Section        0  gd32f10x_it.o(i.PendSV_Handler)
    i.ReflashCursorInfo_PointInfo            0x0800083c   Section        0  oled.o(i.ReflashCursorInfo_PointInfo)
    i.ReflashShowStrInfo                     0x080008b4   Section        0  oled.o(i.ReflashShowStrInfo)
    i.ResetCursorInfo                        0x08000990   Section        0  oled.o(i.ResetCursorInfo)
    i.SVC_Handler                            0x080009ac   Section        0  gd32f10x_it.o(i.SVC_Handler)
    i.Send_Byte                              0x080009ae   Section        0  oled.o(i.Send_Byte)
    i.SetCharSizeSetInfo                     0x080009ba   Section        0  oled.o(i.SetCharSizeSetInfo)
    i.SysTick_Handler                        0x080009e8   Section        0  gd32f10x_it.o(i.SysTick_Handler)
    i.SystemInit                             0x080009f0   Section        0  system_gd32f10x.o(i.SystemInit)
    i.TIMER6_IRQHandler                      0x08000ac4   Section        0  delay.o(i.TIMER6_IRQHandler)
    i.UsageFault_Handler                     0x08000ae0   Section        0  gd32f10x_it.o(i.UsageFault_Handler)
    i.__0printf$6                            0x08000ae4   Section        0  printf6.o(i.__0printf$6)
    i.__0sprintf$6                           0x08000b04   Section        0  printf6.o(i.__0sprintf$6)
    i.__scatterload_copy                     0x08000b2c   Section       14  handlers.o(i.__scatterload_copy)
    i.__scatterload_null                     0x08000b3a   Section        2  handlers.o(i.__scatterload_null)
    i.__scatterload_zeroinit                 0x08000b3c   Section       14  handlers.o(i.__scatterload_zeroinit)
    i._printf_core                           0x08000b4c   Section        0  printf6.o(i._printf_core)
    _printf_core                             0x08000b4d   Thumb Code   748  printf6.o(i._printf_core)
    i._printf_post_padding                   0x08000e3c   Section        0  printf6.o(i._printf_post_padding)
    _printf_post_padding                     0x08000e3d   Thumb Code    36  printf6.o(i._printf_post_padding)
    i._printf_pre_padding                    0x08000e60   Section        0  printf6.o(i._printf_pre_padding)
    _printf_pre_padding                      0x08000e61   Thumb Code    46  printf6.o(i._printf_pre_padding)
    i._sputc                                 0x08000e8e   Section        0  printf6.o(i._sputc)
    _sputc                                   0x08000e8f   Thumb Code    10  printf6.o(i._sputc)
    i.add_led_work_peroid                    0x08000e98   Section        0  led.o(i.add_led_work_peroid)
    i.clear_key_press_time                   0x08000eb0   Section        0  key.o(i.clear_key_press_time)
    i.delay_init                             0x08000ec4   Section        0  delay.o(i.delay_init)
    i.delay_ms                               0x08000f30   Section        0  delay.o(i.delay_ms)
    i.delay_us                               0x08000f4c   Section        0  delay.o(i.delay_us)
    i.desable_and_clear_led_work             0x08000f8c   Section        0  led.o(i.desable_and_clear_led_work)
    i.fputc                                  0x08000fb0   Section        0  uart.o(i.fputc)
    i.get_key_press_action                   0x08000fd4   Section        0  key.o(i.get_key_press_action)
    i.get_led_work_end_s                     0x08001044   Section        0  led.o(i.get_led_work_end_s)
    i.get_led_work_num_s                     0x08001050   Section        0  led.o(i.get_led_work_num_s)
    i.get_led_work_pin                       0x0800105c   Section        0  led.o(i.get_led_work_pin)
    i.get_led_work_remain_s                  0x080010dc   Section        0  led.o(i.get_led_work_remain_s)
    i.get_led_work_stauts                    0x080010e8   Section        0  led.o(i.get_led_work_stauts)
    i.get_sys_tick_ms                        0x080010f4   Section        0  systick.o(i.get_sys_tick_ms)
    i.get_sys_tick_s                         0x08001100   Section        0  systick.o(i.get_sys_tick_s)
    i.gpio_bit_reset                         0x0800110c   Section        0  gd32f10x_gpio.o(i.gpio_bit_reset)
    i.gpio_bit_set                           0x08001110   Section        0  gd32f10x_gpio.o(i.gpio_bit_set)
    i.gpio_init                              0x08001114   Section        0  gd32f10x_gpio.o(i.gpio_init)
    i.gpio_input_bit_get                     0x080011c0   Section        0  gd32f10x_gpio.o(i.gpio_input_bit_get)
    i.handle_long_press_key                  0x080011d0   Section        0  key.o(i.handle_long_press_key)
    i.handle_short_press_key                 0x080011e4   Section        0  key.o(i.handle_short_press_key)
    i.iic_delay_us                           0x080011ee   Section        0  iic.o(i.iic_delay_us)
    iic_delay_us                             0x080011ef   Thumb Code    12  iic.o(i.iic_delay_us)
    i.iic_init                               0x080011fc   Section        0  iic.o(i.iic_init)
    i.iic_read_sda                           0x08001228   Section        0  iic.o(i.iic_read_sda)
    iic_read_sda                             0x08001229   Thumb Code    22  iic.o(i.iic_read_sda)
    i.iic_scl_h                              0x08001244   Section        0  iic.o(i.iic_scl_h)
    iic_scl_h                                0x08001245   Thumb Code    14  iic.o(i.iic_scl_h)
    i.iic_scl_l                              0x08001258   Section        0  iic.o(i.iic_scl_l)
    iic_scl_l                                0x08001259   Thumb Code    14  iic.o(i.iic_scl_l)
    i.iic_start                              0x0800126c   Section        0  iic.o(i.iic_start)
    i.iic_stop                               0x08001296   Section        0  iic.o(i.iic_stop)
    i.iic_wait_ack                           0x080012c0   Section        0  iic.o(i.iic_wait_ack)
    i.iic_write_byte                         0x08001320   Section        0  iic.o(i.iic_write_byte)
    i.iic_write_sda                          0x08001354   Section        0  iic.o(i.iic_write_sda)
    iic_write_sda                            0x08001355   Thumb Code    30  iic.o(i.iic_write_sda)
    i.init_key_press                         0x08001378   Section        0  key.o(i.init_key_press)
    i.key_init                               0x0800139c   Section        0  key.o(i.key_init)
    i.key_process                            0x080013b8   Section        0  key.o(i.key_process)
    i.led_flash                              0x080013ec   Section        0  led.o(i.led_flash)
    i.led_init                               0x08001448   Section        0  led.o(i.led_init)
    i.led_off                                0x08001464   Section        0  led.o(i.led_off)
    i.led_on                                 0x08001480   Section        0  led.o(i.led_on)
    i.led_work_process                       0x0800149c   Section        0  led.o(i.led_work_process)
    i.main                                   0x080014dc   Section        0  main.o(i.main)
    i.nvic_irq_enable                        0x08001584   Section        0  gd32f10x_misc.o(i.nvic_irq_enable)
    i.nvic_priority_group_set                0x08001630   Section        0  gd32f10x_misc.o(i.nvic_priority_group_set)
    i.nvic_vector_table_set                  0x08001644   Section        0  gd32f10x_misc.o(i.nvic_vector_table_set)
    i.pc_com_init                            0x0800165c   Section        0  uart.o(i.pc_com_init)
    i.rcu_clock_freq_get                     0x080016e4   Section        0  gd32f10x_rcu.o(i.rcu_clock_freq_get)
    i.rcu_periph_clock_enable                0x08001808   Section        0  gd32f10x_rcu.o(i.rcu_periph_clock_enable)
    i.rcu_periph_reset_disable               0x08001828   Section        0  gd32f10x_rcu.o(i.rcu_periph_reset_disable)
    i.rcu_periph_reset_enable                0x08001848   Section        0  gd32f10x_rcu.o(i.rcu_periph_reset_enable)
    i.relash_sys_tcik_ms                     0x08001868   Section        0  systick.o(i.relash_sys_tcik_ms)
    i.reset_led_work_peroid                  0x08001958   Section        0  led.o(i.reset_led_work_peroid)
    i.scan_key_press                         0x08001970   Section        0  key.o(i.scan_key_press)
    i.set_led_work_stauts                    0x08001a34   Section        0  led.o(i.set_led_work_stauts)
    i.set_led_work_time                      0x08001a4c   Section        0  led.o(i.set_led_work_time)
    i.system_clock_108m_hxtal                0x08001aa0   Section        0  system_gd32f10x.o(i.system_clock_108m_hxtal)
    system_clock_108m_hxtal                  0x08001aa1   Thumb Code   182  system_gd32f10x.o(i.system_clock_108m_hxtal)
    i.system_clock_config                    0x08001b64   Section        0  system_gd32f10x.o(i.system_clock_config)
    system_clock_config                      0x08001b65   Thumb Code     8  system_gd32f10x.o(i.system_clock_config)
    i.systick_init                           0x08001b6c   Section        0  systick.o(i.systick_init)
    i.timer_deinit                           0x08001bbc   Section        0  gd32f10x_timer.o(i.timer_deinit)
    i.timer_init                             0x08001c98   Section        0  gd32f10x_timer.o(i.timer_init)
    i.timer_interrupt_enable                 0x08001d78   Section        0  gd32f10x_timer.o(i.timer_interrupt_enable)
    i.togle_led_level                        0x08001d80   Section        0  led.o(i.togle_led_level)
    i.updata_led_work_remain_s               0x08001dac   Section        0  led.o(i.updata_led_work_remain_s)
    i.update_led_work_pin                    0x08001dd4   Section        0  led.o(i.update_led_work_pin)
    i.usart_baudrate_set                     0x08001de8   Section        0  gd32f10x_usart.o(i.usart_baudrate_set)
    i.usart_data_transmit                    0x08001e78   Section        0  gd32f10x_usart.o(i.usart_data_transmit)
    i.usart_deinit                           0x08001e80   Section        0  gd32f10x_usart.o(i.usart_deinit)
    i.usart_enable                           0x08001f10   Section        0  gd32f10x_usart.o(i.usart_enable)
    i.usart_flag_get                         0x08001f1a   Section        0  gd32f10x_usart.o(i.usart_flag_get)
    i.usart_hardware_flow_cts_config         0x08001f38   Section        0  gd32f10x_usart.o(i.usart_hardware_flow_cts_config)
    i.usart_hardware_flow_rts_config         0x08001f48   Section        0  gd32f10x_usart.o(i.usart_hardware_flow_rts_config)
    i.usart_parity_config                    0x08001f58   Section        0  gd32f10x_usart.o(i.usart_parity_config)
    i.usart_receive_config                   0x08001f68   Section        0  gd32f10x_usart.o(i.usart_receive_config)
    i.usart_stop_bit_set                     0x08001f78   Section        0  gd32f10x_usart.o(i.usart_stop_bit_set)
    i.usart_transmit_config                  0x08001f88   Section        0  gd32f10x_usart.o(i.usart_transmit_config)
    i.usart_word_length_set                  0x08001f98   Section        0  gd32f10x_usart.o(i.usart_word_length_set)
    .constdata                               0x08001fa8   Section     6080  oled.o(.constdata)
    .constdata                               0x08003768   Section       13  iic.o(.constdata)
    __FUNCTION__                             0x08003768   Data          13  iic.o(.constdata)
    .data                                    0x20000000   Section        4  system_gd32f10x.o(.data)
    .data                                    0x20000004   Section        1  key.o(.data)
    handle_long_press_flag                   0x20000004   Data           1  key.o(.data)
    .data                                    0x20000008   Section        4  led.o(.data)
    led_work_pin_old                         0x20000008   Data           4  led.o(.data)
    .data                                    0x2000000c   Section     8130  oled.o(.data)
    .data                                    0x20001fce   Section        2  delay.o(.data)
    .data                                    0x20001fd0   Section       16  systick.o(.data)
    sys_tick_ms                              0x20001fd0   Data           4  systick.o(.data)
    sys_tick_s                               0x20001fd4   Data           4  systick.o(.data)
    sys_tick_m                               0x20001fd8   Data           4  systick.o(.data)
    sys_tick_h                               0x20001fdc   Data           4  systick.o(.data)
    .data                                    0x20001fe0   Section        4  stdout.o(.data)
    .bss                                     0x20001fe4   Section       32  key.o(.bss)
    .bss                                     0x20002004   Section       32  led.o(.bss)
    .bss                                     0x20002024   Section     1888  oled.o(.bss)
    STACK                                    0x20002788   Section     1024  startup_gd32f10x_hd.o(STACK)

    Global Symbols

    Symbol Name                              Value     Ov Type        Size  Object(Section)

    BuildAttributes$$THM_ISAv4$E$P$D$K$B$S$7EM$VFPi3$EXTD16$VFPS$VFMA$PE$A:L22UL41UL21$X:L11$S22US41US21$IEEE1$IW$USESV6$~STKCKD$USESV7$~SHL$OSPACE$ROPI$EBA8$MICROLIB$REQ8$PRES8$EABIv2 0x00000000   Number         0  anon$$obj.o ABSOLUTE
    __ARM_use_no_argv                        0x00000000   Number         0  main.o ABSOLUTE
    _printf_a                                0x00000000   Number         0  stubs.o ABSOLUTE
    _printf_c                                0x00000000   Number         0  stubs.o ABSOLUTE
    _printf_charcount                        0x00000000   Number         0  stubs.o ABSOLUTE
    _printf_d                                0x00000000   Number         0  stubs.o ABSOLUTE
    _printf_e                                0x00000000   Number         0  stubs.o ABSOLUTE
    _printf_f                                0x00000000   Number         0  stubs.o ABSOLUTE
    _printf_flags                            0x00000000   Number         0  stubs.o ABSOLUTE
    _printf_fp_dec                           0x00000000   Number         0  stubs.o ABSOLUTE
    _printf_fp_hex                           0x00000000   Number         0  stubs.o ABSOLUTE
    _printf_g                                0x00000000   Number         0  stubs.o ABSOLUTE
    _printf_i                                0x00000000   Number         0  stubs.o ABSOLUTE
    _printf_int_dec                          0x00000000   Number         0  stubs.o ABSOLUTE
    _printf_l                                0x00000000   Number         0  stubs.o ABSOLUTE
    _printf_lc                               0x00000000   Number         0  stubs.o ABSOLUTE
    _printf_ll                               0x00000000   Number         0  stubs.o ABSOLUTE
    _printf_lld                              0x00000000   Number         0  stubs.o ABSOLUTE
    _printf_lli                              0x00000000   Number         0  stubs.o ABSOLUTE
    _printf_llo                              0x00000000   Number         0  stubs.o ABSOLUTE
    _printf_llu                              0x00000000   Number         0  stubs.o ABSOLUTE
    _printf_llx                              0x00000000   Number         0  stubs.o ABSOLUTE
    _printf_longlong_dec                     0x00000000   Number         0  stubs.o ABSOLUTE
    _printf_longlong_hex                     0x00000000   Number         0  stubs.o ABSOLUTE
    _printf_longlong_oct                     0x00000000   Number         0  stubs.o ABSOLUTE
    _printf_ls                               0x00000000   Number         0  stubs.o ABSOLUTE
    _printf_mbtowc                           0x00000000   Number         0  stubs.o ABSOLUTE
    _printf_n                                0x00000000   Number         0  stubs.o ABSOLUTE
    _printf_o                                0x00000000   Number         0  stubs.o ABSOLUTE
    _printf_p                                0x00000000   Number         0  stubs.o ABSOLUTE
    _printf_percent                          0x00000000   Number         0  stubs.o ABSOLUTE
    _printf_pre_padding                      0x00000000   Number         0  stubs.o ABSOLUTE
    _printf_return_value                     0x00000000   Number         0  stubs.o ABSOLUTE
    _printf_s                                0x00000000   Number         0  stubs.o ABSOLUTE
    _printf_sizespec                         0x00000000   Number         0  stubs.o ABSOLUTE
    _printf_str                              0x00000000   Number         0  stubs.o ABSOLUTE
    _printf_truncate_signed                  0x00000000   Number         0  stubs.o ABSOLUTE
    _printf_truncate_unsigned                0x00000000   Number         0  stubs.o ABSOLUTE
    _printf_u                                0x00000000   Number         0  stubs.o ABSOLUTE
    _printf_wc                               0x00000000   Number         0  stubs.o ABSOLUTE
    _printf_wctomb                           0x00000000   Number         0  stubs.o ABSOLUTE
    _printf_widthprec                        0x00000000   Number         0  stubs.o ABSOLUTE
    _printf_x                                0x00000000   Number         0  stubs.o ABSOLUTE
    __arm_fini_                               - Undefined Weak Reference
    __cpp_initialize__aeabi_                  - Undefined Weak Reference
    __cxa_finalize                            - Undefined Weak Reference
    _clock_init                               - Undefined Weak Reference
    _microlib_exit                            - Undefined Weak Reference
    __Vectors_Size                           0x00000130   Number         0  startup_gd32f10x_hd.o ABSOLUTE
    __Vectors                                0x08000000   Data           4  startup_gd32f10x_hd.o(RESET)
    __Vectors_End                            0x08000130   Data           0  startup_gd32f10x_hd.o(RESET)
    __main                                   0x08000131   Thumb Code     0  entry.o(.ARM.Collect$$$$00000000)
    _main_stk                                0x08000131   Thumb Code     0  entry2.o(.ARM.Collect$$$$00000001)
    _main_scatterload                        0x08000135   Thumb Code     0  entry5.o(.ARM.Collect$$$$00000004)
    __main_after_scatterload                 0x08000139   Thumb Code     0  entry5.o(.ARM.Collect$$$$00000004)
    _main_clock                              0x08000139   Thumb Code     0  entry7b.o(.ARM.Collect$$$$00000008)
    _main_cpp_init                           0x08000139   Thumb Code     0  entry8b.o(.ARM.Collect$$$$0000000A)
    _main_init                               0x08000139   Thumb Code     0  entry9a.o(.ARM.Collect$$$$0000000B)
    __rt_lib_shutdown_fini                   0x08000141   Thumb Code     0  entry12b.o(.ARM.Collect$$$$0000000E)
    __rt_final_cpp                           0x08000145   Thumb Code     0  entry10a.o(.ARM.Collect$$$$0000000F)
    __rt_final_exit                          0x08000145   Thumb Code     0  entry11a.o(.ARM.Collect$$$$00000011)
    Reset_Handler                            0x08000149   Thumb Code     8  startup_gd32f10x_hd.o(.text)
    ADC0_1_IRQHandler                        0x08000163   Thumb Code     0  startup_gd32f10x_hd.o(.text)
    ADC2_IRQHandler                          0x08000163   Thumb Code     0  startup_gd32f10x_hd.o(.text)
    CAN0_EWMC_IRQHandler                     0x08000163   Thumb Code     0  startup_gd32f10x_hd.o(.text)
    CAN0_RX1_IRQHandler                      0x08000163   Thumb Code     0  startup_gd32f10x_hd.o(.text)
    DMA0_Channel0_IRQHandler                 0x08000163   Thumb Code     0  startup_gd32f10x_hd.o(.text)
    DMA0_Channel1_IRQHandler                 0x08000163   Thumb Code     0  startup_gd32f10x_hd.o(.text)
    DMA0_Channel2_IRQHandler                 0x08000163   Thumb Code     0  startup_gd32f10x_hd.o(.text)
    DMA0_Channel3_IRQHandler                 0x08000163   Thumb Code     0  startup_gd32f10x_hd.o(.text)
    DMA0_Channel4_IRQHandler                 0x08000163   Thumb Code     0  startup_gd32f10x_hd.o(.text)
    DMA0_Channel5_IRQHandler                 0x08000163   Thumb Code     0  startup_gd32f10x_hd.o(.text)
    DMA0_Channel6_IRQHandler                 0x08000163   Thumb Code     0  startup_gd32f10x_hd.o(.text)
    DMA1_Channel0_IRQHandler                 0x08000163   Thumb Code     0  startup_gd32f10x_hd.o(.text)
    DMA1_Channel1_IRQHandler                 0x08000163   Thumb Code     0  startup_gd32f10x_hd.o(.text)
    DMA1_Channel2_IRQHandler                 0x08000163   Thumb Code     0  startup_gd32f10x_hd.o(.text)
    DMA1_Channel3_4_IRQHandler               0x08000163   Thumb Code     0  startup_gd32f10x_hd.o(.text)
    EXMC_IRQHandler                          0x08000163   Thumb Code     0  startup_gd32f10x_hd.o(.text)
    EXTI0_IRQHandler                         0x08000163   Thumb Code     0  startup_gd32f10x_hd.o(.text)
    EXTI10_15_IRQHandler                     0x08000163   Thumb Code     0  startup_gd32f10x_hd.o(.text)
    EXTI1_IRQHandler                         0x08000163   Thumb Code     0  startup_gd32f10x_hd.o(.text)
    EXTI2_IRQHandler                         0x08000163   Thumb Code     0  startup_gd32f10x_hd.o(.text)
    EXTI3_IRQHandler                         0x08000163   Thumb Code     0  startup_gd32f10x_hd.o(.text)
    EXTI4_IRQHandler                         0x08000163   Thumb Code     0  startup_gd32f10x_hd.o(.text)
    EXTI5_9_IRQHandler                       0x08000163   Thumb Code     0  startup_gd32f10x_hd.o(.text)
    FMC_IRQHandler                           0x08000163   Thumb Code     0  startup_gd32f10x_hd.o(.text)
    I2C0_ER_IRQHandler                       0x08000163   Thumb Code     0  startup_gd32f10x_hd.o(.text)
    I2C0_EV_IRQHandler                       0x08000163   Thumb Code     0  startup_gd32f10x_hd.o(.text)
    I2C1_ER_IRQHandler                       0x08000163   Thumb Code     0  startup_gd32f10x_hd.o(.text)
    I2C1_EV_IRQHandler                       0x08000163   Thumb Code     0  startup_gd32f10x_hd.o(.text)
    LVD_IRQHandler                           0x08000163   Thumb Code     0  startup_gd32f10x_hd.o(.text)
    RCU_IRQHandler                           0x08000163   Thumb Code     0  startup_gd32f10x_hd.o(.text)
    RTC_Alarm_IRQHandler                     0x08000163   Thumb Code     0  startup_gd32f10x_hd.o(.text)
    RTC_IRQHandler                           0x08000163   Thumb Code     0  startup_gd32f10x_hd.o(.text)
    SDIO_IRQHandler                          0x08000163   Thumb Code     0  startup_gd32f10x_hd.o(.text)
    SPI0_IRQHandler                          0x08000163   Thumb Code     0  startup_gd32f10x_hd.o(.text)
    SPI1_IRQHandler                          0x08000163   Thumb Code     0  startup_gd32f10x_hd.o(.text)
    SPI2_IRQHandler                          0x08000163   Thumb Code     0  startup_gd32f10x_hd.o(.text)
    TAMPER_IRQHandler                        0x08000163   Thumb Code     0  startup_gd32f10x_hd.o(.text)
    TIMER0_BRK_IRQHandler                    0x08000163   Thumb Code     0  startup_gd32f10x_hd.o(.text)
    TIMER0_Channel_IRQHandler                0x08000163   Thumb Code     0  startup_gd32f10x_hd.o(.text)
    TIMER0_TRG_CMT_IRQHandler                0x08000163   Thumb Code     0  startup_gd32f10x_hd.o(.text)
    TIMER0_UP_IRQHandler                     0x08000163   Thumb Code     0  startup_gd32f10x_hd.o(.text)
    TIMER1_IRQHandler                        0x08000163   Thumb Code     0  startup_gd32f10x_hd.o(.text)
    TIMER2_IRQHandler                        0x08000163   Thumb Code     0  startup_gd32f10x_hd.o(.text)
    TIMER3_IRQHandler                        0x08000163   Thumb Code     0  startup_gd32f10x_hd.o(.text)
    TIMER4_IRQHandler                        0x08000163   Thumb Code     0  startup_gd32f10x_hd.o(.text)
    TIMER5_IRQHandler                        0x08000163   Thumb Code     0  startup_gd32f10x_hd.o(.text)
    TIMER7_BRK_IRQHandler                    0x08000163   Thumb Code     0  startup_gd32f10x_hd.o(.text)
    TIMER7_Channel_IRQHandler                0x08000163   Thumb Code     0  startup_gd32f10x_hd.o(.text)
    TIMER7_TRG_CMT_IRQHandler                0x08000163   Thumb Code     0  startup_gd32f10x_hd.o(.text)
    TIMER7_UP_IRQHandler                     0x08000163   Thumb Code     0  startup_gd32f10x_hd.o(.text)
    UART3_IRQHandler                         0x08000163   Thumb Code     0  startup_gd32f10x_hd.o(.text)
    UART4_IRQHandler                         0x08000163   Thumb Code     0  startup_gd32f10x_hd.o(.text)
    USART0_IRQHandler                        0x08000163   Thumb Code     0  startup_gd32f10x_hd.o(.text)
    USART1_IRQHandler                        0x08000163   Thumb Code     0  startup_gd32f10x_hd.o(.text)
    USART2_IRQHandler                        0x08000163   Thumb Code     0  startup_gd32f10x_hd.o(.text)
    USBD_HP_CAN0_TX_IRQHandler               0x08000163   Thumb Code     0  startup_gd32f10x_hd.o(.text)
    USBD_LP_CAN0_RX0_IRQHandler              0x08000163   Thumb Code     0  startup_gd32f10x_hd.o(.text)
    USBD_WKUP_IRQHandler                     0x08000163   Thumb Code     0  startup_gd32f10x_hd.o(.text)
    WWDGT_IRQHandler                         0x08000163   Thumb Code     0  startup_gd32f10x_hd.o(.text)
    __aeabi_memset                           0x0800016d   Thumb Code    14  memseta.o(.text)
    __aeabi_memset4                          0x0800016d   Thumb Code     0  memseta.o(.text)
    __aeabi_memset8                          0x0800016d   Thumb Code     0  memseta.o(.text)
    __aeabi_memclr                           0x0800017b   Thumb Code     4  memseta.o(.text)
    __aeabi_memclr4                          0x0800017b   Thumb Code     0  memseta.o(.text)
    __aeabi_memclr8                          0x0800017b   Thumb Code     0  memseta.o(.text)
    _memset$wrapper                          0x0800017f   Thumb Code    18  memseta.o(.text)
    strlen                                   0x08000191   Thumb Code    14  strlen.o(.text)
    __aeabi_uidiv                            0x0800019f   Thumb Code     0  uidiv.o(.text)
    __aeabi_uidivmod                         0x0800019f   Thumb Code    44  uidiv.o(.text)
    __scatterload                            0x080001cd   Thumb Code    28  init.o(.text)
    __scatterload_rt2                        0x080001cd   Thumb Code     0  init.o(.text)
    __decompress                             0x080001f1   Thumb Code     0  __dczerorl2.o(.text)
    __decompress1                            0x080001f1   Thumb Code    86  __dczerorl2.o(.text)
    BusFault_Handler                         0x08000247   Thumb Code     4  gd32f10x_it.o(i.BusFault_Handler)
    CheckScreenDisplayIsFull                 0x0800024d   Thumb Code    52  oled.o(i.CheckScreenDisplayIsFull)
    ClearAllShowStrInfo                      0x080002b1   Thumb Code    14  oled.o(i.ClearAllShowStrInfo)
    CursorLineFeed                           0x080002c5   Thumb Code    54  oled.o(i.CursorLineFeed)
    DebugMon_Handler                         0x0800034d   Thumb Code     2  gd32f10x_it.o(i.DebugMon_Handler)
    DefaultSetCharSizeSetInfo                0x08000351   Thumb Code    12  oled.o(i.DefaultSetCharSizeSetInfo)
    GetCharSize                              0x08000361   Thumb Code     6  oled.o(i.GetCharSize)
    GetCharSizeSetInfo_Hight                 0x08000369   Thumb Code     6  oled.o(i.GetCharSizeSetInfo_Hight)
    GetCharSizeSetInfo_SizeNumber            0x08000375   Thumb Code     6  oled.o(i.GetCharSizeSetInfo_SizeNumber)
    GetCharSizeSetInfo_Width                 0x08000381   Thumb Code     6  oled.o(i.GetCharSizeSetInfo_Width)
    GetCursorInfo                            0x0800038d   Thumb Code     4  oled.o(i.GetCursorInfo)
    HardFault_Handler                        0x08000395   Thumb Code     4  gd32f10x_it.o(i.HardFault_Handler)
    I2C_Start                                0x08000399   Thumb Code     8  oled.o(i.I2C_Start)
    I2C_Stop                                 0x080003a1   Thumb Code     8  oled.o(i.I2C_Stop)
    I2C_WaitAck                              0x080003a9   Thumb Code     8  oled.o(i.I2C_WaitAck)
    MemManage_Handler                        0x080003b1   Thumb Code     4  gd32f10x_it.o(i.MemManage_Handler)
    NMI_Handler                              0x080003b5   Thumb Code     2  gd32f10x_it.o(i.NMI_Handler)
    OLED_Clear                               0x080003e1   Thumb Code    42  oled.o(i.OLED_Clear)
    OLED_ClearAllShowStringInfo              0x08000411   Thumb Code    12  oled.o(i.OLED_ClearAllShowStringInfo)
    OLED_ClearPoint                          0x0800041d   Thumb Code    90  oled.o(i.OLED_ClearPoint)
    OLED_DrawPoint                           0x0800047d   Thumb Code    54  oled.o(i.OLED_DrawPoint)
    OLED_Init                                0x080004b9   Thumb Code   284  oled.o(i.OLED_Init)
    OLED_Refresh                             0x080005d9   Thumb Code    70  oled.o(i.OLED_Refresh)
    OLED_ShowChar                            0x08000625   Thumb Code   240  oled.o(i.OLED_ShowChar)
    OLED_ShowStringControl                   0x08000721   Thumb Code    94  oled.o(i.OLED_ShowStringControl)
    OLED_ShowStringProcess                   0x08000785   Thumb Code    84  oled.o(i.OLED_ShowStringProcess)
    OLED_WR_Byte                             0x08000801   Thumb Code    56  oled.o(i.OLED_WR_Byte)
    PendSV_Handler                           0x08000839   Thumb Code     2  gd32f10x_it.o(i.PendSV_Handler)
    ReflashCursorInfo_PointInfo              0x0800083d   Thumb Code   114  oled.o(i.ReflashCursorInfo_PointInfo)
    ReflashShowStrInfo                       0x080008b5   Thumb Code   214  oled.o(i.ReflashShowStrInfo)
    ResetCursorInfo                          0x08000991   Thumb Code    24  oled.o(i.ResetCursorInfo)
    SVC_Handler                              0x080009ad   Thumb Code     2  gd32f10x_it.o(i.SVC_Handler)
    Send_Byte                                0x080009af   Thumb Code    12  oled.o(i.Send_Byte)
    SetCharSizeSetInfo                       0x080009bb   Thumb Code    46  oled.o(i.SetCharSizeSetInfo)
    SysTick_Handler                          0x080009e9   Thumb Code     8  gd32f10x_it.o(i.SysTick_Handler)
    SystemInit                               0x080009f1   Thumb Code   196  system_gd32f10x.o(i.SystemInit)
    TIMER6_IRQHandler                        0x08000ac5   Thumb Code    20  delay.o(i.TIMER6_IRQHandler)
    UsageFault_Handler                       0x08000ae1   Thumb Code     4  gd32f10x_it.o(i.UsageFault_Handler)
    __0printf$6                              0x08000ae5   Thumb Code    22  printf6.o(i.__0printf$6)
    __1printf$6                              0x08000ae5   Thumb Code     0  printf6.o(i.__0printf$6)
    __2printf                                0x08000ae5   Thumb Code     0  printf6.o(i.__0printf$6)
    __0sprintf$6                             0x08000b05   Thumb Code    34  printf6.o(i.__0sprintf$6)
    __1sprintf$6                             0x08000b05   Thumb Code     0  printf6.o(i.__0sprintf$6)
    __2sprintf                               0x08000b05   Thumb Code     0  printf6.o(i.__0sprintf$6)
    __scatterload_copy                       0x08000b2d   Thumb Code    14  handlers.o(i.__scatterload_copy)
    __scatterload_null                       0x08000b3b   Thumb Code     2  handlers.o(i.__scatterload_null)
    __scatterload_zeroinit                   0x08000b3d   Thumb Code    14  handlers.o(i.__scatterload_zeroinit)
    add_led_work_peroid                      0x08000e99   Thumb Code    24  led.o(i.add_led_work_peroid)
    clear_key_press_time                     0x08000eb1   Thumb Code    16  key.o(i.clear_key_press_time)
    delay_init                               0x08000ec5   Thumb Code   100  delay.o(i.delay_init)
    delay_ms                                 0x08000f31   Thumb Code    26  delay.o(i.delay_ms)
    delay_us                                 0x08000f4d   Thumb Code    56  delay.o(i.delay_us)
    desable_and_clear_led_work               0x08000f8d   Thumb Code    30  led.o(i.desable_and_clear_led_work)
    fputc                                    0x08000fb1   Thumb Code    32  uart.o(i.fputc)
    get_key_press_action                     0x08000fd5   Thumb Code   106  key.o(i.get_key_press_action)
    get_led_work_end_s                       0x08001045   Thumb Code     6  led.o(i.get_led_work_end_s)
    get_led_work_num_s                       0x08001051   Thumb Code     6  led.o(i.get_led_work_num_s)
    get_led_work_pin                         0x0800105d   Thumb Code   126  led.o(i.get_led_work_pin)
    get_led_work_remain_s                    0x080010dd   Thumb Code     6  led.o(i.get_led_work_remain_s)
    get_led_work_stauts                      0x080010e9   Thumb Code     6  led.o(i.get_led_work_stauts)
    get_sys_tick_ms                          0x080010f5   Thumb Code     6  systick.o(i.get_sys_tick_ms)
    get_sys_tick_s                           0x08001101   Thumb Code     6  systick.o(i.get_sys_tick_s)
    gpio_bit_reset                           0x0800110d   Thumb Code     4  gd32f10x_gpio.o(i.gpio_bit_reset)
    gpio_bit_set                             0x08001111   Thumb Code     4  gd32f10x_gpio.o(i.gpio_bit_set)
    gpio_init                                0x08001115   Thumb Code   172  gd32f10x_gpio.o(i.gpio_init)
    gpio_input_bit_get                       0x080011c1   Thumb Code    16  gd32f10x_gpio.o(i.gpio_input_bit_get)
    handle_long_press_key                    0x080011d1   Thumb Code    14  key.o(i.handle_long_press_key)
    handle_short_press_key                   0x080011e5   Thumb Code    10  key.o(i.handle_short_press_key)
    iic_init                                 0x080011fd   Thumb Code    40  iic.o(i.iic_init)
    iic_start                                0x0800126d   Thumb Code    42  iic.o(i.iic_start)
    iic_stop                                 0x08001297   Thumb Code    42  iic.o(i.iic_stop)
    iic_wait_ack                             0x080012c1   Thumb Code    68  iic.o(i.iic_wait_ack)
    iic_write_byte                           0x08001321   Thumb Code    52  iic.o(i.iic_write_byte)
    init_key_press                           0x08001379   Thumb Code    30  key.o(i.init_key_press)
    key_init                                 0x0800139d   Thumb Code    24  key.o(i.key_init)
    key_process                              0x080013b9   Thumb Code    48  key.o(i.key_process)
    led_flash                                0x080013ed   Thumb Code    88  led.o(i.led_flash)
    led_init                                 0x08001449   Thumb Code    24  led.o(i.led_init)
    led_off                                  0x08001465   Thumb Code    24  led.o(i.led_off)
    led_on                                   0x08001481   Thumb Code    24  led.o(i.led_on)
    led_work_process                         0x0800149d   Thumb Code    58  led.o(i.led_work_process)
    main                                     0x080014dd   Thumb Code   104  main.o(i.main)
    nvic_irq_enable                          0x08001585   Thumb Code   162  gd32f10x_misc.o(i.nvic_irq_enable)
    nvic_priority_group_set                  0x08001631   Thumb Code    10  gd32f10x_misc.o(i.nvic_priority_group_set)
    nvic_vector_table_set                    0x08001645   Thumb Code    16  gd32f10x_misc.o(i.nvic_vector_table_set)
    pc_com_init                              0x0800165d   Thumb Code   126  uart.o(i.pc_com_init)
    rcu_clock_freq_get                       0x080016e5   Thumb Code   264  gd32f10x_rcu.o(i.rcu_clock_freq_get)
    rcu_periph_clock_enable                  0x08001809   Thumb Code    28  gd32f10x_rcu.o(i.rcu_periph_clock_enable)
    rcu_periph_reset_disable                 0x08001829   Thumb Code    28  gd32f10x_rcu.o(i.rcu_periph_reset_disable)
    rcu_periph_reset_enable                  0x08001849   Thumb Code    28  gd32f10x_rcu.o(i.rcu_periph_reset_enable)
    relash_sys_tcik_ms                       0x08001869   Thumb Code   220  systick.o(i.relash_sys_tcik_ms)
    reset_led_work_peroid                    0x08001959   Thumb Code    22  led.o(i.reset_led_work_peroid)
    scan_key_press                           0x08001971   Thumb Code   182  key.o(i.scan_key_press)
    set_led_work_stauts                      0x08001a35   Thumb Code    18  led.o(i.set_led_work_stauts)
    set_led_work_time                        0x08001a4d   Thumb Code    78  led.o(i.set_led_work_time)
    systick_init                             0x08001b6d   Thumb Code    74  systick.o(i.systick_init)
    timer_deinit                             0x08001bbd   Thumb Code   210  gd32f10x_timer.o(i.timer_deinit)
    timer_init                               0x08001c99   Thumb Code   170  gd32f10x_timer.o(i.timer_init)
    timer_interrupt_enable                   0x08001d79   Thumb Code     8  gd32f10x_timer.o(i.timer_interrupt_enable)
    togle_led_level                          0x08001d81   Thumb Code    40  led.o(i.togle_led_level)
    updata_led_work_remain_s                 0x08001dad   Thumb Code    34  led.o(i.updata_led_work_remain_s)
    update_led_work_pin                      0x08001dd5   Thumb Code    18  led.o(i.update_led_work_pin)
    usart_baudrate_set                       0x08001de9   Thumb Code   136  gd32f10x_usart.o(i.usart_baudrate_set)
    usart_data_transmit                      0x08001e79   Thumb Code     8  gd32f10x_usart.o(i.usart_data_transmit)
    usart_deinit                             0x08001e81   Thumb Code   136  gd32f10x_usart.o(i.usart_deinit)
    usart_enable                             0x08001f11   Thumb Code    10  gd32f10x_usart.o(i.usart_enable)
    usart_flag_get                           0x08001f1b   Thumb Code    30  gd32f10x_usart.o(i.usart_flag_get)
    usart_hardware_flow_cts_config           0x08001f39   Thumb Code    16  gd32f10x_usart.o(i.usart_hardware_flow_cts_config)
    usart_hardware_flow_rts_config           0x08001f49   Thumb Code    16  gd32f10x_usart.o(i.usart_hardware_flow_rts_config)
    usart_parity_config                      0x08001f59   Thumb Code    16  gd32f10x_usart.o(i.usart_parity_config)
    usart_receive_config                     0x08001f69   Thumb Code    16  gd32f10x_usart.o(i.usart_receive_config)
    usart_stop_bit_set                       0x08001f79   Thumb Code    16  gd32f10x_usart.o(i.usart_stop_bit_set)
    usart_transmit_config                    0x08001f89   Thumb Code    16  gd32f10x_usart.o(i.usart_transmit_config)
    usart_word_length_set                    0x08001f99   Thumb Code    16  gd32f10x_usart.o(i.usart_word_length_set)
    asc2_1206                                0x08001fa8   Data        1140  oled.o(.constdata)
    asc2_1608                                0x0800241c   Data        1520  oled.o(.constdata)
    asc2_2412                                0x08002a0c   Data        3420  oled.o(.constdata)
    Region$$Table$$Base                      0x08003778   Number         0  anon$$obj.o(Region$$Table)
    Region$$Table$$Limit                     0x08003798   Number         0  anon$$obj.o(Region$$Table)
    SystemCoreClock                          0x20000000   Data           4  system_gd32f10x.o(.data)
    Hzk                                      0x2000000c   Data         896  oled.o(.data)
    Hzk1                                     0x2000038c   Data         352  oled.o(.data)
    Hzk2                                     0x200004ec   Data         216  oled.o(.data)
    Hzk3                                     0x200005c4   Data         512  oled.o(.data)
    Hzk4                                     0x200007c4   Data        4096  oled.o(.data)
    BMP1                                     0x200017c4   Data        1024  oled.o(.data)
    BMP2                                     0x20001bc4   Data        1024  oled.o(.data)
    g_char_sizes_set_info                    0x20001fc4   Data           3  oled.o(.data)
    g_cursor_info                            0x20001fc7   Data           7  oled.o(.data)
    us_count                                 0x20001fce   Data           2  delay.o(.data)
    __stdout                                 0x20001fe0   Data           4  stdout.o(.data)
    key_press                                0x20001fe4   Data          32  key.o(.bss)
    led_work                                 0x20002004   Data          32  led.o(.bss)
    OLED_GRAM                                0x20002024   Data        1152  oled.o(.bss)
    g_show_str_info                          0x200024a4   Data         736  oled.o(.bss)
    __initial_sp                             0x20002b88   Data           0  startup_gd32f10x_hd.o(STACK)



==============================================================================

Memory Map of the image

  Image Entry point : 0x08000131

  Load Region LR_IROM1 (Base: 0x08000000, Size: 0x0000577c, Max: 0x00040000, ABSOLUTE, COMPRESSED[0x00003cd4])

    Execution Region ER_IROM1 (Exec base: 0x08000000, Load base: 0x08000000, Size: 0x00003798, Max: 0x00040000, ABSOLUTE)

    Exec Addr    Load Addr    Size         Type   Attr      Idx    E Section Name        Object

    0x08000000   0x08000000   0x00000130   Data   RO         3808    RESET               startup_gd32f10x_hd.o
    0x08000130   0x08000130   0x00000000   Code   RO         4651  * .ARM.Collect$$$$00000000  mc_w.l(entry.o)
    0x08000130   0x08000130   0x00000004   Code   RO         4923    .ARM.Collect$$$$00000001  mc_w.l(entry2.o)
    0x08000134   0x08000134   0x00000004   Code   RO         4926    .ARM.Collect$$$$00000004  mc_w.l(entry5.o)
    0x08000138   0x08000138   0x00000000   Code   RO         4928    .ARM.Collect$$$$00000008  mc_w.l(entry7b.o)
    0x08000138   0x08000138   0x00000000   Code   RO         4930    .ARM.Collect$$$$0000000A  mc_w.l(entry8b.o)
    0x08000138   0x08000138   0x00000008   Code   RO         4931    .ARM.Collect$$$$0000000B  mc_w.l(entry9a.o)
    0x08000140   0x08000140   0x00000004   Code   RO         4938    .ARM.Collect$$$$0000000E  mc_w.l(entry12b.o)
    0x08000144   0x08000144   0x00000000   Code   RO         4933    .ARM.Collect$$$$0000000F  mc_w.l(entry10a.o)
    0x08000144   0x08000144   0x00000000   Code   RO         4935    .ARM.Collect$$$$00000011  mc_w.l(entry11a.o)
    0x08000144   0x08000144   0x00000004   Code   RO         4924    .ARM.Collect$$$$00002712  mc_w.l(entry2.o)
    0x08000148   0x08000148   0x00000024   Code   RO         3809    .text               startup_gd32f10x_hd.o
    0x0800016c   0x0800016c   0x00000024   Code   RO         4656    .text               mc_w.l(memseta.o)
    0x08000190   0x08000190   0x0000000e   Code   RO         4658    .text               mc_w.l(strlen.o)
    0x0800019e   0x0800019e   0x0000002c   Code   RO         4940    .text               mc_w.l(uidiv.o)
    0x080001ca   0x080001ca   0x00000002   PAD
    0x080001cc   0x080001cc   0x00000024   Code   RO         4955    .text               mc_w.l(init.o)
    0x080001f0   0x080001f0   0x00000056   Code   RO         4973    .text               mc_w.l(__dczerorl2.o)
    0x08000246   0x08000246   0x00000004   Code   RO            3    i.BusFault_Handler  gd32f10x_it.o
    0x0800024a   0x0800024a   0x00000002   PAD
    0x0800024c   0x0800024c   0x00000064   Code   RO         4122    i.CheckScreenDisplayIsFull  oled.o
    0x080002b0   0x080002b0   0x00000014   Code   RO         4123    i.ClearAllShowStrInfo  oled.o
    0x080002c4   0x080002c4   0x00000088   Code   RO         4124    i.CursorLineFeed    oled.o
    0x0800034c   0x0800034c   0x00000002   Code   RO            4    i.DebugMon_Handler  gd32f10x_it.o
    0x0800034e   0x0800034e   0x00000002   PAD
    0x08000350   0x08000350   0x00000010   Code   RO         4125    i.DefaultSetCharSizeSetInfo  oled.o
    0x08000360   0x08000360   0x00000006   Code   RO         4126    i.GetCharSize       oled.o
    0x08000366   0x08000366   0x00000002   PAD
    0x08000368   0x08000368   0x0000000c   Code   RO         4128    i.GetCharSizeSetInfo_Hight  oled.o
    0x08000374   0x08000374   0x0000000c   Code   RO         4129    i.GetCharSizeSetInfo_SizeNumber  oled.o
    0x08000380   0x08000380   0x0000000c   Code   RO         4130    i.GetCharSizeSetInfo_Width  oled.o
    0x0800038c   0x0800038c   0x00000008   Code   RO         4131    i.GetCursorInfo     oled.o
    0x08000394   0x08000394   0x00000004   Code   RO            5    i.HardFault_Handler  gd32f10x_it.o
    0x08000398   0x08000398   0x00000008   Code   RO         4139    i.I2C_Start         oled.o
    0x080003a0   0x080003a0   0x00000008   Code   RO         4140    i.I2C_Stop          oled.o
    0x080003a8   0x080003a8   0x00000008   Code   RO         4141    i.I2C_WaitAck       oled.o
    0x080003b0   0x080003b0   0x00000004   Code   RO            6    i.MemManage_Handler  gd32f10x_it.o
    0x080003b4   0x080003b4   0x00000002   Code   RO            7    i.NMI_Handler       gd32f10x_it.o
    0x080003b6   0x080003b6   0x00000002   PAD
    0x080003b8   0x080003b8   0x00000028   Code   RO         4592    i.NVIC_SetPriority  systick.o
    0x080003e0   0x080003e0   0x00000030   Code   RO         4143    i.OLED_Clear        oled.o
    0x08000410   0x08000410   0x0000000c   Code   RO         4144    i.OLED_ClearAllShowStringInfo  oled.o
    0x0800041c   0x0800041c   0x00000060   Code   RO         4145    i.OLED_ClearPoint   oled.o
    0x0800047c   0x0800047c   0x0000003c   Code   RO         4152    i.OLED_DrawPoint    oled.o
    0x080004b8   0x080004b8   0x00000120   Code   RO         4153    i.OLED_Init         oled.o
    0x080005d8   0x080005d8   0x0000004c   Code   RO         4155    i.OLED_Refresh      oled.o
    0x08000624   0x08000624   0x000000fc   Code   RO         4157    i.OLED_ShowChar     oled.o
    0x08000720   0x08000720   0x00000064   Code   RO         4162    i.OLED_ShowStringControl  oled.o
    0x08000784   0x08000784   0x0000007c   Code   RO         4163    i.OLED_ShowStringProcess  oled.o
    0x08000800   0x08000800   0x00000038   Code   RO         4166    i.OLED_WR_Byte      oled.o
    0x08000838   0x08000838   0x00000002   Code   RO            8    i.PendSV_Handler    gd32f10x_it.o
    0x0800083a   0x0800083a   0x00000002   PAD
    0x0800083c   0x0800083c   0x00000078   Code   RO         4169    i.ReflashCursorInfo_PointInfo  oled.o
    0x080008b4   0x080008b4   0x000000dc   Code   RO         4170    i.ReflashShowStrInfo  oled.o
    0x08000990   0x08000990   0x0000001c   Code   RO         4171    i.ResetCursorInfo   oled.o
    0x080009ac   0x080009ac   0x00000002   Code   RO            9    i.SVC_Handler       gd32f10x_it.o
    0x080009ae   0x080009ae   0x0000000c   Code   RO         4172    i.Send_Byte         oled.o
    0x080009ba   0x080009ba   0x0000002e   Code   RO         4173    i.SetCharSizeSetInfo  oled.o
    0x080009e8   0x080009e8   0x00000008   Code   RO           10    i.SysTick_Handler   gd32f10x_it.o
    0x080009f0   0x080009f0   0x000000d4   Code   RO          234    i.SystemInit        system_gd32f10x.o
    0x08000ac4   0x08000ac4   0x0000001c   Code   RO         4469    i.TIMER6_IRQHandler  delay.o
    0x08000ae0   0x08000ae0   0x00000004   Code   RO           11    i.UsageFault_Handler  gd32f10x_it.o
    0x08000ae4   0x08000ae4   0x00000020   Code   RO         4817    i.__0printf$6       mc_w.l(printf6.o)
    0x08000b04   0x08000b04   0x00000028   Code   RO         4819    i.__0sprintf$6      mc_w.l(printf6.o)
    0x08000b2c   0x08000b2c   0x0000000e   Code   RO         4967    i.__scatterload_copy  mc_w.l(handlers.o)
    0x08000b3a   0x08000b3a   0x00000002   Code   RO         4968    i.__scatterload_null  mc_w.l(handlers.o)
    0x08000b3c   0x08000b3c   0x0000000e   Code   RO         4969    i.__scatterload_zeroinit  mc_w.l(handlers.o)
    0x08000b4a   0x08000b4a   0x00000002   PAD
    0x08000b4c   0x08000b4c   0x000002f0   Code   RO         4824    i._printf_core      mc_w.l(printf6.o)
    0x08000e3c   0x08000e3c   0x00000024   Code   RO         4825    i._printf_post_padding  mc_w.l(printf6.o)
    0x08000e60   0x08000e60   0x0000002e   Code   RO         4826    i._printf_pre_padding  mc_w.l(printf6.o)
    0x08000e8e   0x08000e8e   0x0000000a   Code   RO         4828    i._sputc            mc_w.l(printf6.o)
    0x08000e98   0x08000e98   0x00000018   Code   RO         3954    i.add_led_work_peroid  led.o
    0x08000eb0   0x08000eb0   0x00000014   Code   RO         3873    i.clear_key_press_time  key.o
    0x08000ec4   0x08000ec4   0x0000006c   Code   RO         4470    i.delay_init        delay.o
    0x08000f30   0x08000f30   0x0000001a   Code   RO         4471    i.delay_ms          delay.o
    0x08000f4a   0x08000f4a   0x00000002   PAD
    0x08000f4c   0x08000f4c   0x00000040   Code   RO         4472    i.delay_us          delay.o
    0x08000f8c   0x08000f8c   0x00000024   Code   RO         3955    i.desable_and_clear_led_work  led.o
    0x08000fb0   0x08000fb0   0x00000024   Code   RO         4092    i.fputc             uart.o
    0x08000fd4   0x08000fd4   0x00000070   Code   RO         3874    i.get_key_press_action  key.o
    0x08001044   0x08001044   0x0000000c   Code   RO         3956    i.get_led_work_end_s  led.o
    0x08001050   0x08001050   0x0000000c   Code   RO         3958    i.get_led_work_num_s  led.o
    0x0800105c   0x0800105c   0x0000007e   Code   RO         3959    i.get_led_work_pin  led.o
    0x080010da   0x080010da   0x00000002   PAD
    0x080010dc   0x080010dc   0x0000000c   Code   RO         3960    i.get_led_work_remain_s  led.o
    0x080010e8   0x080010e8   0x0000000c   Code   RO         3962    i.get_led_work_stauts  led.o
    0x080010f4   0x080010f4   0x0000000c   Code   RO         4595    i.get_sys_tick_ms   systick.o
    0x08001100   0x08001100   0x0000000c   Code   RO         4596    i.get_sys_tick_s    systick.o
    0x0800110c   0x0800110c   0x00000004   Code   RO         1776    i.gpio_bit_reset    gd32f10x_gpio.o
    0x08001110   0x08001110   0x00000004   Code   RO         1777    i.gpio_bit_set      gd32f10x_gpio.o
    0x08001114   0x08001114   0x000000ac   Code   RO         1784    i.gpio_init         gd32f10x_gpio.o
    0x080011c0   0x080011c0   0x00000010   Code   RO         1785    i.gpio_input_bit_get  gd32f10x_gpio.o
    0x080011d0   0x080011d0   0x00000014   Code   RO         3876    i.handle_long_press_key  key.o
    0x080011e4   0x080011e4   0x0000000a   Code   RO         3877    i.handle_short_press_key  key.o
    0x080011ee   0x080011ee   0x0000000c   Code   RO         4511    i.iic_delay_us      iic.o
    0x080011fa   0x080011fa   0x00000002   PAD
    0x080011fc   0x080011fc   0x0000002c   Code   RO         4512    i.iic_init          iic.o
    0x08001228   0x08001228   0x0000001c   Code   RO         4514    i.iic_read_sda      iic.o
    0x08001244   0x08001244   0x00000014   Code   RO         4515    i.iic_scl_h         iic.o
    0x08001258   0x08001258   0x00000014   Code   RO         4516    i.iic_scl_l         iic.o
    0x0800126c   0x0800126c   0x0000002a   Code   RO         4517    i.iic_start         iic.o
    0x08001296   0x08001296   0x0000002a   Code   RO         4518    i.iic_stop          iic.o
    0x080012c0   0x080012c0   0x00000060   Code   RO         4519    i.iic_wait_ack      iic.o
    0x08001320   0x08001320   0x00000034   Code   RO         4520    i.iic_write_byte    iic.o
    0x08001354   0x08001354   0x00000024   Code   RO         4521    i.iic_write_sda     iic.o
    0x08001378   0x08001378   0x00000024   Code   RO         3878    i.init_key_press    key.o
    0x0800139c   0x0800139c   0x0000001c   Code   RO         3879    i.key_init          key.o
    0x080013b8   0x080013b8   0x00000034   Code   RO         3880    i.key_process       key.o
    0x080013ec   0x080013ec   0x0000005c   Code   RO         3963    i.led_flash         led.o
    0x08001448   0x08001448   0x0000001c   Code   RO         3964    i.led_init          led.o
    0x08001464   0x08001464   0x0000001c   Code   RO         3965    i.led_off           led.o
    0x08001480   0x08001480   0x0000001c   Code   RO         3966    i.led_on            led.o
    0x0800149c   0x0800149c   0x00000040   Code   RO         3967    i.led_work_process  led.o
    0x080014dc   0x080014dc   0x000000a8   Code   RO          176    i.main              main.o
    0x08001584   0x08001584   0x000000ac   Code   RO         2092    i.nvic_irq_enable   gd32f10x_misc.o
    0x08001630   0x08001630   0x00000014   Code   RO         2093    i.nvic_priority_group_set  gd32f10x_misc.o
    0x08001644   0x08001644   0x00000018   Code   RO         2094    i.nvic_vector_table_set  gd32f10x_misc.o
    0x0800165c   0x0800165c   0x00000088   Code   RO         4093    i.pc_com_init       uart.o
    0x080016e4   0x080016e4   0x00000124   Code   RO         2242    i.rcu_clock_freq_get  gd32f10x_rcu.o
    0x08001808   0x08001808   0x00000020   Code   RO         2259    i.rcu_periph_clock_enable  gd32f10x_rcu.o
    0x08001828   0x08001828   0x00000020   Code   RO         2262    i.rcu_periph_reset_disable  gd32f10x_rcu.o
    0x08001848   0x08001848   0x00000020   Code   RO         2263    i.rcu_periph_reset_enable  gd32f10x_rcu.o
    0x08001868   0x08001868   0x000000f0   Code   RO         4597    i.relash_sys_tcik_ms  systick.o
    0x08001958   0x08001958   0x00000016   Code   RO         3968    i.reset_led_work_peroid  led.o
    0x0800196e   0x0800196e   0x00000002   PAD
    0x08001970   0x08001970   0x000000c4   Code   RO         3881    i.scan_key_press    key.o
    0x08001a34   0x08001a34   0x00000018   Code   RO         3969    i.set_led_work_stauts  led.o
    0x08001a4c   0x08001a4c   0x00000054   Code   RO         3970    i.set_led_work_time  led.o
    0x08001aa0   0x08001aa0   0x000000c4   Code   RO          235    i.system_clock_108m_hxtal  system_gd32f10x.o
    0x08001b64   0x08001b64   0x00000008   Code   RO          236    i.system_clock_config  system_gd32f10x.o
    0x08001b6c   0x08001b6c   0x00000050   Code   RO         4598    i.systick_init      systick.o
    0x08001bbc   0x08001bbc   0x000000dc   Code   RO         3083    i.timer_deinit      gd32f10x_timer.o
    0x08001c98   0x08001c98   0x000000e0   Code   RO         3098    i.timer_init        gd32f10x_timer.o
    0x08001d78   0x08001d78   0x00000008   Code   RO         3105    i.timer_interrupt_enable  gd32f10x_timer.o
    0x08001d80   0x08001d80   0x0000002c   Code   RO         3971    i.togle_led_level   led.o
    0x08001dac   0x08001dac   0x00000028   Code   RO         3972    i.updata_led_work_remain_s  led.o
    0x08001dd4   0x08001dd4   0x00000012   Code   RO         3973    i.update_led_work_pin  led.o
    0x08001de6   0x08001de6   0x00000002   PAD
    0x08001de8   0x08001de8   0x00000090   Code   RO         3481    i.usart_baudrate_set  gd32f10x_usart.o
    0x08001e78   0x08001e78   0x00000008   Code   RO         3483    i.usart_data_transmit  gd32f10x_usart.o
    0x08001e80   0x08001e80   0x00000090   Code   RO         3484    i.usart_deinit      gd32f10x_usart.o
    0x08001f10   0x08001f10   0x0000000a   Code   RO         3488    i.usart_enable      gd32f10x_usart.o
    0x08001f1a   0x08001f1a   0x0000001e   Code   RO         3490    i.usart_flag_get    gd32f10x_usart.o
    0x08001f38   0x08001f38   0x00000010   Code   RO         3494    i.usart_hardware_flow_cts_config  gd32f10x_usart.o
    0x08001f48   0x08001f48   0x00000010   Code   RO         3495    i.usart_hardware_flow_rts_config  gd32f10x_usart.o
    0x08001f58   0x08001f58   0x00000010   Code   RO         3509    i.usart_parity_config  gd32f10x_usart.o
    0x08001f68   0x08001f68   0x00000010   Code   RO         3511    i.usart_receive_config  gd32f10x_usart.o
    0x08001f78   0x08001f78   0x00000010   Code   RO         3517    i.usart_stop_bit_set  gd32f10x_usart.o
    0x08001f88   0x08001f88   0x00000010   Code   RO         3521    i.usart_transmit_config  gd32f10x_usart.o
    0x08001f98   0x08001f98   0x00000010   Code   RO         3522    i.usart_word_length_set  gd32f10x_usart.o
    0x08001fa8   0x08001fa8   0x000017c0   Data   RO         4176    .constdata          oled.o
    0x08003768   0x08003768   0x0000000d   Data   RO         4522    .constdata          iic.o
    0x08003775   0x08003775   0x00000003   PAD
    0x08003778   0x08003778   0x00000020   Data   RO         4965    Region$$Table       anon$$obj.o


    Execution Region RW_IRAM1 (Exec base: 0x20000000, Load base: 0x08003798, Size: 0x00002b88, Max: 0x0000c000, ABSOLUTE, COMPRESSED[0x0000053c])

    Exec Addr    Load Addr    Size         Type   Attr      Idx    E Section Name        Object

    0x20000000   COMPRESSED   0x00000004   Data   RW          237    .data               system_gd32f10x.o
    0x20000004   COMPRESSED   0x00000001   Data   RW         3884    .data               key.o
    0x20000005   COMPRESSED   0x00000003   PAD
    0x20000008   COMPRESSED   0x00000004   Data   RW         3975    .data               led.o
    0x2000000c   COMPRESSED   0x00001fc2   Data   RW         4178    .data               oled.o
    0x20001fce   COMPRESSED   0x00000002   Data   RW         4473    .data               delay.o
    0x20001fd0   COMPRESSED   0x00000010   Data   RW         4599    .data               systick.o
    0x20001fe0   COMPRESSED   0x00000004   Data   RW         4939    .data               mc_w.l(stdout.o)
    0x20001fe4        -       0x00000020   Zero   RW         3883    .bss                key.o
    0x20002004        -       0x00000020   Zero   RW         3974    .bss                led.o
    0x20002024        -       0x00000760   Zero   RW         4175    .bss                oled.o
    0x20002784   COMPRESSED   0x00000004   PAD
    0x20002788        -       0x00000400   Zero   RW         3806    STACK               startup_gd32f10x_hd.o


==============================================================================

Image component sizes


      Code (inc. data)   RO Data    RW Data    ZI Data      Debug   Object Name

       226         24          0          2          0       2398   delay.o
       196          0          0          0          0       3025   gd32f10x_gpio.o
        32          0          0          0          0      47170   gd32f10x_it.o
       216         28          0          0          0       2268   gd32f10x_misc.o
       388         40          0          0          0       3212   gd32f10x_rcu.o
       452         64          0          0          0       2849   gd32f10x_timer.o
       448         16          0          0          0       8642   gd32f10x_usart.o
       392         56         13          0          0       5338   iic.o
       474         44          0          1         32       4774   key.o
       706         74          0          4         32      10867   led.o
       168         64          0          0          0       2739   main.o
      1884        264       6080       8130       1888      23047   oled.o
        36          8        304          0       1024        940   startup_gd32f10x_hd.o
       416         30          0          4          0       3063   system_gd32f10x.o
       384         46          0         16          0      25178   systick.o
       172         14          0          0          0       2414   uart.o

    ----------------------------------------------------------------------
      6610        772       6432       8160       2980     147924   Object Totals
         0          0         32          0          0          0   (incl. Generated)
        20          0          3          3          4          0   (incl. Padding)

    ----------------------------------------------------------------------

      Code (inc. data)   RO Data    RW Data    ZI Data      Debug   Library Member Name

        86          0          0          0          0          0   __dczerorl2.o
         0          0          0          0          0          0   entry.o
         0          0          0          0          0          0   entry10a.o
         0          0          0          0          0          0   entry11a.o
         4          0          0          0          0          0   entry12b.o
         8          4          0          0          0          0   entry2.o
         4          0          0          0          0          0   entry5.o
         0          0          0          0          0          0   entry7b.o
         0          0          0          0          0          0   entry8b.o
         8          4          0          0          0          0   entry9a.o
        30          0          0          0          0          0   handlers.o
        36          8          0          0          0         68   init.o
        36          0          0          0          0        108   memseta.o
       916         20          0          0          0        504   printf6.o
         0          0          0          4          0          0   stdout.o
        14          0          0          0          0         68   strlen.o
        44          0          0          0          0         80   uidiv.o

    ----------------------------------------------------------------------
      1190         36          0          4          0        828   Library Totals
         4          0          0          0          0          0   (incl. Padding)

    ----------------------------------------------------------------------

      Code (inc. data)   RO Data    RW Data    ZI Data      Debug   Library Name

      1186         36          0          4          0        828   mc_w.l

    ----------------------------------------------------------------------
      1190         36          0          4          0        828   Library Totals

    ----------------------------------------------------------------------

==============================================================================


      Code (inc. data)   RO Data    RW Data    ZI Data      Debug   

      7800        808       6432       8164       2980     138024   Grand Totals
      7800        808       6432       1340       2980     138024   ELF Image Totals (compressed)
      7800        808       6432       1340          0          0   ROM Totals

==============================================================================

    Total RO  Size (Code + RO Data)                14232 (  13.90kB)
    Total RW  Size (RW Data + ZI Data)             11144 (  10.88kB)
    Total ROM Size (Code + RO Data + RW Data)      15572 (  15.21kB)

==============================================================================

