Component: ARM Compiler 5.06 update 7 (build 960) Tool: armlink [4d3601]

==============================================================================

Section Cross References

    gd32f10x_it.o(i.SysTick_Handler) refers to gd32f10x_it.o(i.set_sys_tcik) for set_sys_tcik
    gd32f10x_it.o(i.get_sys_tick_h) refers to gd32f10x_it.o(.data) for sys_tick_h
    gd32f10x_it.o(i.get_sys_tick_m) refers to gd32f10x_it.o(.data) for sys_tick_m
    gd32f10x_it.o(i.get_sys_tick_ms) refers to gd32f10x_it.o(.data) for sys_tick_ms
    gd32f10x_it.o(i.get_sys_tick_s) refers to gd32f10x_it.o(.data) for sys_tick_s
    gd32f10x_it.o(i.set_sys_tcik) refers to gd32f10x_it.o(.data) for sys_tick_ms
    main.o(i.FunctionTest) refers to memcpya.o(.text) for __aeabi_memcpy4
    main.o(i.FunctionTest) refers to oled.o(i.OLED_ClearAll) for OLED_ClearAll
    main.o(i.FunctionTest) refers to strlen.o(.text) for strlen
    main.o(i.FunctionTest) refers to oled.o(i.OLED_ShowStringControl) for OLED_ShowStringControl
    main.o(i.FunctionTest) refers to delay.o(i.delay_ms) for delay_ms
    main.o(i.FunctionTest) refers to printf3.o(i.__0printf$3) for __2printf
    main.o(i.FunctionTest) refers to main.o(.constdata) for .constdata
    main.o(i.main) refers to memseta.o(.text) for __aeabi_memclr4
    main.o(i.main) refers to led.o(i.led_init) for led_init
    main.o(i.main) refers to key.o(i.key_init) for key_init
    main.o(i.main) refers to delay.o(i.delay_init) for delay_init
    main.o(i.main) refers to uart.o(i.pc_com_init) for pc_com_init
    main.o(i.main) refers to iic.o(i.iic_init) for iic_init
    main.o(i.main) refers to oled.o(i.OLED_Init) for OLED_Init
    main.o(i.main) refers to oled.o(i.DefaultSetCharSizeSetInfo) for DefaultSetCharSizeSetInfo
    main.o(i.main) refers to key.o(i.init_key_press) for init_key_press
    main.o(i.main) refers to printf3.o(i.__0sprintf$3) for __2sprintf
    main.o(i.main) refers to strlen.o(.text) for strlen
    main.o(i.main) refers to oled.o(i.OLED_ShowStringControl) for OLED_ShowStringControl
    main.o(i.main) refers to key.o(i.key_process) for key_process
    main.o(i.main) refers to led.o(i.led_work_process) for led_work_process
    main.o(i.main) refers to oled.o(i.OLED_ShowStringProcess) for OLED_ShowStringProcess
    system_gd32f10x.o(i.SystemInit) refers to system_gd32f10x.o(i.system_clock_config) for system_clock_config
    system_gd32f10x.o(i.SystemInit) refers to gd32f10x_misc.o(i.nvic_vector_table_set) for nvic_vector_table_set
    system_gd32f10x.o(i.system_clock_config) refers to system_gd32f10x.o(i.system_clock_108m_hxtal) for system_clock_108m_hxtal
    gd32f10x_adc.o(i.adc_deinit) refers to gd32f10x_rcu.o(i.rcu_periph_reset_enable) for rcu_periph_reset_enable
    gd32f10x_adc.o(i.adc_deinit) refers to gd32f10x_rcu.o(i.rcu_periph_reset_disable) for rcu_periph_reset_disable
    gd32f10x_bkp.o(i.bkp_deinit) refers to gd32f10x_rcu.o(i.rcu_bkp_reset_enable) for rcu_bkp_reset_enable
    gd32f10x_bkp.o(i.bkp_deinit) refers to gd32f10x_rcu.o(i.rcu_bkp_reset_disable) for rcu_bkp_reset_disable
    gd32f10x_can.o(i.can_debug_freeze_disable) refers to gd32f10x_dbg.o(i.dbg_periph_enable) for dbg_periph_enable
    gd32f10x_can.o(i.can_debug_freeze_enable) refers to gd32f10x_dbg.o(i.dbg_periph_enable) for dbg_periph_enable
    gd32f10x_can.o(i.can_deinit) refers to gd32f10x_rcu.o(i.rcu_periph_reset_enable) for rcu_periph_reset_enable
    gd32f10x_can.o(i.can_deinit) refers to gd32f10x_rcu.o(i.rcu_periph_reset_disable) for rcu_periph_reset_disable
    gd32f10x_can.o(i.can_interrupt_flag_get) refers to gd32f10x_can.o(i.can_receive_message_length_get) for can_receive_message_length_get
    gd32f10x_can.o(i.can_interrupt_flag_get) refers to gd32f10x_can.o(i.can_error_get) for can_error_get
    gd32f10x_dac.o(i.dac_deinit) refers to gd32f10x_rcu.o(i.rcu_periph_reset_enable) for rcu_periph_reset_enable
    gd32f10x_dac.o(i.dac_deinit) refers to gd32f10x_rcu.o(i.rcu_periph_reset_disable) for rcu_periph_reset_disable
    gd32f10x_dma.o(i.dma_channel_disable) refers to gd32f10x_dma.o(i.dma_periph_and_channel_check) for dma_periph_and_channel_check
    gd32f10x_dma.o(i.dma_channel_enable) refers to gd32f10x_dma.o(i.dma_periph_and_channel_check) for dma_periph_and_channel_check
    gd32f10x_dma.o(i.dma_circulation_disable) refers to gd32f10x_dma.o(i.dma_periph_and_channel_check) for dma_periph_and_channel_check
    gd32f10x_dma.o(i.dma_circulation_enable) refers to gd32f10x_dma.o(i.dma_periph_and_channel_check) for dma_periph_and_channel_check
    gd32f10x_dma.o(i.dma_deinit) refers to gd32f10x_dma.o(i.dma_periph_and_channel_check) for dma_periph_and_channel_check
    gd32f10x_dma.o(i.dma_init) refers to gd32f10x_dma.o(i.dma_periph_and_channel_check) for dma_periph_and_channel_check
    gd32f10x_dma.o(i.dma_interrupt_disable) refers to gd32f10x_dma.o(i.dma_periph_and_channel_check) for dma_periph_and_channel_check
[...]
    Removing gd32f10x_sdio.o(i.sdio_data_read), (12 bytes).
    Removing gd32f10x_sdio.o(i.sdio_data_transfer_config), (28 bytes).
    Removing gd32f10x_sdio.o(i.sdio_data_write), (12 bytes).
    Removing gd32f10x_sdio.o(i.sdio_deinit), (28 bytes).
    Removing gd32f10x_sdio.o(i.sdio_dma_disable), (20 bytes).
    Removing gd32f10x_sdio.o(i.sdio_dma_enable), (20 bytes).
    Removing gd32f10x_sdio.o(i.sdio_dsm_disable), (20 bytes).
    Removing gd32f10x_sdio.o(i.sdio_dsm_enable), (20 bytes).
    Removing gd32f10x_sdio.o(i.sdio_fifo_counter_get), (12 bytes).
    Removing gd32f10x_sdio.o(i.sdio_flag_clear), (12 bytes).
    Removing gd32f10x_sdio.o(i.sdio_flag_get), (20 bytes).
    Removing gd32f10x_sdio.o(i.sdio_hardware_clock_disable), (20 bytes).
    Removing gd32f10x_sdio.o(i.sdio_hardware_clock_enable), (20 bytes).
    Removing gd32f10x_sdio.o(i.sdio_interrupt_disable), (16 bytes).
    Removing gd32f10x_sdio.o(i.sdio_interrupt_enable), (16 bytes).
    Removing gd32f10x_sdio.o(i.sdio_interrupt_flag_clear), (12 bytes).
    Removing gd32f10x_sdio.o(i.sdio_interrupt_flag_get), (24 bytes).
    Removing gd32f10x_sdio.o(i.sdio_operation_disable), (20 bytes).
    Removing gd32f10x_sdio.o(i.sdio_operation_enable), (20 bytes).
    Removing gd32f10x_sdio.o(i.sdio_power_state_get), (12 bytes).
    Removing gd32f10x_sdio.o(i.sdio_power_state_set), (12 bytes).
    Removing gd32f10x_sdio.o(i.sdio_readwait_disable), (20 bytes).
    Removing gd32f10x_sdio.o(i.sdio_readwait_enable), (20 bytes).
    Removing gd32f10x_sdio.o(i.sdio_readwait_type_set), (40 bytes).
    Removing gd32f10x_sdio.o(i.sdio_response_get), (56 bytes).
    Removing gd32f10x_sdio.o(i.sdio_stop_readwait_disable), (20 bytes).
    Removing gd32f10x_sdio.o(i.sdio_stop_readwait_enable), (20 bytes).
    Removing gd32f10x_sdio.o(i.sdio_suspend_disable), (20 bytes).
    Removing gd32f10x_sdio.o(i.sdio_suspend_enable), (20 bytes).
    Removing gd32f10x_sdio.o(i.sdio_wait_type_set), (28 bytes).
    Removing gd32f10x_spi.o(.rev16_text), (4 bytes).
    Removing gd32f10x_spi.o(.revsh_text), (4 bytes).
    Removing gd32f10x_spi.o(i.i2s_disable), (10 bytes).
    Removing gd32f10x_spi.o(i.i2s_enable), (10 bytes).
    Removing gd32f10x_spi.o(i.i2s_init), (28 bytes).
    Removing gd32f10x_spi.o(i.i2s_psc_config), (164 bytes).
    Removing gd32f10x_spi.o(i.spi_bidirectional_transfer_config), (26 bytes).
    Removing gd32f10x_spi.o(i.spi_crc_error_clear), (10 bytes).
    Removing gd32f10x_spi.o(i.spi_crc_get), (16 bytes).
    Removing gd32f10x_spi.o(i.spi_crc_next), (10 bytes).
    Removing gd32f10x_spi.o(i.spi_crc_off), (10 bytes).
    Removing gd32f10x_spi.o(i.spi_crc_on), (10 bytes).
    Removing gd32f10x_spi.o(i.spi_crc_polynomial_get), (8 bytes).
    Removing gd32f10x_spi.o(i.spi_crc_polynomial_set), (12 bytes).
    Removing gd32f10x_spi.o(i.spi_disable), (10 bytes).
    Removing gd32f10x_spi.o(i.spi_dma_disable), (22 bytes).
    Removing gd32f10x_spi.o(i.spi_dma_enable), (22 bytes).
    Removing gd32f10x_spi.o(i.spi_enable), (10 bytes).
    Removing gd32f10x_spi.o(i.spi_i2s_data_frame_format_config), (16 bytes).
    Removing gd32f10x_spi.o(i.spi_i2s_data_receive), (8 bytes).
    Removing gd32f10x_spi.o(i.spi_i2s_data_transmit), (4 bytes).
    Removing gd32f10x_spi.o(i.spi_i2s_deinit), (88 bytes).
    Removing gd32f10x_spi.o(i.spi_i2s_flag_get), (16 bytes).
    Removing gd32f10x_spi.o(i.spi_i2s_interrupt_disable), (8 bytes).
    Removing gd32f10x_spi.o(i.spi_i2s_interrupt_enable), (8 bytes).
    Removing gd32f10x_spi.o(i.spi_i2s_interrupt_flag_get), (100 bytes).
    Removing gd32f10x_spi.o(i.spi_init), (50 bytes).
    Removing gd32f10x_spi.o(i.spi_nss_internal_high), (10 bytes).
    Removing gd32f10x_spi.o(i.spi_nss_internal_low), (10 bytes).
    Removing gd32f10x_spi.o(i.spi_nss_output_disable), (10 bytes).
    Removing gd32f10x_spi.o(i.spi_nss_output_enable), (10 bytes).
    Removing gd32f10x_spi.o(i.spi_struct_para_init), (18 bytes).
    Removing gd32f10x_timer.o(.rev16_text), (4 bytes).
    Removing gd32f10x_timer.o(.revsh_text), (4 bytes).
    Removing gd32f10x_timer.o(i.timer_auto_reload_shadow_disable), (10 bytes).
    Removing gd32f10x_timer.o(i.timer_auto_reload_shadow_enable), (10 bytes).
    Removing gd32f10x_timer.o(i.timer_automatic_output_disable), (10 bytes).
    Removing gd32f10x_timer.o(i.timer_automatic_output_enable), (10 bytes).
    Removing gd32f10x_timer.o(i.timer_autoreload_value_config), (4 bytes).
    Removing gd32f10x_timer.o(i.timer_break_config), (30 bytes).
    Removing gd32f10x_timer.o(i.timer_break_disable), (10 bytes).
    Removing gd32f10x_timer.o(i.timer_break_enable), (10 bytes).
    Removing gd32f10x_timer.o(i.timer_break_struct_para_init), (18 bytes).
    Removing gd32f10x_timer.o(i.timer_channel_capture_value_register_read), (42 bytes).
    Removing gd32f10x_timer.o(i.timer_channel_complementary_output_polarity_config), (70 bytes).
    Removing gd32f10x_timer.o(i.timer_channel_complementary_output_state_config), (70 bytes).
    Removing gd32f10x_timer.o(i.timer_channel_control_shadow_config), (24 bytes).
    Removing gd32f10x_timer.o(i.timer_channel_control_shadow_update_config), (26 bytes).
    Removing gd32f10x_timer.o(i.timer_channel_dma_request_source_select), (26 bytes).
    Removing gd32f10x_timer.o(i.timer_channel_input_capture_prescaler_config), (90 bytes).
    Removing gd32f10x_timer.o(i.timer_channel_input_struct_para_init), (16 bytes).
    Removing gd32f10x_timer.o(i.timer_channel_output_clear_config), (90 bytes).
    Removing gd32f10x_timer.o(i.timer_channel_output_config), (492 bytes).
    Removing gd32f10x_timer.o(i.timer_channel_output_fast_config), (90 bytes).
    Removing gd32f10x_timer.o(i.timer_channel_output_mode_config), (90 bytes).
    Removing gd32f10x_timer.o(i.timer_channel_output_polarity_config), (92 bytes).
    Removing gd32f10x_timer.o(i.timer_channel_output_pulse_value_config), (38 bytes).
    Removing gd32f10x_timer.o(i.timer_channel_output_shadow_config), (90 bytes).
    Removing gd32f10x_timer.o(i.timer_channel_output_state_config), (92 bytes).
    Removing gd32f10x_timer.o(i.timer_channel_output_struct_para_init), (16 bytes).
    Removing gd32f10x_timer.o(i.timer_counter_alignment), (16 bytes).
    Removing gd32f10x_timer.o(i.timer_counter_down_direction), (10 bytes).
    Removing gd32f10x_timer.o(i.timer_counter_read), (8 bytes).
    Removing gd32f10x_timer.o(i.timer_counter_up_direction), (10 bytes).
    Removing gd32f10x_timer.o(i.timer_counter_value_config), (4 bytes).
    Removing gd32f10x_timer.o(i.timer_disable), (10 bytes).
    Removing gd32f10x_timer.o(i.timer_dma_disable), (8 bytes).
    Removing gd32f10x_timer.o(i.timer_dma_enable), (8 bytes).
    Removing gd32f10x_timer.o(i.timer_dma_transfer_config), (24 bytes).
    Removing gd32f10x_timer.o(i.timer_enable), (10 bytes).
    Removing gd32f10x_timer.o(i.timer_event_software_generate), (8 bytes).
    Removing gd32f10x_timer.o(i.timer_external_clock_mode0_config), (40 bytes).
    Removing gd32f10x_timer.o(i.timer_external_clock_mode1_config), (32 bytes).
    Removing gd32f10x_timer.o(i.timer_external_clock_mode1_disable), (10 bytes).
    Removing gd32f10x_timer.o(i.timer_external_trigger_as_external_clock_config), (166 bytes).
    Removing gd32f10x_timer.o(i.timer_external_trigger_config), (30 bytes).
    Removing gd32f10x_timer.o(i.timer_flag_clear), (6 bytes).
    Removing gd32f10x_timer.o(i.timer_flag_get), (16 bytes).
    Removing gd32f10x_timer.o(i.timer_hall_mode_config), (26 bytes).
    Removing gd32f10x_timer.o(i.timer_input_capture_config), (326 bytes).
    Removing gd32f10x_timer.o(i.timer_input_pwm_capture_config), (356 bytes).
    Removing gd32f10x_timer.o(i.timer_input_trigger_source_select), (16 bytes).
    Removing gd32f10x_timer.o(i.timer_internal_clock_config), (10 bytes).
    Removing gd32f10x_timer.o(i.timer_internal_trigger_as_external_clock_config), (32 bytes).
    Removing gd32f10x_timer.o(i.timer_interrupt_disable), (8 bytes).
    Removing gd32f10x_timer.o(i.timer_interrupt_flag_clear), (6 bytes).
    Removing gd32f10x_timer.o(i.timer_interrupt_flag_get), (24 bytes).
    Removing gd32f10x_timer.o(i.timer_master_output_trigger_source_select), (16 bytes).
    Removing gd32f10x_timer.o(i.timer_master_slave_mode_config), (26 bytes).
    Removing gd32f10x_timer.o(i.timer_prescaler_config), (16 bytes).
    Removing gd32f10x_timer.o(i.timer_prescaler_read), (10 bytes).
    Removing gd32f10x_timer.o(i.timer_primary_output_config), (24 bytes).
    Removing gd32f10x_timer.o(i.timer_quadrature_decoder_mode_config), (64 bytes).
    Removing gd32f10x_timer.o(i.timer_repetition_value_config), (4 bytes).
    Removing gd32f10x_timer.o(i.timer_single_pulse_mode_config), (26 bytes).
    Removing gd32f10x_timer.o(i.timer_slave_mode_select), (16 bytes).
    Removing gd32f10x_timer.o(i.timer_struct_para_init), (22 bytes).
    Removing gd32f10x_timer.o(i.timer_update_event_disable), (10 bytes).
    Removing gd32f10x_timer.o(i.timer_update_event_enable), (10 bytes).
    Removing gd32f10x_timer.o(i.timer_update_source_config), (26 bytes).
    Removing gd32f10x_usart.o(.rev16_text), (4 bytes).
    Removing gd32f10x_usart.o(.revsh_text), (4 bytes).
    Removing gd32f10x_usart.o(i.usart_address_config), (20 bytes).
    Removing gd32f10x_usart.o(i.usart_data_receive), (10 bytes).
    Removing gd32f10x_usart.o(i.usart_disable), (10 bytes).
    Removing gd32f10x_usart.o(i.usart_dma_receive_config), (16 bytes).
    Removing gd32f10x_usart.o(i.usart_dma_transmit_config), (16 bytes).
    Removing gd32f10x_usart.o(i.usart_flag_clear), (26 bytes).
    Removing gd32f10x_usart.o(i.usart_guard_time_config), (24 bytes).
    Removing gd32f10x_usart.o(i.usart_halfduplex_disable), (10 bytes).
    Removing gd32f10x_usart.o(i.usart_halfduplex_enable), (10 bytes).
    Removing gd32f10x_usart.o(i.usart_interrupt_disable), (26 bytes).
    Removing gd32f10x_usart.o(i.usart_interrupt_enable), (26 bytes).
    Removing gd32f10x_usart.o(i.usart_interrupt_flag_clear), (26 bytes).
    Removing gd32f10x_usart.o(i.usart_interrupt_flag_get), (56 bytes).
    Removing gd32f10x_usart.o(i.usart_irda_lowpower_config), (20 bytes).
    Removing gd32f10x_usart.o(i.usart_irda_mode_disable), (10 bytes).
    Removing gd32f10x_usart.o(i.usart_irda_mode_enable), (10 bytes).
    Removing gd32f10x_usart.o(i.usart_lin_break_detection_length_config), (20 bytes).
    Removing gd32f10x_usart.o(i.usart_lin_mode_disable), (10 bytes).
    Removing gd32f10x_usart.o(i.usart_lin_mode_enable), (10 bytes).
    Removing gd32f10x_usart.o(i.usart_mute_mode_disable), (10 bytes).
    Removing gd32f10x_usart.o(i.usart_mute_mode_enable), (10 bytes).
    Removing gd32f10x_usart.o(i.usart_mute_mode_wakeup_config), (16 bytes).
    Removing gd32f10x_usart.o(i.usart_prescaler_config), (16 bytes).
    Removing gd32f10x_usart.o(i.usart_send_break), (10 bytes).
    Removing gd32f10x_usart.o(i.usart_smartcard_mode_disable), (10 bytes).
    Removing gd32f10x_usart.o(i.usart_smartcard_mode_enable), (10 bytes).
    Removing gd32f10x_usart.o(i.usart_smartcard_mode_nack_disable), (10 bytes).
    Removing gd32f10x_usart.o(i.usart_smartcard_mode_nack_enable), (10 bytes).
    Removing gd32f10x_usart.o(i.usart_synchronous_clock_config), (34 bytes).
    Removing gd32f10x_usart.o(i.usart_synchronous_clock_disable), (10 bytes).
    Removing gd32f10x_usart.o(i.usart_synchronous_clock_enable), (10 bytes).
    Removing gd32f10x_wwdgt.o(.rev16_text), (4 bytes).
    Removing gd32f10x_wwdgt.o(.revsh_text), (4 bytes).
    Removing gd32f10x_wwdgt.o(i.wwdgt_config), (28 bytes).
    Removing gd32f10x_wwdgt.o(i.wwdgt_counter_update), (16 bytes).
    Removing gd32f10x_wwdgt.o(i.wwdgt_deinit), (20 bytes).
    Removing gd32f10x_wwdgt.o(i.wwdgt_enable), (20 bytes).
    Removing gd32f10x_wwdgt.o(i.wwdgt_flag_clear), (12 bytes).
    Removing gd32f10x_wwdgt.o(i.wwdgt_flag_get), (24 bytes).
    Removing gd32f10x_wwdgt.o(i.wwdgt_interrupt_enable), (20 bytes).
    Removing startup_gd32f10x_hd.o(HEAP), (512 bytes).
    Removing gd32f10x_eval.o(.rev16_text), (4 bytes).
    Removing gd32f10x_eval.o(.revsh_text), (4 bytes).
    Removing gd32f10x_eval.o(i.gd_eval_com_init), (192 bytes).
    Removing gd32f10x_eval.o(i.gd_eval_key_init), (128 bytes).
    Removing gd32f10x_eval.o(i.gd_eval_key_state_get), (32 bytes).
    Removing gd32f10x_eval.o(i.gd_eval_led_init), (64 bytes).
    Removing gd32f10x_eval.o(i.gd_eval_led_off), (24 bytes).
    Removing gd32f10x_eval.o(i.gd_eval_led_on), (24 bytes).
    Removing gd32f10x_eval.o(i.gd_eval_led_toggle), (56 bytes).
    Removing gd32f10x_eval.o(.data), (125 bytes).
    Removing key.o(.rev16_text), (4 bytes).
    Removing key.o(.revsh_text), (4 bytes).
    Removing key.o(i.get_key_press_status), (12 bytes).
    Removing key.o(i.set_key_press_status), (12 bytes).
    Removing led.o(.rev16_text), (4 bytes).
    Removing led.o(.revsh_text), (4 bytes).
    Removing led.o(i.get_led_work_start_s), (12 bytes).
    Removing uart.o(.rev16_text), (4 bytes).
    Removing uart.o(.revsh_text), (4 bytes).
    Removing oled.o(.rev16_text), (4 bytes).
    Removing oled.o(.revsh_text), (4 bytes).
    Removing oled.o(i.GetCharSizeSetInfo), (8 bytes).
    Removing oled.o(i.GetCursorInfo_DistanceToEnd_DistanceX), (12 bytes).
    Removing oled.o(i.GetCursorInfo_DistanceToEnd_DistanceY), (12 bytes).
    Removing oled.o(i.GetCursorInfo_DistanceToStart_DistanceX), (12 bytes).
    Removing oled.o(i.GetCursorInfo_DistanceToStart_DistanceY), (12 bytes).
    Removing oled.o(i.GetCursorInfo_Point_X), (12 bytes).
    Removing oled.o(i.GetCursorInfo_Point_Y), (12 bytes).
    Removing oled.o(i.GetCursorInfo_Size), (12 bytes).
    Removing oled.o(i.OLED_BackSpace), (152 bytes).
    Removing oled.o(i.OLED_ColorTurn), (28 bytes).
    Removing oled.o(i.OLED_DisPlay_Off), (28 bytes).
    Removing oled.o(i.OLED_DisPlay_On), (28 bytes).
    Removing oled.o(i.OLED_DisplayTurn), (44 bytes).
    Removing oled.o(i.OLED_DrawCircle), (152 bytes).
    Removing oled.o(i.OLED_DrawLine), (176 bytes).
    Removing oled.o(i.OLED_Pow), (22 bytes).
    Removing oled.o(i.OLED_ScrollDisplay), (164 bytes).
    Removing oled.o(i.OLED_ShowChinese), (2 bytes).
    Removing oled.o(i.OLED_ShowNum), (116 bytes).
    Removing oled.o(i.OLED_ShowPicture), (98 bytes).
    Removing oled.o(i.OLED_ShowString), (66 bytes).
    Removing oled.o(i.OLED_Test), (392 bytes).
    Removing oled.o(i.OLED_WR_BP), (46 bytes).
    Removing oled.o(i.PrintfShowStrInfo), (516 bytes).
    Removing oled.o(i.ReflashCursorInfo), (96 bytes).
    Removing oled.o(i.show_test), (24 bytes).
    Removing oled.o(.conststring), (134 bytes).
    Removing delay.o(.rev16_text), (4 bytes).
    Removing delay.o(.revsh_text), (4 bytes).
    Removing iic.o(.rev16_text), (4 bytes).
    Removing iic.o(.revsh_text), (4 bytes).
    Removing iic.o(i.iic_ack), (38 bytes).
    Removing iic.o(i.iic_read_byte), (46 bytes).
    Removing dadd.o(.text), (334 bytes).
    Removing dmul.o(.text), (228 bytes).
    Removing ddiv.o(.text), (222 bytes).
    Removing dfixul.o(.text), (48 bytes).
    Removing cdrcmple.o(.text), (48 bytes).
    Removing depilogue.o(.text), (186 bytes).

628 unused section(s) (total 25883 bytes) removed from the image.

==============================================================================

Image Symbol Table

    Local Symbols

    Symbol Name                              Value     Ov Type        Size  Object(Section)

    ../clib/../cmprslib/zerorunl2.c          0x00000000   Number         0  __dczerorl2.o ABSOLUTE
    ../clib/microlib/division.c              0x00000000   Number         0  uldiv.o ABSOLUTE
    ../clib/microlib/division.c              0x00000000   Number         0  uidiv.o ABSOLUTE
    ../clib/microlib/init/entry.s            0x00000000   Number         0  entry.o ABSOLUTE
    ../clib/microlib/init/entry.s            0x00000000   Number         0  entry12b.o ABSOLUTE
    ../clib/microlib/init/entry.s            0x00000000   Number         0  entry2.o ABSOLUTE
    ../clib/microlib/init/entry.s            0x00000000   Number         0  entry12a.o ABSOLUTE
    ../clib/microlib/init/entry.s            0x00000000   Number         0  entry11b.o ABSOLUTE
    ../clib/microlib/init/entry.s            0x00000000   Number         0  entry8a.o ABSOLUTE
    ../clib/microlib/init/entry.s            0x00000000   Number         0  entry10b.o ABSOLUTE
    ../clib/microlib/init/entry.s            0x00000000   Number         0  entry10a.o ABSOLUTE
    ../clib/microlib/init/entry.s            0x00000000   Number         0  entry9b.o ABSOLUTE
    ../clib/microlib/init/entry.s            0x00000000   Number         0  entry9a.o ABSOLUTE
    ../clib/microlib/init/entry.s            0x00000000   Number         0  entry8b.o ABSOLUTE
    ../clib/microlib/init/entry.s            0x00000000   Number         0  entry7b.o ABSOLUTE
    ../clib/microlib/init/entry.s            0x00000000   Number         0  entry7a.o ABSOLUTE
    ../clib/microlib/init/entry.s            0x00000000   Number         0  entry5.o ABSOLUTE
    ../clib/microlib/init/entry.s            0x00000000   Number         0  entry11a.o ABSOLUTE
    ../clib/microlib/longlong.c              0x00000000   Number         0  llsshr.o ABSOLUTE
    ../clib/microlib/longlong.c              0x00000000   Number         0  llushr.o ABSOLUTE
    ../clib/microlib/longlong.c              0x00000000   Number         0  llshl.o ABSOLUTE
    ../clib/microlib/printf/printf.c         0x00000000   Number         0  printf0.o ABSOLUTE
    ../clib/microlib/printf/printf.c         0x00000000   Number         0  printfb.o ABSOLUTE
    ../clib/microlib/printf/printf.c         0x00000000   Number         0  printf4.o ABSOLUTE
    ../clib/microlib/printf/printf.c         0x00000000   Number         0  printf5.o ABSOLUTE
    ../clib/microlib/printf/printf.c         0x00000000   Number         0  printf1.o ABSOLUTE
    ../clib/microlib/printf/printf.c         0x00000000   Number         0  printf7.o ABSOLUTE
    ../clib/microlib/printf/printf.c         0x00000000   Number         0  printf8.o ABSOLUTE
    ../clib/microlib/printf/printf.c         0x00000000   Number         0  printfa.o ABSOLUTE
    ../clib/microlib/printf/printf.c         0x00000000   Number         0  printf6.o ABSOLUTE
    ../clib/microlib/printf/printf.c         0x00000000   Number         0  printf3.o ABSOLUTE
    ../clib/microlib/printf/printf.c         0x00000000   Number         0  printf2.o ABSOLUTE
    ../clib/microlib/printf/stubs.s          0x00000000   Number         0  stubs.o ABSOLUTE
    ../clib/microlib/stdio/streams.c         0x00000000   Number         0  stdout.o ABSOLUTE
    ../clib/microlib/string/memcpy.c         0x00000000   Number         0  memcpya.o ABSOLUTE
    ../clib/microlib/string/memcpy.c         0x00000000   Number         0  memcpyb.o ABSOLUTE
    ../clib/microlib/string/memset.c         0x00000000   Number         0  memseta.o ABSOLUTE
    ../clib/microlib/string/strlen.c         0x00000000   Number         0  strlen.o ABSOLUTE
    ../clib/microlib/stubs.s                 0x00000000   Number         0  iusefp.o ABSOLUTE
    ../fplib/microlib/fpadd.c                0x00000000   Number         0  dadd.o ABSOLUTE
    ../fplib/microlib/fpdiv.c                0x00000000   Number         0  ddiv.o ABSOLUTE
    ../fplib/microlib/fpepilogue.c           0x00000000   Number         0  depilogue.o ABSOLUTE
    ../fplib/microlib/fpfix.c                0x00000000   Number         0  dfixul.o ABSOLUTE
    ../fplib/microlib/fpmul.c                0x00000000   Number         0  dmul.o ABSOLUTE
    ..\App_Main\gd32f10x_it.c                0x00000000   Number         0  gd32f10x_it.o ABSOLUTE
    ..\App_Main\main.c                       0x00000000   Number         0  main.o ABSOLUTE
    ..\Delay\delay.c                         0x00000000   Number         0  delay.o ABSOLUTE
    ..\Firmware_Lib\CMSIS\GD\GD32F10x\Source\ARM\startup_gd32f10x_hd.s 0x00000000   Number         0  startup_gd32f10x_hd.o ABSOLUTE
    ..\Firmware_Lib\CMSIS\GD\GD32F10x\Source\system_gd32f10x.c 0x00000000   Number         0  system_gd32f10x.o ABSOLUTE
    ..\Firmware_Lib\GD32F10x_standard_peripheral\Source\gd32f10x_adc.c 0x00000000   Number         0  gd32f10x_adc.o ABSOLUTE
    ..\Firmware_Lib\GD32F10x_standard_peripheral\Source\gd32f10x_bkp.c 0x00000000   Number         0  gd32f10x_bkp.o ABSOLUTE
    ..\Firmware_Lib\GD32F10x_standard_peripheral\Source\gd32f10x_can.c 0x00000000   Number         0  gd32f10x_can.o ABSOLUTE
    ..\Firmware_Lib\GD32F10x_standard_peripheral\Source\gd32f10x_crc.c 0x00000000   Number         0  gd32f10x_crc.o ABSOLUTE
    ..\Firmware_Lib\GD32F10x_standard_peripheral\Source\gd32f10x_dac.c 0x00000000   Number         0  gd32f10x_dac.o ABSOLUTE
    ..\Firmware_Lib\GD32F10x_standard_peripheral\Source\gd32f10x_dbg.c 0x00000000   Number         0  gd32f10x_dbg.o ABSOLUTE
    ..\Firmware_Lib\GD32F10x_standard_peripheral\Source\gd32f10x_dma.c 0x00000000   Number         0  gd32f10x_dma.o ABSOLUTE
    ..\Firmware_Lib\GD32F10x_standard_peripheral\Source\gd32f10x_enet.c 0x00000000   Number         0  gd32f10x_enet.o ABSOLUTE
    ..\Firmware_Lib\GD32F10x_standard_peripheral\Source\gd32f10x_exmc.c 0x00000000   Number         0  gd32f10x_exmc.o ABSOLUTE
    ..\Firmware_Lib\GD32F10x_standard_peripheral\Source\gd32f10x_exti.c 0x00000000   Number         0  gd32f10x_exti.o ABSOLUTE
    ..\Firmware_Lib\GD32F10x_standard_peripheral\Source\gd32f10x_fmc.c 0x00000000   Number         0  gd32f10x_fmc.o ABSOLUTE
    ..\Firmware_Lib\GD32F10x_standard_peripheral\Source\gd32f10x_fwdgt.c 0x00000000   Number         0  gd32f10x_fwdgt.o ABSOLUTE
    ..\Firmware_Lib\GD32F10x_standard_peripheral\Source\gd32f10x_gpio.c 0x00000000   Number         0  gd32f10x_gpio.o ABSOLUTE
    ..\Firmware_Lib\GD32F10x_standard_peripheral\Source\gd32f10x_i2c.c 0x00000000   Number         0  gd32f10x_i2c.o ABSOLUTE
    ..\Firmware_Lib\GD32F10x_standard_peripheral\Source\gd32f10x_misc.c 0x00000000   Number         0  gd32f10x_misc.o ABSOLUTE
    ..\Firmware_Lib\GD32F10x_standard_peripheral\Source\gd32f10x_pmu.c 0x00000000   Number         0  gd32f10x_pmu.o ABSOLUTE
    ..\Firmware_Lib\GD32F10x_standard_peripheral\Source\gd32f10x_rcu.c 0x00000000   Number         0  gd32f10x_rcu.o ABSOLUTE
    ..\Firmware_Lib\GD32F10x_standard_peripheral\Source\gd32f10x_rtc.c 0x00000000   Number         0  gd32f10x_rtc.o ABSOLUTE
    ..\Firmware_Lib\GD32F10x_standard_peripheral\Source\gd32f10x_sdio.c 0x00000000   Number         0  gd32f10x_sdio.o ABSOLUTE
    ..\Firmware_Lib\GD32F10x_standard_peripheral\Source\gd32f10x_spi.c 0x00000000   Number         0  gd32f10x_spi.o ABSOLUTE
    ..\Firmware_Lib\GD32F10x_standard_peripheral\Source\gd32f10x_timer.c 0x00000000   Number         0  gd32f10x_timer.o ABSOLUTE
    ..\Firmware_Lib\GD32F10x_standard_peripheral\Source\gd32f10x_usart.c 0x00000000   Number         0  gd32f10x_usart.o ABSOLUTE
    ..\Firmware_Lib\GD32F10x_standard_peripheral\Source\gd32f10x_wwdgt.c 0x00000000   Number         0  gd32f10x_wwdgt.o ABSOLUTE
    ..\IIC\iic.c                             0x00000000   Number         0  iic.o ABSOLUTE
    ..\Key\key.c                             0x00000000   Number         0  key.o ABSOLUTE
    ..\Led\led.c                             0x00000000   Number         0  led.o ABSOLUTE
    ..\Oled\oled.c                           0x00000000   Number         0  oled.o ABSOLUTE
    ..\Uart\uart.c                           0x00000000   Number         0  uart.o ABSOLUTE
    ..\Utilities\gd32f10x_eval.c             0x00000000   Number         0  gd32f10x_eval.o ABSOLUTE
    ..\\App_Main\\gd32f10x_it.c              0x00000000   Number         0  gd32f10x_it.o ABSOLUTE
    ..\\App_Main\\main.c                     0x00000000   Number         0  main.o ABSOLUTE
    ..\\Delay\\delay.c                       0x00000000   Number         0  delay.o ABSOLUTE
    ..\\Firmware_Lib\\CMSIS\\GD\\GD32F10x\\Source\\system_gd32f10x.c 0x00000000   Number         0  system_gd32f10x.o ABSOLUTE
    ..\\Firmware_Lib\\GD32F10x_standard_peripheral\\Source\\gd32f10x_adc.c 0x00000000   Number         0  gd32f10x_adc.o ABSOLUTE
    ..\\Firmware_Lib\\GD32F10x_standard_peripheral\\Source\\gd32f10x_bkp.c 0x00000000   Number         0  gd32f10x_bkp.o ABSOLUTE
    ..\\Firmware_Lib\\GD32F10x_standard_peripheral\\Source\\gd32f10x_can.c 0x00000000   Number         0  gd32f10x_can.o ABSOLUTE
    ..\\Firmware_Lib\\GD32F10x_standard_peripheral\\Source\\gd32f10x_crc.c 0x00000000   Number         0  gd32f10x_crc.o ABSOLUTE
    ..\\Firmware_Lib\\GD32F10x_standard_peripheral\\Source\\gd32f10x_dac.c 0x00000000   Number         0  gd32f10x_dac.o ABSOLUTE
    ..\\Firmware_Lib\\GD32F10x_standard_peripheral\\Source\\gd32f10x_dbg.c 0x00000000   Number         0  gd32f10x_dbg.o ABSOLUTE
    ..\\Firmware_Lib\\GD32F10x_standard_peripheral\\Source\\gd32f10x_dma.c 0x00000000   Number         0  gd32f10x_dma.o ABSOLUTE
    ..\\Firmware_Lib\\GD32F10x_standard_peripheral\\Source\\gd32f10x_enet.c 0x00000000   Number         0  gd32f10x_enet.o ABSOLUTE
    ..\\Firmware_Lib\\GD32F10x_standard_peripheral\\Source\\gd32f10x_exmc.c 0x00000000   Number         0  gd32f10x_exmc.o ABSOLUTE
    ..\\Firmware_Lib\\GD32F10x_standard_peripheral\\Source\\gd32f10x_exti.c 0x00000000   Number         0  gd32f10x_exti.o ABSOLUTE
    ..\\Firmware_Lib\\GD32F10x_standard_peripheral\\Source\\gd32f10x_fmc.c 0x00000000   Number         0  gd32f10x_fmc.o ABSOLUTE
    ..\\Firmware_Lib\\GD32F10x_standard_peripheral\\Source\\gd32f10x_fwdgt.c 0x00000000   Number         0  gd32f10x_fwdgt.o ABSOLUTE
    ..\\Firmware_Lib\\GD32F10x_standard_peripheral\\Source\\gd32f10x_gpio.c 0x00000000   Number         0  gd32f10x_gpio.o ABSOLUTE
    ..\\Firmware_Lib\\GD32F10x_standard_peripheral\\Source\\gd32f10x_i2c.c 0x00000000   Number         0  gd32f10x_i2c.o ABSOLUTE
    ..\\Firmware_Lib\\GD32F10x_standard_peripheral\\Source\\gd32f10x_misc.c 0x00000000   Number         0  gd32f10x_misc.o ABSOLUTE
    ..\\Firmware_Lib\\GD32F10x_standard_peripheral\\Source\\gd32f10x_pmu.c 0x00000000   Number         0  gd32f10x_pmu.o ABSOLUTE
    ..\\Firmware_Lib\\GD32F10x_standard_peripheral\\Source\\gd32f10x_rcu.c 0x00000000   Number         0  gd32f10x_rcu.o ABSOLUTE
    ..\\Firmware_Lib\\GD32F10x_standard_peripheral\\Source\\gd32f10x_rtc.c 0x00000000   Number         0  gd32f10x_rtc.o ABSOLUTE
    ..\\Firmware_Lib\\GD32F10x_standard_peripheral\\Source\\gd32f10x_sdio.c 0x00000000   Number         0  gd32f10x_sdio.o ABSOLUTE
    ..\\Firmware_Lib\\GD32F10x_standard_peripheral\\Source\\gd32f10x_spi.c 0x00000000   Number         0  gd32f10x_spi.o ABSOLUTE
    ..\\Firmware_Lib\\GD32F10x_standard_peripheral\\Source\\gd32f10x_timer.c 0x00000000   Number         0  gd32f10x_timer.o ABSOLUTE
    ..\\Firmware_Lib\\GD32F10x_standard_peripheral\\Source\\gd32f10x_usart.c 0x00000000   Number         0  gd32f10x_usart.o ABSOLUTE
    ..\\Firmware_Lib\\GD32F10x_standard_peripheral\\Source\\gd32f10x_wwdgt.c 0x00000000   Number         0  gd32f10x_wwdgt.o ABSOLUTE
    ..\\IIC\\iic.c                           0x00000000   Number         0  iic.o ABSOLUTE
    ..\\Key\\key.c                           0x00000000   Number         0  key.o ABSOLUTE
    ..\\Led\\led.c                           0x00000000   Number         0  led.o ABSOLUTE
    ..\\Oled\\oled.c                         0x00000000   Number         0  oled.o ABSOLUTE
    ..\\Uart\\uart.c                         0x00000000   Number         0  uart.o ABSOLUTE
    ..\\Utilities\\gd32f10x_eval.c           0x00000000   Number         0  gd32f10x_eval.o ABSOLUTE
    cdrcmple.s                               0x00000000   Number         0  cdrcmple.o ABSOLUTE
    dc.s                                     0x00000000   Number         0  dc.o ABSOLUTE
    handlers.s                               0x00000000   Number         0  handlers.o ABSOLUTE
    init.s                                   0x00000000   Number         0  init.o ABSOLUTE
    RESET                                    0x08000000   Section      304  startup_gd32f10x_hd.o(RESET)
    .ARM.Collect$$$$00000000                 0x08000130   Section        0  entry.o(.ARM.Collect$$$$00000000)
    .ARM.Collect$$$$00000001                 0x08000130   Section        4  entry2.o(.ARM.Collect$$$$00000001)
    .ARM.Collect$$$$00000004                 0x08000134   Section        4  entry5.o(.ARM.Collect$$$$00000004)
    .ARM.Collect$$$$00000008                 0x08000138   Section        0  entry7b.o(.ARM.Collect$$$$00000008)
    .ARM.Collect$$$$0000000A                 0x08000138   Section        0  entry8b.o(.ARM.Collect$$$$0000000A)
    .ARM.Collect$$$$0000000B                 0x08000138   Section        8  entry9a.o(.ARM.Collect$$$$0000000B)
    .ARM.Collect$$$$0000000E                 0x08000140   Section        4  entry12b.o(.ARM.Collect$$$$0000000E)
    .ARM.Collect$$$$0000000F                 0x08000144   Section        0  entry10a.o(.ARM.Collect$$$$0000000F)
    .ARM.Collect$$$$00000011                 0x08000144   Section        0  entry11a.o(.ARM.Collect$$$$00000011)
    .ARM.Collect$$$$00002712                 0x08000144   Section        4  entry2.o(.ARM.Collect$$$$00002712)
    __lit__00000000                          0x08000144   Data           4  entry2.o(.ARM.Collect$$$$00002712)
    .text                                    0x08000148   Section       36  startup_gd32f10x_hd.o(.text)
    $v0                                      0x08000148   Number         0  startup_gd32f10x_hd.o(.text)
    .text                                    0x0800016c   Section        0  memseta.o(.text)
    .text                                    0x08000190   Section        0  strlen.o(.text)
    .text                                    0x0800019e   Section        0  uidiv.o(.text)
    .text                                    0x080001cc   Section       36  init.o(.text)
    .text                                    0x080001f0   Section        0  __dczerorl2.o(.text)
    i.BusFault_Handler                       0x08000246   Section        0  gd32f10x_it.o(i.BusFault_Handler)
    i.CheckScreenDisplayIsFull               0x0800024c   Section        0  oled.o(i.CheckScreenDisplayIsFull)
    i.ClearAllShowStrInfo                    0x080002b0   Section        0  oled.o(i.ClearAllShowStrInfo)
    i.CursorLineFeed                         0x080002c4   Section        0  oled.o(i.CursorLineFeed)
    i.DebugMon_Handler                       0x0800034c   Section        0  gd32f10x_it.o(i.DebugMon_Handler)
    i.DefaultSetCharSizeSetInfo              0x08000350   Section        0  oled.o(i.DefaultSetCharSizeSetInfo)
    i.GetCharSize                            0x08000360   Section        0  oled.o(i.GetCharSize)
    i.GetCharSizeSetInfo_Hight               0x08000368   Section        0  oled.o(i.GetCharSizeSetInfo_Hight)
    i.GetCharSizeSetInfo_SizeNumber          0x08000374   Section        0  oled.o(i.GetCharSizeSetInfo_SizeNumber)
    i.GetCharSizeSetInfo_Width               0x08000380   Section        0  oled.o(i.GetCharSizeSetInfo_Width)
    i.GetCursorInfo                          0x0800038c   Section        0  oled.o(i.GetCursorInfo)
    i.HardFault_Handler                      0x08000394   Section        0  gd32f10x_it.o(i.HardFault_Handler)
    i.I2C_Start                              0x08000398   Section        0  oled.o(i.I2C_Start)
    i.I2C_Stop                               0x080003a0   Section        0  oled.o(i.I2C_Stop)
    i.I2C_WaitAck                            0x080003a8   Section        0  oled.o(i.I2C_WaitAck)
    i.MemManage_Handler                      0x080003b0   Section        0  gd32f10x_it.o(i.MemManage_Handler)
    i.NMI_Handler                            0x080003b4   Section        0  gd32f10x_it.o(i.NMI_Handler)
    i.OLED_Clear                             0x080003b8   Section        0  oled.o(i.OLED_Clear)
    i.OLED_ClearAll                          0x080003e8   Section        0  oled.o(i.OLED_ClearAll)
    i.OLED_ClearPoint                        0x080003f8   Section        0  oled.o(i.OLED_ClearPoint)
    i.OLED_DrawPoint                         0x08000458   Section        0  oled.o(i.OLED_DrawPoint)
    i.OLED_Init                              0x08000494   Section        0  oled.o(i.OLED_Init)
    i.OLED_Refresh                           0x080005b4   Section        0  oled.o(i.OLED_Refresh)
    i.OLED_ShowChar                          0x08000600   Section        0  oled.o(i.OLED_ShowChar)
    i.OLED_ShowStringControl                 0x080006fc   Section        0  oled.o(i.OLED_ShowStringControl)
    i.OLED_ShowStringProcess                 0x08000760   Section        0  oled.o(i.OLED_ShowStringProcess)
    i.OLED_WR_Byte                           0x080007d0   Section        0  oled.o(i.OLED_WR_Byte)
    i.PendSV_Handler                         0x08000808   Section        0  gd32f10x_it.o(i.PendSV_Handler)
    i.ReflashCursorInfo_PointInfo            0x0800080c   Section        0  oled.o(i.ReflashCursorInfo_PointInfo)
    i.ReflashShowStrInfo                     0x08000884   Section        0  oled.o(i.ReflashShowStrInfo)
    i.ResetCursorInfo                        0x08000960   Section        0  oled.o(i.ResetCursorInfo)
    i.SVC_Handler                            0x0800097c   Section        0  gd32f10x_it.o(i.SVC_Handler)
    i.Send_Byte                              0x0800097e   Section        0  oled.o(i.Send_Byte)
    i.SetCharSizeSetInfo                     0x0800098a   Section        0  oled.o(i.SetCharSizeSetInfo)
    i.SysTick_Handler                        0x080009b8   Section        0  gd32f10x_it.o(i.SysTick_Handler)
    i.SystemInit                             0x080009c0   Section        0  system_gd32f10x.o(i.SystemInit)
    i.TIMER6_IRQHandler                      0x08000a94   Section        0  delay.o(i.TIMER6_IRQHandler)
    i.UsageFault_Handler                     0x08000ab0   Section        0  gd32f10x_it.o(i.UsageFault_Handler)
    i.__0printf$3                            0x08000ab4   Section        0  printf3.o(i.__0printf$3)
    i.__0sprintf$3                           0x08000ad4   Section        0  printf3.o(i.__0sprintf$3)
    i.__scatterload_copy                     0x08000afc   Section       14  handlers.o(i.__scatterload_copy)
    i.__scatterload_null                     0x08000b0a   Section        2  handlers.o(i.__scatterload_null)
    i.__scatterload_zeroinit                 0x08000b0c   Section       14  handlers.o(i.__scatterload_zeroinit)
    i._printf_core                           0x08000b1c   Section        0  printf3.o(i._printf_core)
    _printf_core                             0x08000b1d   Thumb Code   436  printf3.o(i._printf_core)
    i._sputc                                 0x08000cd4   Section        0  printf3.o(i._sputc)
    _sputc                                   0x08000cd5   Thumb Code    10  printf3.o(i._sputc)
    i.add_led_work_peroid                    0x08000cde   Section        0  led.o(i.add_led_work_peroid)
    i.check_led_work                         0x08000cf8   Section        0  led.o(i.check_led_work)
    i.clear_key_press_time                   0x08000d38   Section        0  key.o(i.clear_key_press_time)
    i.delay_init                             0x08000d4c   Section        0  delay.o(i.delay_init)
    i.delay_ms                               0x08000db8   Section        0  delay.o(i.delay_ms)
    i.delay_us                               0x08000dd4   Section        0  delay.o(i.delay_us)
    i.desable_and_clear_led_work             0x08000e14   Section        0  led.o(i.desable_and_clear_led_work)
    i.do_led_work                            0x08000e38   Section        0  led.o(i.do_led_work)
    i.fputc                                  0x08000e94   Section        0  uart.o(i.fputc)
    i.get_key_press_action                   0x08000eb8   Section        0  key.o(i.get_key_press_action)
    i.get_led_work_end_s                     0x08000f28   Section        0  led.o(i.get_led_work_end_s)
    i.get_led_work_flash_times               0x08000f34   Section        0  led.o(i.get_led_work_flash_times)
    i.get_led_work_num_s                     0x08000f40   Section        0  led.o(i.get_led_work_num_s)
    i.get_led_work_pin                       0x08000f4c   Section        0  led.o(i.get_led_work_pin)
    i.get_led_work_remain_s                  0x08000fc8   Section        0  led.o(i.get_led_work_remain_s)
    i.get_led_work_stauts                    0x08000fd4   Section        0  led.o(i.get_led_work_stauts)
    i.get_sys_tick_ms                        0x08000fe0   Section        0  gd32f10x_it.o(i.get_sys_tick_ms)
    i.get_sys_tick_s                         0x08000fec   Section        0  gd32f10x_it.o(i.get_sys_tick_s)
    i.gpio_bit_reset                         0x08000ff8   Section        0  gd32f10x_gpio.o(i.gpio_bit_reset)
    i.gpio_bit_set                           0x08000ffc   Section        0  gd32f10x_gpio.o(i.gpio_bit_set)
    i.gpio_init                              0x08001000   Section        0  gd32f10x_gpio.o(i.gpio_init)
    i.gpio_input_bit_get                     0x080010ac   Section        0  gd32f10x_gpio.o(i.gpio_input_bit_get)
    i.handle_long_press_key                  0x080010bc   Section        0  key.o(i.handle_long_press_key)
    i.handle_short_press_key                 0x080010d0   Section        0  key.o(i.handle_short_press_key)
    i.iic_delay_us                           0x080010da   Section        0  iic.o(i.iic_delay_us)
    iic_delay_us                             0x080010db   Thumb Code    12  iic.o(i.iic_delay_us)
    i.iic_init                               0x080010e8   Section        0  iic.o(i.iic_init)
    i.iic_read_sda                           0x08001114   Section        0  iic.o(i.iic_read_sda)
    iic_read_sda                             0x08001115   Thumb Code    22  iic.o(i.iic_read_sda)
    i.iic_scl_h                              0x08001130   Section        0  iic.o(i.iic_scl_h)
    iic_scl_h                                0x08001131   Thumb Code    14  iic.o(i.iic_scl_h)
    i.iic_scl_l                              0x08001144   Section        0  iic.o(i.iic_scl_l)
    iic_scl_l                                0x08001145   Thumb Code    14  iic.o(i.iic_scl_l)
    i.iic_start                              0x08001158   Section        0  iic.o(i.iic_start)
    i.iic_stop                               0x08001182   Section        0  iic.o(i.iic_stop)
    i.iic_wait_ack                           0x080011ac   Section        0  iic.o(i.iic_wait_ack)
    i.iic_write_byte                         0x0800120c   Section        0  iic.o(i.iic_write_byte)
    i.iic_write_sda                          0x08001240   Section        0  iic.o(i.iic_write_sda)
    iic_write_sda                            0x08001241   Thumb Code    30  iic.o(i.iic_write_sda)
    i.init_key_press                         0x08001264   Section        0  key.o(i.init_key_press)
    i.key_init                               0x08001288   Section        0  key.o(i.key_init)
    i.key_process                            0x080012a4   Section        0  key.o(i.key_process)
    i.led_flash                              0x080012d8   Section        0  led.o(i.led_flash)
    i.led_init                               0x08001324   Section        0  led.o(i.led_init)
    i.led_off                                0x08001340   Section        0  led.o(i.led_off)
    i.led_on                                 0x0800135c   Section        0  led.o(i.led_on)
    i.led_work_process                       0x08001378   Section        0  led.o(i.led_work_process)
    i.main                                   0x08001384   Section        0  main.o(i.main)
    i.nvic_irq_enable                        0x0800141c   Section        0  gd32f10x_misc.o(i.nvic_irq_enable)
    i.nvic_priority_group_set                0x080014c8   Section        0  gd32f10x_misc.o(i.nvic_priority_group_set)
    i.nvic_vector_table_set                  0x080014dc   Section        0  gd32f10x_misc.o(i.nvic_vector_table_set)
    i.pc_com_init                            0x080014f4   Section        0  uart.o(i.pc_com_init)
    i.rcu_clock_freq_get                     0x0800157c   Section        0  gd32f10x_rcu.o(i.rcu_clock_freq_get)
    i.rcu_periph_clock_enable                0x080016a0   Section        0  gd32f10x_rcu.o(i.rcu_periph_clock_enable)
    i.rcu_periph_reset_disable               0x080016c0   Section        0  gd32f10x_rcu.o(i.rcu_periph_reset_disable)
    i.rcu_periph_reset_enable                0x080016e0   Section        0  gd32f10x_rcu.o(i.rcu_periph_reset_enable)
    i.reset_led_work_peroid                  0x08001700   Section        0  led.o(i.reset_led_work_peroid)
    i.scan_key_press                         0x08001718   Section        0  key.o(i.scan_key_press)
    i.set_led_work_stauts                    0x080017dc   Section        0  led.o(i.set_led_work_stauts)
    i.set_led_work_time                      0x080017f4   Section        0  led.o(i.set_led_work_time)
    i.set_sys_tcik                           0x08001848   Section        0  gd32f10x_it.o(i.set_sys_tcik)
    i.system_clock_108m_hxtal                0x08001938   Section        0  system_gd32f10x.o(i.system_clock_108m_hxtal)
    system_clock_108m_hxtal                  0x08001939   Thumb Code   182  system_gd32f10x.o(i.system_clock_108m_hxtal)
    i.system_clock_config                    0x080019fc   Section        0  system_gd32f10x.o(i.system_clock_config)
    system_clock_config                      0x080019fd   Thumb Code     8  system_gd32f10x.o(i.system_clock_config)
    i.timer_deinit                           0x08001a04   Section        0  gd32f10x_timer.o(i.timer_deinit)
    i.timer_init                             0x08001ae0   Section        0  gd32f10x_timer.o(i.timer_init)
    i.timer_interrupt_enable                 0x08001bc0   Section        0  gd32f10x_timer.o(i.timer_interrupt_enable)
    i.togle_led_level                        0x08001bc8   Section        0  led.o(i.togle_led_level)
    i.updata_led_work_remain_s               0x08001bf4   Section        0  led.o(i.updata_led_work_remain_s)
    i.usart_baudrate_set                     0x08001c14   Section        0  gd32f10x_usart.o(i.usart_baudrate_set)
    i.usart_data_transmit                    0x08001ca4   Section        0  gd32f10x_usart.o(i.usart_data_transmit)
    i.usart_deinit                           0x08001cac   Section        0  gd32f10x_usart.o(i.usart_deinit)
    i.usart_enable                           0x08001d3c   Section        0  gd32f10x_usart.o(i.usart_enable)
    i.usart_flag_get                         0x08001d46   Section        0  gd32f10x_usart.o(i.usart_flag_get)
    i.usart_hardware_flow_cts_config         0x08001d64   Section        0  gd32f10x_usart.o(i.usart_hardware_flow_cts_config)
    i.usart_hardware_flow_rts_config         0x08001d74   Section        0  gd32f10x_usart.o(i.usart_hardware_flow_rts_config)
    i.usart_parity_config                    0x08001d84   Section        0  gd32f10x_usart.o(i.usart_parity_config)
    i.usart_receive_config                   0x08001d94   Section        0  gd32f10x_usart.o(i.usart_receive_config)
    i.usart_stop_bit_set                     0x08001da4   Section        0  gd32f10x_usart.o(i.usart_stop_bit_set)
    i.usart_transmit_config                  0x08001db4   Section        0  gd32f10x_usart.o(i.usart_transmit_config)
    i.usart_word_length_set                  0x08001dc4   Section        0  gd32f10x_usart.o(i.usart_word_length_set)
    .constdata                               0x08001dd4   Section     6080  oled.o(.constdata)
    .constdata                               0x08003594   Section       13  iic.o(.constdata)
    __FUNCTION__                             0x08003594   Data          13  iic.o(.constdata)
    .data                                    0x20000000   Section       16  gd32f10x_it.o(.data)
    sys_tick_ms                              0x20000000   Data           4  gd32f10x_it.o(.data)
    sys_tick_s                               0x20000004   Data           4  gd32f10x_it.o(.data)
    sys_tick_m                               0x20000008   Data           4  gd32f10x_it.o(.data)
    sys_tick_h                               0x2000000c   Data           4  gd32f10x_it.o(.data)
    .data                                    0x20000010   Section        4  system_gd32f10x.o(.data)
    .data                                    0x20000014   Section        1  key.o(.data)
    handle_long_press_flag                   0x20000014   Data           1  key.o(.data)
    .data                                    0x20000018   Section        4  led.o(.data)
    led_work_pin_old                         0x20000018   Data           4  led.o(.data)
    .data                                    0x2000001c   Section     8136  oled.o(.data)
    remian_sec_old                           0x20001fe0   Data           4  oled.o(.data)
    .data                                    0x20001fe4   Section        2  delay.o(.data)
    .data                                    0x20001fe8   Section        4  stdout.o(.data)
    .bss                                     0x20001fec   Section       32  key.o(.bss)
    .bss                                     0x2000200c   Section       32  led.o(.bss)
    .bss                                     0x2000202c   Section     1888  oled.o(.bss)
    STACK                                    0x20002790   Section     1024  startup_gd32f10x_hd.o(STACK)

    Global Symbols

    Symbol Name                              Value     Ov Type        Size  Object(Section)

    BuildAttributes$$THM_ISAv4$E$P$D$K$B$S$7EM$VFPi3$EXTD16$VFPS$VFMA$PE$A:L22UL41UL21$X:L11$S22US41US21$IEEE1$IW$USESV6$~STKCKD$USESV7$~SHL$OSPACE$ROPI$EBA8$MICROLIB$REQ8$PRES8$EABIv2 0x00000000   Number         0  anon$$obj.o ABSOLUTE
    __ARM_use_no_argv                        0x00000000   Number         0  main.o ABSOLUTE
    _printf_a                                0x00000000   Number         0  stubs.o ABSOLUTE
    _printf_c                                0x00000000   Number         0  stubs.o ABSOLUTE
    _printf_charcount                        0x00000000   Number         0  stubs.o ABSOLUTE
    _printf_d                                0x00000000   Number         0  stubs.o ABSOLUTE
    _printf_e                                0x00000000   Number         0  stubs.o ABSOLUTE
    _printf_f                                0x00000000   Number         0  stubs.o ABSOLUTE
    _printf_flags                            0x00000000   Number         0  stubs.o ABSOLUTE
    _printf_fp_dec                           0x00000000   Number         0  stubs.o ABSOLUTE
    _printf_fp_hex                           0x00000000   Number         0  stubs.o ABSOLUTE
    _printf_g                                0x00000000   Number         0  stubs.o ABSOLUTE
    _printf_i                                0x00000000   Number         0  stubs.o ABSOLUTE
    _printf_int_dec                          0x00000000   Number         0  stubs.o ABSOLUTE
    _printf_l                                0x00000000   Number         0  stubs.o ABSOLUTE
    _printf_lc                               0x00000000   Number         0  stubs.o ABSOLUTE
    _printf_ll                               0x00000000   Number         0  stubs.o ABSOLUTE
    _printf_lld                              0x00000000   Number         0  stubs.o ABSOLUTE
    _printf_lli                              0x00000000   Number         0  stubs.o ABSOLUTE
    _printf_llo                              0x00000000   Number         0  stubs.o ABSOLUTE
    _printf_llu                              0x00000000   Number         0  stubs.o ABSOLUTE
    _printf_llx                              0x00000000   Number         0  stubs.o ABSOLUTE
    _printf_longlong_dec                     0x00000000   Number         0  stubs.o ABSOLUTE
    _printf_longlong_hex                     0x00000000   Number         0  stubs.o ABSOLUTE
    _printf_longlong_oct                     0x00000000   Number         0  stubs.o ABSOLUTE
    _printf_ls                               0x00000000   Number         0  stubs.o ABSOLUTE
    _printf_mbtowc                           0x00000000   Number         0  stubs.o ABSOLUTE
    _printf_n                                0x00000000   Number         0  stubs.o ABSOLUTE
    _printf_o                                0x00000000   Number         0  stubs.o ABSOLUTE
    _printf_p                                0x00000000   Number         0  stubs.o ABSOLUTE
    _printf_percent                          0x00000000   Number         0  stubs.o ABSOLUTE
    _printf_pre_padding                      0x00000000   Number         0  stubs.o ABSOLUTE
    _printf_return_value                     0x00000000   Number         0  stubs.o ABSOLUTE
    _printf_s                                0x00000000   Number         0  stubs.o ABSOLUTE
    _printf_sizespec                         0x00000000   Number         0  stubs.o ABSOLUTE
    _printf_str                              0x00000000   Number         0  stubs.o ABSOLUTE
    _printf_truncate_signed                  0x00000000   Number         0  stubs.o ABSOLUTE
    _printf_truncate_unsigned                0x00000000   Number         0  stubs.o ABSOLUTE
    _printf_u                                0x00000000   Number         0  stubs.o ABSOLUTE
    _printf_wc                               0x00000000   Number         0  stubs.o ABSOLUTE
    _printf_wctomb                           0x00000000   Number         0  stubs.o ABSOLUTE
    _printf_widthprec                        0x00000000   Number         0  stubs.o ABSOLUTE
    _printf_x                                0x00000000   Number         0  stubs.o ABSOLUTE
    __arm_fini_                               - Undefined Weak Reference
    __cpp_initialize__aeabi_                  - Undefined Weak Reference
    __cxa_finalize                            - Undefined Weak Reference
    _clock_init                               - Undefined Weak Reference
    _microlib_exit                            - Undefined Weak Reference
    __Vectors_Size                           0x00000130   Number         0  startup_gd32f10x_hd.o ABSOLUTE
    __Vectors                                0x08000000   Data           4  startup_gd32f10x_hd.o(RESET)
    __Vectors_End                            0x08000130   Data           0  startup_gd32f10x_hd.o(RESET)
    __main                                   0x08000131   Thumb Code     0  entry.o(.ARM.Collect$$$$00000000)
    _main_stk                                0x08000131   Thumb Code     0  entry2.o(.ARM.Collect$$$$00000001)
    _main_scatterload                        0x08000135   Thumb Code     0  entry5.o(.ARM.Collect$$$$00000004)
    __main_after_scatterload                 0x08000139   Thumb Code     0  entry5.o(.ARM.Collect$$$$00000004)
    _main_clock                              0x08000139   Thumb Code     0  entry7b.o(.ARM.Collect$$$$00000008)
    _main_cpp_init                           0x08000139   Thumb Code     0  entry8b.o(.ARM.Collect$$$$0000000A)
    _main_init                               0x08000139   Thumb Code     0  entry9a.o(.ARM.Collect$$$$0000000B)
    __rt_lib_shutdown_fini                   0x08000141   Thumb Code     0  entry12b.o(.ARM.Collect$$$$0000000E)
    __rt_final_cpp                           0x08000145   Thumb Code     0  entry10a.o(.ARM.Collect$$$$0000000F)
    __rt_final_exit                          0x08000145   Thumb Code     0  entry11a.o(.ARM.Collect$$$$00000011)
    Reset_Handler                            0x08000149   Thumb Code     8  startup_gd32f10x_hd.o(.text)
    ADC0_1_IRQHandler                        0x08000163   Thumb Code     0  startup_gd32f10x_hd.o(.text)
    ADC2_IRQHandler                          0x08000163   Thumb Code     0  startup_gd32f10x_hd.o(.text)
    CAN0_EWMC_IRQHandler                     0x08000163   Thumb Code     0  startup_gd32f10x_hd.o(.text)
    CAN0_RX1_IRQHandler                      0x08000163   Thumb Code     0  startup_gd32f10x_hd.o(.text)
    DMA0_Channel0_IRQHandler                 0x08000163   Thumb Code     0  startup_gd32f10x_hd.o(.text)
    DMA0_Channel1_IRQHandler                 0x08000163   Thumb Code     0  startup_gd32f10x_hd.o(.text)
    DMA0_Channel2_IRQHandler                 0x08000163   Thumb Code     0  startup_gd32f10x_hd.o(.text)
    DMA0_Channel3_IRQHandler                 0x08000163   Thumb Code     0  startup_gd32f10x_hd.o(.text)
    DMA0_Channel4_IRQHandler                 0x08000163   Thumb Code     0  startup_gd32f10x_hd.o(.text)
    DMA0_Channel5_IRQHandler                 0x08000163   Thumb Code     0  startup_gd32f10x_hd.o(.text)
    DMA0_Channel6_IRQHandler                 0x08000163   Thumb Code     0  startup_gd32f10x_hd.o(.text)
    DMA1_Channel0_IRQHandler                 0x08000163   Thumb Code     0  startup_gd32f10x_hd.o(.text)
    DMA1_Channel1_IRQHandler                 0x08000163   Thumb Code     0  startup_gd32f10x_hd.o(.text)
    DMA1_Channel2_IRQHandler                 0x08000163   Thumb Code     0  startup_gd32f10x_hd.o(.text)
    DMA1_Channel3_4_IRQHandler               0x08000163   Thumb Code     0  startup_gd32f10x_hd.o(.text)
    EXMC_IRQHandler                          0x08000163   Thumb Code     0  startup_gd32f10x_hd.o(.text)
    EXTI0_IRQHandler                         0x08000163   Thumb Code     0  startup_gd32f10x_hd.o(.text)
    EXTI10_15_IRQHandler                     0x08000163   Thumb Code     0  startup_gd32f10x_hd.o(.text)
    EXTI1_IRQHandler                         0x08000163   Thumb Code     0  startup_gd32f10x_hd.o(.text)
    EXTI2_IRQHandler                         0x08000163   Thumb Code     0  startup_gd32f10x_hd.o(.text)
    EXTI3_IRQHandler                         0x08000163   Thumb Code     0  startup_gd32f10x_hd.o(.text)
    EXTI4_IRQHandler                         0x08000163   Thumb Code     0  startup_gd32f10x_hd.o(.text)
    EXTI5_9_IRQHandler                       0x08000163   Thumb Code     0  startup_gd32f10x_hd.o(.text)
    FMC_IRQHandler                           0x08000163   Thumb Code     0  startup_gd32f10x_hd.o(.text)
    I2C0_ER_IRQHandler                       0x08000163   Thumb Code     0  startup_gd32f10x_hd.o(.text)
    I2C0_EV_IRQHandler                       0x08000163   Thumb Code     0  startup_gd32f10x_hd.o(.text)
    I2C1_ER_IRQHandler                       0x08000163   Thumb Code     0  startup_gd32f10x_hd.o(.text)
    I2C1_EV_IRQHandler                       0x08000163   Thumb Code     0  startup_gd32f10x_hd.o(.text)
    LVD_IRQHandler                           0x08000163   Thumb Code     0  startup_gd32f10x_hd.o(.text)
    RCU_IRQHandler                           0x08000163   Thumb Code     0  startup_gd32f10x_hd.o(.text)
    RTC_Alarm_IRQHandler                     0x08000163   Thumb Code     0  startup_gd32f10x_hd.o(.text)
    RTC_IRQHandler                           0x08000163   Thumb Code     0  startup_gd32f10x_hd.o(.text)
    SDIO_IRQHandler                          0x08000163   Thumb Code     0  startup_gd32f10x_hd.o(.text)
    SPI0_IRQHandler                          0x08000163   Thumb Code     0  startup_gd32f10x_hd.o(.text)
    SPI1_IRQHandler                          0x08000163   Thumb Code     0  startup_gd32f10x_hd.o(.text)
    SPI2_IRQHandler                          0x08000163   Thumb Code     0  startup_gd32f10x_hd.o(.text)
    TAMPER_IRQHandler                        0x08000163   Thumb Code     0  startup_gd32f10x_hd.o(.text)
    TIMER0_BRK_IRQHandler                    0x08000163   Thumb Code     0  startup_gd32f10x_hd.o(.text)
    TIMER0_Channel_IRQHandler                0x08000163   Thumb Code     0  startup_gd32f10x_hd.o(.text)
    TIMER0_TRG_CMT_IRQHandler                0x08000163   Thumb Code     0  startup_gd32f10x_hd.o(.text)
    TIMER0_UP_IRQHandler                     0x08000163   Thumb Code     0  startup_gd32f10x_hd.o(.text)
    TIMER1_IRQHandler                        0x08000163   Thumb Code     0  startup_gd32f10x_hd.o(.text)
    TIMER2_IRQHandler                        0x08000163   Thumb Code     0  startup_gd32f10x_hd.o(.text)
    TIMER3_IRQHandler                        0x08000163   Thumb Code     0  startup_gd32f10x_hd.o(.text)
    TIMER4_IRQHandler                        0x08000163   Thumb Code     0  startup_gd32f10x_hd.o(.text)
    TIMER5_IRQHandler                        0x08000163   Thumb Code     0  startup_gd32f10x_hd.o(.text)
    TIMER7_BRK_IRQHandler                    0x08000163   Thumb Code     0  startup_gd32f10x_hd.o(.text)
    TIMER7_Channel_IRQHandler                0x08000163   Thumb Code     0  startup_gd32f10x_hd.o(.text)
    TIMER7_TRG_CMT_IRQHandler                0x08000163   Thumb Code     0  startup_gd32f10x_hd.o(.text)
    TIMER7_UP_IRQHandler                     0x08000163   Thumb Code     0  startup_gd32f10x_hd.o(.text)
    UART3_IRQHandler                         0x08000163   Thumb Code     0  startup_gd32f10x_hd.o(.text)
    UART4_IRQHandler                         0x08000163   Thumb Code     0  startup_gd32f10x_hd.o(.text)
    USART0_IRQHandler                        0x08000163   Thumb Code     0  startup_gd32f10x_hd.o(.text)
    USART1_IRQHandler                        0x08000163   Thumb Code     0  startup_gd32f10x_hd.o(.text)
    USART2_IRQHandler                        0x08000163   Thumb Code     0  startup_gd32f10x_hd.o(.text)
    USBD_HP_CAN0_TX_IRQHandler               0x08000163   Thumb Code     0  startup_gd32f10x_hd.o(.text)
    USBD_LP_CAN0_RX0_IRQHandler              0x08000163   Thumb Code     0  startup_gd32f10x_hd.o(.text)
    USBD_WKUP_IRQHandler                     0x08000163   Thumb Code     0  startup_gd32f10x_hd.o(.text)
    WWDGT_IRQHandler                         0x08000163   Thumb Code     0  startup_gd32f10x_hd.o(.text)
    __aeabi_memset                           0x0800016d   Thumb Code    14  memseta.o(.text)
    __aeabi_memset4                          0x0800016d   Thumb Code     0  memseta.o(.text)
    __aeabi_memset8                          0x0800016d   Thumb Code     0  memseta.o(.text)
    __aeabi_memclr                           0x0800017b   Thumb Code     4  memseta.o(.text)
    __aeabi_memclr4                          0x0800017b   Thumb Code     0  memseta.o(.text)
    __aeabi_memclr8                          0x0800017b   Thumb Code     0  memseta.o(.text)
    _memset$wrapper                          0x0800017f   Thumb Code    18  memseta.o(.text)
    strlen                                   0x08000191   Thumb Code    14  strlen.o(.text)
    __aeabi_uidiv                            0x0800019f   Thumb Code     0  uidiv.o(.text)
    __aeabi_uidivmod                         0x0800019f   Thumb Code    44  uidiv.o(.text)
    __scatterload                            0x080001cd   Thumb Code    28  init.o(.text)
    __scatterload_rt2                        0x080001cd   Thumb Code     0  init.o(.text)
    __decompress                             0x080001f1   Thumb Code     0  __dczerorl2.o(.text)
    __decompress1                            0x080001f1   Thumb Code    86  __dczerorl2.o(.text)
    BusFault_Handler                         0x08000247   Thumb Code     4  gd32f10x_it.o(i.BusFault_Handler)
    CheckScreenDisplayIsFull                 0x0800024d   Thumb Code    52  oled.o(i.CheckScreenDisplayIsFull)
    ClearAllShowStrInfo                      0x080002b1   Thumb Code    14  oled.o(i.ClearAllShowStrInfo)
    CursorLineFeed                           0x080002c5   Thumb Code    54  oled.o(i.CursorLineFeed)
    DebugMon_Handler                         0x0800034d   Thumb Code     2  gd32f10x_it.o(i.DebugMon_Handler)
    DefaultSetCharSizeSetInfo                0x08000351   Thumb Code    12  oled.o(i.DefaultSetCharSizeSetInfo)
    GetCharSize                              0x08000361   Thumb Code     6  oled.o(i.GetCharSize)
    GetCharSizeSetInfo_Hight                 0x08000369   Thumb Code     6  oled.o(i.GetCharSizeSetInfo_Hight)
    GetCharSizeSetInfo_SizeNumber            0x08000375   Thumb Code     6  oled.o(i.GetCharSizeSetInfo_SizeNumber)
    GetCharSizeSetInfo_Width                 0x08000381   Thumb Code     6  oled.o(i.GetCharSizeSetInfo_Width)
    GetCursorInfo                            0x0800038d   Thumb Code     4  oled.o(i.GetCursorInfo)
    HardFault_Handler                        0x08000395   Thumb Code     4  gd32f10x_it.o(i.HardFault_Handler)
    I2C_Start                                0x08000399   Thumb Code     8  oled.o(i.I2C_Start)
    I2C_Stop                                 0x080003a1   Thumb Code     8  oled.o(i.I2C_Stop)
    I2C_WaitAck                              0x080003a9   Thumb Code     8  oled.o(i.I2C_WaitAck)
    MemManage_Handler                        0x080003b1   Thumb Code     4  gd32f10x_it.o(i.MemManage_Handler)
    NMI_Handler                              0x080003b5   Thumb Code     2  gd32f10x_it.o(i.NMI_Handler)
    OLED_Clear                               0x080003b9   Thumb Code    42  oled.o(i.OLED_Clear)
    OLED_ClearAll                            0x080003e9   Thumb Code    16  oled.o(i.OLED_ClearAll)
    OLED_ClearPoint                          0x080003f9   Thumb Code    90  oled.o(i.OLED_ClearPoint)
    OLED_DrawPoint                           0x08000459   Thumb Code    54  oled.o(i.OLED_DrawPoint)
    OLED_Init                                0x08000495   Thumb Code   284  oled.o(i.OLED_Init)
    OLED_Refresh                             0x080005b5   Thumb Code    70  oled.o(i.OLED_Refresh)
    OLED_ShowChar                            0x08000601   Thumb Code   240  oled.o(i.OLED_ShowChar)
    OLED_ShowStringControl                   0x080006fd   Thumb Code    94  oled.o(i.OLED_ShowStringControl)
    OLED_ShowStringProcess                   0x08000761   Thumb Code    96  oled.o(i.OLED_ShowStringProcess)
    OLED_WR_Byte                             0x080007d1   Thumb Code    56  oled.o(i.OLED_WR_Byte)
    PendSV_Handler                           0x08000809   Thumb Code     2  gd32f10x_it.o(i.PendSV_Handler)
    ReflashCursorInfo_PointInfo              0x0800080d   Thumb Code   114  oled.o(i.ReflashCursorInfo_PointInfo)
    ReflashShowStrInfo                       0x08000885   Thumb Code   214  oled.o(i.ReflashShowStrInfo)
    ResetCursorInfo                          0x08000961   Thumb Code    24  oled.o(i.ResetCursorInfo)
    SVC_Handler                              0x0800097d   Thumb Code     2  gd32f10x_it.o(i.SVC_Handler)
    Send_Byte                                0x0800097f   Thumb Code    12  oled.o(i.Send_Byte)
    SetCharSizeSetInfo                       0x0800098b   Thumb Code    46  oled.o(i.SetCharSizeSetInfo)
    SysTick_Handler                          0x080009b9   Thumb Code     8  gd32f10x_it.o(i.SysTick_Handler)
    SystemInit                               0x080009c1   Thumb Code   196  system_gd32f10x.o(i.SystemInit)
    TIMER6_IRQHandler                        0x08000a95   Thumb Code    20  delay.o(i.TIMER6_IRQHandler)
    UsageFault_Handler                       0x08000ab1   Thumb Code     4  gd32f10x_it.o(i.UsageFault_Handler)
    __0printf$3                              0x08000ab5   Thumb Code    22  printf3.o(i.__0printf$3)
    __1printf$3                              0x08000ab5   Thumb Code     0  printf3.o(i.__0printf$3)
    __2printf                                0x08000ab5   Thumb Code     0  printf3.o(i.__0printf$3)
    __0sprintf$3                             0x08000ad5   Thumb Code    34  printf3.o(i.__0sprintf$3)
    __1sprintf$3                             0x08000ad5   Thumb Code     0  printf3.o(i.__0sprintf$3)
    __2sprintf                               0x08000ad5   Thumb Code     0  printf3.o(i.__0sprintf$3)
    __scatterload_copy                       0x08000afd   Thumb Code    14  handlers.o(i.__scatterload_copy)
    __scatterload_null                       0x08000b0b   Thumb Code     2  handlers.o(i.__scatterload_null)
    __scatterload_zeroinit                   0x08000b0d   Thumb Code    14  handlers.o(i.__scatterload_zeroinit)
    add_led_work_peroid                      0x08000cdf   Thumb Code    24  led.o(i.add_led_work_peroid)
    check_led_work                           0x08000cf9   Thumb Code    58  led.o(i.check_led_work)
    clear_key_press_time                     0x08000d39   Thumb Code    16  key.o(i.clear_key_press_time)
    delay_init                               0x08000d4d   Thumb Code   100  delay.o(i.delay_init)
    delay_ms                                 0x08000db9   Thumb Code    26  delay.o(i.delay_ms)
    delay_us                                 0x08000dd5   Thumb Code    56  delay.o(i.delay_us)
    desable_and_clear_led_work               0x08000e15   Thumb Code    32  led.o(i.desable_and_clear_led_work)
    do_led_work                              0x08000e39   Thumb Code    86  led.o(i.do_led_work)
    fputc                                    0x08000e95   Thumb Code    32  uart.o(i.fputc)
    get_key_press_action                     0x08000eb9   Thumb Code   106  key.o(i.get_key_press_action)
    get_led_work_end_s                       0x08000f29   Thumb Code     6  led.o(i.get_led_work_end_s)
    get_led_work_flash_times                 0x08000f35   Thumb Code     6  led.o(i.get_led_work_flash_times)
    get_led_work_num_s                       0x08000f41   Thumb Code     6  led.o(i.get_led_work_num_s)
    get_led_work_pin                         0x08000f4d   Thumb Code   124  led.o(i.get_led_work_pin)
    get_led_work_remain_s                    0x08000fc9   Thumb Code     6  led.o(i.get_led_work_remain_s)
    get_led_work_stauts                      0x08000fd5   Thumb Code     6  led.o(i.get_led_work_stauts)
    get_sys_tick_ms                          0x08000fe1   Thumb Code     6  gd32f10x_it.o(i.get_sys_tick_ms)
    get_sys_tick_s                           0x08000fed   Thumb Code     6  gd32f10x_it.o(i.get_sys_tick_s)
    gpio_bit_reset                           0x08000ff9   Thumb Code     4  gd32f10x_gpio.o(i.gpio_bit_reset)
    gpio_bit_set                             0x08000ffd   Thumb Code     4  gd32f10x_gpio.o(i.gpio_bit_set)
    gpio_init                                0x08001001   Thumb Code   172  gd32f10x_gpio.o(i.gpio_init)
    gpio_input_bit_get                       0x080010ad   Thumb Code    16  gd32f10x_gpio.o(i.gpio_input_bit_get)
    handle_long_press_key                    0x080010bd   Thumb Code    14  key.o(i.handle_long_press_key)
    handle_short_press_key                   0x080010d1   Thumb Code    10  key.o(i.handle_short_press_key)
    iic_init                                 0x080010e9   Thumb Code    40  iic.o(i.iic_init)
    iic_start                                0x08001159   Thumb Code    42  iic.o(i.iic_start)
    iic_stop                                 0x08001183   Thumb Code    42  iic.o(i.iic_stop)
    iic_wait_ack                             0x080011ad   Thumb Code    68  iic.o(i.iic_wait_ack)
    iic_write_byte                           0x0800120d   Thumb Code    52  iic.o(i.iic_write_byte)
    init_key_press                           0x08001265   Thumb Code    30  key.o(i.init_key_press)
    key_init                                 0x08001289   Thumb Code    24  key.o(i.key_init)
    key_process                              0x080012a5   Thumb Code    48  key.o(i.key_process)
    led_flash                                0x080012d9   Thumb Code    72  led.o(i.led_flash)
    led_init                                 0x08001325   Thumb Code    24  led.o(i.led_init)
    led_off                                  0x08001341   Thumb Code    24  led.o(i.led_off)
    led_on                                   0x0800135d   Thumb Code    24  led.o(i.led_on)
    led_work_process                         0x08001379   Thumb Code    12  led.o(i.led_work_process)
    main                                     0x08001385   Thumb Code    88  main.o(i.main)
    nvic_irq_enable                          0x0800141d   Thumb Code   162  gd32f10x_misc.o(i.nvic_irq_enable)
    nvic_priority_group_set                  0x080014c9   Thumb Code    10  gd32f10x_misc.o(i.nvic_priority_group_set)
    nvic_vector_table_set                    0x080014dd   Thumb Code    16  gd32f10x_misc.o(i.nvic_vector_table_set)
    pc_com_init                              0x080014f5   Thumb Code   126  uart.o(i.pc_com_init)
    rcu_clock_freq_get                       0x0800157d   Thumb Code   264  gd32f10x_rcu.o(i.rcu_clock_freq_get)
    rcu_periph_clock_enable                  0x080016a1   Thumb Code    28  gd32f10x_rcu.o(i.rcu_periph_clock_enable)
    rcu_periph_reset_disable                 0x080016c1   Thumb Code    28  gd32f10x_rcu.o(i.rcu_periph_reset_disable)
    rcu_periph_reset_enable                  0x080016e1   Thumb Code    28  gd32f10x_rcu.o(i.rcu_periph_reset_enable)
    reset_led_work_peroid                    0x08001701   Thumb Code    22  led.o(i.reset_led_work_peroid)
    scan_key_press                           0x08001719   Thumb Code   182  key.o(i.scan_key_press)
    set_led_work_stauts                      0x080017dd   Thumb Code    18  led.o(i.set_led_work_stauts)
    set_led_work_time                        0x080017f5   Thumb Code    78  led.o(i.set_led_work_time)
    set_sys_tcik                             0x08001849   Thumb Code   220  gd32f10x_it.o(i.set_sys_tcik)
    timer_deinit                             0x08001a05   Thumb Code   210  gd32f10x_timer.o(i.timer_deinit)
    timer_init                               0x08001ae1   Thumb Code   170  gd32f10x_timer.o(i.timer_init)
    timer_interrupt_enable                   0x08001bc1   Thumb Code     8  gd32f10x_timer.o(i.timer_interrupt_enable)
    togle_led_level                          0x08001bc9   Thumb Code    40  led.o(i.togle_led_level)
    updata_led_work_remain_s                 0x08001bf5   Thumb Code    26  led.o(i.updata_led_work_remain_s)
    usart_baudrate_set                       0x08001c15   Thumb Code   136  gd32f10x_usart.o(i.usart_baudrate_set)
    usart_data_transmit                      0x08001ca5   Thumb Code     8  gd32f10x_usart.o(i.usart_data_transmit)
    usart_deinit                             0x08001cad   Thumb Code   136  gd32f10x_usart.o(i.usart_deinit)
    usart_enable                             0x08001d3d   Thumb Code    10  gd32f10x_usart.o(i.usart_enable)
    usart_flag_get                           0x08001d47   Thumb Code    30  gd32f10x_usart.o(i.usart_flag_get)
    usart_hardware_flow_cts_config           0x08001d65   Thumb Code    16  gd32f10x_usart.o(i.usart_hardware_flow_cts_config)
    usart_hardware_flow_rts_config           0x08001d75   Thumb Code    16  gd32f10x_usart.o(i.usart_hardware_flow_rts_config)
    usart_parity_config                      0x08001d85   Thumb Code    16  gd32f10x_usart.o(i.usart_parity_config)
    usart_receive_config                     0x08001d95   Thumb Code    16  gd32f10x_usart.o(i.usart_receive_config)
    usart_stop_bit_set                       0x08001da5   Thumb Code    16  gd32f10x_usart.o(i.usart_stop_bit_set)
    usart_transmit_config                    0x08001db5   Thumb Code    16  gd32f10x_usart.o(i.usart_transmit_config)
    usart_word_length_set                    0x08001dc5   Thumb Code    16  gd32f10x_usart.o(i.usart_word_length_set)
    asc2_1206                                0x08001dd4   Data        1140  oled.o(.constdata)
    asc2_1608                                0x08002248   Data        1520  oled.o(.constdata)
    asc2_2412                                0x08002838   Data        3420  oled.o(.constdata)
    Region$$Table$$Base                      0x080035a4   Number         0  anon$$obj.o(Region$$Table)
    Region$$Table$$Limit                     0x080035c4   Number         0  anon$$obj.o(Region$$Table)
    SystemCoreClock                          0x20000010   Data           4  system_gd32f10x.o(.data)
    Hzk                                      0x2000001c   Data         896  oled.o(.data)
    Hzk1                                     0x2000039c   Data         352  oled.o(.data)
    Hzk2                                     0x200004fc   Data         216  oled.o(.data)
    Hzk3                                     0x200005d4   Data         512  oled.o(.data)
    Hzk4                                     0x200007d4   Data        4096  oled.o(.data)
    BMP1                                     0x200017d4   Data        1024  oled.o(.data)
    BMP2                                     0x20001bd4   Data        1024  oled.o(.data)
    g_char_sizes_set_info                    0x20001fd4   Data           3  oled.o(.data)
    g_cursor_info                            0x20001fd7   Data           7  oled.o(.data)
    us_count                                 0x20001fe4   Data           2  delay.o(.data)
    __stdout                                 0x20001fe8   Data           4  stdout.o(.data)
    key_press                                0x20001fec   Data          32  key.o(.bss)
    led_work                                 0x2000200c   Data          32  led.o(.bss)
    OLED_GRAM                                0x2000202c   Data        1152  oled.o(.bss)
    g_show_str_info                          0x200024ac   Data         736  oled.o(.bss)
    __initial_sp                             0x20002b90   Data           0  startup_gd32f10x_hd.o(STACK)



==============================================================================

Memory Map of the image

  Image Entry point : 0x08000131

  Load Region LR_IROM1 (Base: 0x08000000, Size: 0x000055b0, Max: 0x00040000, ABSOLUTE, COMPRESSED[0x00003b04])

    Execution Region ER_IROM1 (Exec base: 0x08000000, Load base: 0x08000000, Size: 0x000035c4, Max: 0x00040000, ABSOLUTE)

    Exec Addr    Load Addr    Size         Type   Attr      Idx    E Section Name        Object

    0x08000000   0x08000000   0x00000130   Data   RO         3935    RESET               startup_gd32f10x_hd.o
    0x08000130   0x08000130   0x00000000   Code   RO         4735  * .ARM.Collect$$$$00000000  mc_w.l(entry.o)
    0x08000130   0x08000130   0x00000004   Code   RO         5007    .ARM.Collect$$$$00000001  mc_w.l(entry2.o)
    0x08000134   0x08000134   0x00000004   Code   RO         5010    .ARM.Collect$$$$00000004  mc_w.l(entry5.o)
    0x08000138   0x08000138   0x00000000   Code   RO         5012    .ARM.Collect$$$$00000008  mc_w.l(entry7b.o)
    0x08000138   0x08000138   0x00000000   Code   RO         5014    .ARM.Collect$$$$0000000A  mc_w.l(entry8b.o)
    0x08000138   0x08000138   0x00000008   Code   RO         5015    .ARM.Collect$$$$0000000B  mc_w.l(entry9a.o)
    0x08000140   0x08000140   0x00000004   Code   RO         5022    .ARM.Collect$$$$0000000E  mc_w.l(entry12b.o)
    0x08000144   0x08000144   0x00000000   Code   RO         5017    .ARM.Collect$$$$0000000F  mc_w.l(entry10a.o)
    0x08000144   0x08000144   0x00000000   Code   RO         5019    .ARM.Collect$$$$00000011  mc_w.l(entry11a.o)
    0x08000144   0x08000144   0x00000004   Code   RO         5008    .ARM.Collect$$$$00002712  mc_w.l(entry2.o)
    0x08000148   0x08000148   0x00000024   Code   RO         3936    .text               startup_gd32f10x_hd.o
    0x0800016c   0x0800016c   0x00000024   Code   RO         4740    .text               mc_w.l(memseta.o)
    0x08000190   0x08000190   0x0000000e   Code   RO         4742    .text               mc_w.l(strlen.o)
    0x0800019e   0x0800019e   0x0000002c   Code   RO         5024    .text               mc_w.l(uidiv.o)
    0x080001ca   0x080001ca   0x00000002   PAD
    0x080001cc   0x080001cc   0x00000024   Code   RO         5039    .text               mc_w.l(init.o)
    0x080001f0   0x080001f0   0x00000056   Code   RO         5057    .text               mc_w.l(__dczerorl2.o)
    0x08000246   0x08000246   0x00000004   Code   RO            3    i.BusFault_Handler  gd32f10x_it.o
    0x0800024a   0x0800024a   0x00000002   PAD
    0x0800024c   0x0800024c   0x00000064   Code   RO         4257    i.CheckScreenDisplayIsFull  oled.o
    0x080002b0   0x080002b0   0x00000014   Code   RO         4258    i.ClearAllShowStrInfo  oled.o
    0x080002c4   0x080002c4   0x00000088   Code   RO         4259    i.CursorLineFeed    oled.o
    0x0800034c   0x0800034c   0x00000002   Code   RO            4    i.DebugMon_Handler  gd32f10x_it.o
    0x0800034e   0x0800034e   0x00000002   PAD
    0x08000350   0x08000350   0x00000010   Code   RO         4260    i.DefaultSetCharSizeSetInfo  oled.o
    0x08000360   0x08000360   0x00000006   Code   RO         4261    i.GetCharSize       oled.o
    0x08000366   0x08000366   0x00000002   PAD
    0x08000368   0x08000368   0x0000000c   Code   RO         4263    i.GetCharSizeSetInfo_Hight  oled.o
    0x08000374   0x08000374   0x0000000c   Code   RO         4264    i.GetCharSizeSetInfo_SizeNumber  oled.o
    0x08000380   0x08000380   0x0000000c   Code   RO         4265    i.GetCharSizeSetInfo_Width  oled.o
    0x0800038c   0x0800038c   0x00000008   Code   RO         4266    i.GetCursorInfo     oled.o
    0x08000394   0x08000394   0x00000004   Code   RO            5    i.HardFault_Handler  gd32f10x_it.o
    0x08000398   0x08000398   0x00000008   Code   RO         4274    i.I2C_Start         oled.o
    0x080003a0   0x080003a0   0x00000008   Code   RO         4275    i.I2C_Stop          oled.o
    0x080003a8   0x080003a8   0x00000008   Code   RO         4276    i.I2C_WaitAck       oled.o
    0x080003b0   0x080003b0   0x00000004   Code   RO            6    i.MemManage_Handler  gd32f10x_it.o
    0x080003b4   0x080003b4   0x00000002   Code   RO            7    i.NMI_Handler       gd32f10x_it.o
    0x080003b6   0x080003b6   0x00000002   PAD
    0x080003b8   0x080003b8   0x00000030   Code   RO         4278    i.OLED_Clear        oled.o
    0x080003e8   0x080003e8   0x00000010   Code   RO         4279    i.OLED_ClearAll     oled.o
    0x080003f8   0x080003f8   0x00000060   Code   RO         4280    i.OLED_ClearPoint   oled.o
    0x08000458   0x08000458   0x0000003c   Code   RO         4287    i.OLED_DrawPoint    oled.o
    0x08000494   0x08000494   0x00000120   Code   RO         4288    i.OLED_Init         oled.o
    0x080005b4   0x080005b4   0x0000004c   Code   RO         4290    i.OLED_Refresh      oled.o
    0x08000600   0x08000600   0x000000fc   Code   RO         4292    i.OLED_ShowChar     oled.o
    0x080006fc   0x080006fc   0x00000064   Code   RO         4297    i.OLED_ShowStringControl  oled.o
    0x08000760   0x08000760   0x00000070   Code   RO         4298    i.OLED_ShowStringProcess  oled.o
    0x080007d0   0x080007d0   0x00000038   Code   RO         4301    i.OLED_WR_Byte      oled.o
    0x08000808   0x08000808   0x00000002   Code   RO            8    i.PendSV_Handler    gd32f10x_it.o
    0x0800080a   0x0800080a   0x00000002   PAD
    0x0800080c   0x0800080c   0x00000078   Code   RO         4304    i.ReflashCursorInfo_PointInfo  oled.o
    0x08000884   0x08000884   0x000000dc   Code   RO         4305    i.ReflashShowStrInfo  oled.o
    0x08000960   0x08000960   0x0000001c   Code   RO         4306    i.ResetCursorInfo   oled.o
    0x0800097c   0x0800097c   0x00000002   Code   RO            9    i.SVC_Handler       gd32f10x_it.o
    0x0800097e   0x0800097e   0x0000000c   Code   RO         4307    i.Send_Byte         oled.o
    0x0800098a   0x0800098a   0x0000002e   Code   RO         4308    i.SetCharSizeSetInfo  oled.o
    0x080009b8   0x080009b8   0x00000008   Code   RO           10    i.SysTick_Handler   gd32f10x_it.o
    0x080009c0   0x080009c0   0x000000d4   Code   RO          361    i.SystemInit        system_gd32f10x.o
    0x08000a94   0x08000a94   0x0000001c   Code   RO         4611    i.TIMER6_IRQHandler  delay.o
    0x08000ab0   0x08000ab0   0x00000004   Code   RO           11    i.UsageFault_Handler  gd32f10x_it.o
    0x08000ab4   0x08000ab4   0x00000020   Code   RO         4835    i.__0printf$3       mc_w.l(printf3.o)
    0x08000ad4   0x08000ad4   0x00000028   Code   RO         4837    i.__0sprintf$3      mc_w.l(printf3.o)
    0x08000afc   0x08000afc   0x0000000e   Code   RO         5051    i.__scatterload_copy  mc_w.l(handlers.o)
    0x08000b0a   0x08000b0a   0x00000002   Code   RO         5052    i.__scatterload_null  mc_w.l(handlers.o)
    0x08000b0c   0x08000b0c   0x0000000e   Code   RO         5053    i.__scatterload_zeroinit  mc_w.l(handlers.o)
    0x08000b1a   0x08000b1a   0x00000002   PAD
    0x08000b1c   0x08000b1c   0x000001b8   Code   RO         4842    i._printf_core      mc_w.l(printf3.o)
    0x08000cd4   0x08000cd4   0x0000000a   Code   RO         4844    i._sputc            mc_w.l(printf3.o)
    0x08000cde   0x08000cde   0x00000018   Code   RO         4084    i.add_led_work_peroid  led.o
    0x08000cf6   0x08000cf6   0x00000002   PAD
    0x08000cf8   0x08000cf8   0x00000040   Code   RO         4085    i.check_led_work    led.o
    0x08000d38   0x08000d38   0x00000014   Code   RO         4003    i.clear_key_press_time  key.o
    0x08000d4c   0x08000d4c   0x0000006c   Code   RO         4612    i.delay_init        delay.o
    0x08000db8   0x08000db8   0x0000001a   Code   RO         4613    i.delay_ms          delay.o
    0x08000dd2   0x08000dd2   0x00000002   PAD
    0x08000dd4   0x08000dd4   0x00000040   Code   RO         4614    i.delay_us          delay.o
    0x08000e14   0x08000e14   0x00000024   Code   RO         4086    i.desable_and_clear_led_work  led.o
    0x08000e38   0x08000e38   0x0000005c   Code   RO         4087    i.do_led_work       led.o
    0x08000e94   0x08000e94   0x00000024   Code   RO         4228    i.fputc             uart.o
    0x08000eb8   0x08000eb8   0x00000070   Code   RO         4004    i.get_key_press_action  key.o
    0x08000f28   0x08000f28   0x0000000c   Code   RO         4088    i.get_led_work_end_s  led.o
    0x08000f34   0x08000f34   0x0000000c   Code   RO         4089    i.get_led_work_flash_times  led.o
    0x08000f40   0x08000f40   0x0000000c   Code   RO         4090    i.get_led_work_num_s  led.o
    0x08000f4c   0x08000f4c   0x0000007c   Code   RO         4091    i.get_led_work_pin  led.o
    0x08000fc8   0x08000fc8   0x0000000c   Code   RO         4092    i.get_led_work_remain_s  led.o
    0x08000fd4   0x08000fd4   0x0000000c   Code   RO         4094    i.get_led_work_stauts  led.o
    0x08000fe0   0x08000fe0   0x0000000c   Code   RO           14    i.get_sys_tick_ms   gd32f10x_it.o
    0x08000fec   0x08000fec   0x0000000c   Code   RO           15    i.get_sys_tick_s    gd32f10x_it.o
    0x08000ff8   0x08000ff8   0x00000004   Code   RO         1903    i.gpio_bit_reset    gd32f10x_gpio.o
    0x08000ffc   0x08000ffc   0x00000004   Code   RO         1904    i.gpio_bit_set      gd32f10x_gpio.o
    0x08001000   0x08001000   0x000000ac   Code   RO         1911    i.gpio_init         gd32f10x_gpio.o
    0x080010ac   0x080010ac   0x00000010   Code   RO         1912    i.gpio_input_bit_get  gd32f10x_gpio.o
    0x080010bc   0x080010bc   0x00000014   Code   RO         4006    i.handle_long_press_key  key.o
    0x080010d0   0x080010d0   0x0000000a   Code   RO         4007    i.handle_short_press_key  key.o
    0x080010da   0x080010da   0x0000000c   Code   RO         4653    i.iic_delay_us      iic.o
    0x080010e6   0x080010e6   0x00000002   PAD
    0x080010e8   0x080010e8   0x0000002c   Code   RO         4654    i.iic_init          iic.o
    0x08001114   0x08001114   0x0000001c   Code   RO         4656    i.iic_read_sda      iic.o
    0x08001130   0x08001130   0x00000014   Code   RO         4657    i.iic_scl_h         iic.o
    0x08001144   0x08001144   0x00000014   Code   RO         4658    i.iic_scl_l         iic.o
    0x08001158   0x08001158   0x0000002a   Code   RO         4659    i.iic_start         iic.o
    0x08001182   0x08001182   0x0000002a   Code   RO         4660    i.iic_stop          iic.o
    0x080011ac   0x080011ac   0x00000060   Code   RO         4661    i.iic_wait_ack      iic.o
    0x0800120c   0x0800120c   0x00000034   Code   RO         4662    i.iic_write_byte    iic.o
    0x08001240   0x08001240   0x00000024   Code   RO         4663    i.iic_write_sda     iic.o
    0x08001264   0x08001264   0x00000024   Code   RO         4008    i.init_key_press    key.o
    0x08001288   0x08001288   0x0000001c   Code   RO         4009    i.key_init          key.o
    0x080012a4   0x080012a4   0x00000034   Code   RO         4010    i.key_process       key.o
    0x080012d8   0x080012d8   0x0000004c   Code   RO         4095    i.led_flash         led.o
    0x08001324   0x08001324   0x0000001c   Code   RO         4096    i.led_init          led.o
    0x08001340   0x08001340   0x0000001c   Code   RO         4097    i.led_off           led.o
    0x0800135c   0x0800135c   0x0000001c   Code   RO         4098    i.led_on            led.o
    0x08001378   0x08001378   0x0000000c   Code   RO         4099    i.led_work_process  led.o
    0x08001384   0x08001384   0x00000098   Code   RO          214    i.main              main.o
    0x0800141c   0x0800141c   0x000000ac   Code   RO         2219    i.nvic_irq_enable   gd32f10x_misc.o
    0x080014c8   0x080014c8   0x00000014   Code   RO         2220    i.nvic_priority_group_set  gd32f10x_misc.o
    0x080014dc   0x080014dc   0x00000018   Code   RO         2221    i.nvic_vector_table_set  gd32f10x_misc.o
    0x080014f4   0x080014f4   0x00000088   Code   RO         4229    i.pc_com_init       uart.o
    0x0800157c   0x0800157c   0x00000124   Code   RO         2369    i.rcu_clock_freq_get  gd32f10x_rcu.o
    0x080016a0   0x080016a0   0x00000020   Code   RO         2386    i.rcu_periph_clock_enable  gd32f10x_rcu.o
    0x080016c0   0x080016c0   0x00000020   Code   RO         2389    i.rcu_periph_reset_disable  gd32f10x_rcu.o
    0x080016e0   0x080016e0   0x00000020   Code   RO         2390    i.rcu_periph_reset_enable  gd32f10x_rcu.o
    0x08001700   0x08001700   0x00000016   Code   RO         4100    i.reset_led_work_peroid  led.o
    0x08001716   0x08001716   0x00000002   PAD
    0x08001718   0x08001718   0x000000c4   Code   RO         4011    i.scan_key_press    key.o
    0x080017dc   0x080017dc   0x00000018   Code   RO         4101    i.set_led_work_stauts  led.o
    0x080017f4   0x080017f4   0x00000054   Code   RO         4102    i.set_led_work_time  led.o
    0x08001848   0x08001848   0x000000f0   Code   RO           16    i.set_sys_tcik      gd32f10x_it.o
    0x08001938   0x08001938   0x000000c4   Code   RO          362    i.system_clock_108m_hxtal  system_gd32f10x.o
    0x080019fc   0x080019fc   0x00000008   Code   RO          363    i.system_clock_config  system_gd32f10x.o
    0x08001a04   0x08001a04   0x000000dc   Code   RO         3210    i.timer_deinit      gd32f10x_timer.o
    0x08001ae0   0x08001ae0   0x000000e0   Code   RO         3225    i.timer_init        gd32f10x_timer.o
    0x08001bc0   0x08001bc0   0x00000008   Code   RO         3232    i.timer_interrupt_enable  gd32f10x_timer.o
    0x08001bc8   0x08001bc8   0x0000002c   Code   RO         4103    i.togle_led_level   led.o
    0x08001bf4   0x08001bf4   0x00000020   Code   RO         4104    i.updata_led_work_remain_s  led.o
    0x08001c14   0x08001c14   0x00000090   Code   RO         3608    i.usart_baudrate_set  gd32f10x_usart.o
    0x08001ca4   0x08001ca4   0x00000008   Code   RO         3610    i.usart_data_transmit  gd32f10x_usart.o
    0x08001cac   0x08001cac   0x00000090   Code   RO         3611    i.usart_deinit      gd32f10x_usart.o
    0x08001d3c   0x08001d3c   0x0000000a   Code   RO         3615    i.usart_enable      gd32f10x_usart.o
    0x08001d46   0x08001d46   0x0000001e   Code   RO         3617    i.usart_flag_get    gd32f10x_usart.o
    0x08001d64   0x08001d64   0x00000010   Code   RO         3621    i.usart_hardware_flow_cts_config  gd32f10x_usart.o
    0x08001d74   0x08001d74   0x00000010   Code   RO         3622    i.usart_hardware_flow_rts_config  gd32f10x_usart.o
    0x08001d84   0x08001d84   0x00000010   Code   RO         3636    i.usart_parity_config  gd32f10x_usart.o
    0x08001d94   0x08001d94   0x00000010   Code   RO         3638    i.usart_receive_config  gd32f10x_usart.o
    0x08001da4   0x08001da4   0x00000010   Code   RO         3644    i.usart_stop_bit_set  gd32f10x_usart.o
    0x08001db4   0x08001db4   0x00000010   Code   RO         3648    i.usart_transmit_config  gd32f10x_usart.o
    0x08001dc4   0x08001dc4   0x00000010   Code   RO         3649    i.usart_word_length_set  gd32f10x_usart.o
    0x08001dd4   0x08001dd4   0x000017c0   Data   RO         4311    .constdata          oled.o
    0x08003594   0x08003594   0x0000000d   Data   RO         4664    .constdata          iic.o
    0x080035a1   0x080035a1   0x00000003   PAD
    0x080035a4   0x080035a4   0x00000020   Data   RO         5049    Region$$Table       anon$$obj.o


    Execution Region RW_IRAM1 (Exec base: 0x20000000, Load base: 0x080035c4, Size: 0x00002b90, Max: 0x0000c000, ABSOLUTE, COMPRESSED[0x00000540])

    Exec Addr    Load Addr    Size         Type   Attr      Idx    E Section Name        Object

    0x20000000   COMPRESSED   0x00000010   Data   RW           17    .data               gd32f10x_it.o
    0x20000010   COMPRESSED   0x00000004   Data   RW          364    .data               system_gd32f10x.o
    0x20000014   COMPRESSED   0x00000001   Data   RW         4014    .data               key.o
    0x20000015   COMPRESSED   0x00000003   PAD
    0x20000018   COMPRESSED   0x00000004   Data   RW         4106    .data               led.o
    0x2000001c   COMPRESSED   0x00001fc8   Data   RW         4313    .data               oled.o
    0x20001fe4   COMPRESSED   0x00000002   Data   RW         4615    .data               delay.o
    0x20001fe6   COMPRESSED   0x00000002   PAD
    0x20001fe8   COMPRESSED   0x00000004   Data   RW         5023    .data               mc_w.l(stdout.o)
    0x20001fec        -       0x00000020   Zero   RW         4013    .bss                key.o
    0x2000200c        -       0x00000020   Zero   RW         4105    .bss                led.o
    0x2000202c        -       0x00000760   Zero   RW         4310    .bss                oled.o
    0x2000278c   COMPRESSED   0x00000004   PAD
    0x20002790        -       0x00000400   Zero   RW         3933    STACK               startup_gd32f10x_hd.o


==============================================================================

Image component sizes


      Code (inc. data)   RO Data    RW Data    ZI Data      Debug   Object Name

       226         24          0          2          0       2450   delay.o
       196          0          0          0          0       3069   gd32f10x_gpio.o
       296         32          0         16          0      49320   gd32f10x_it.o
       216         28          0          0          0       2296   gd32f10x_misc.o
       388         40          0          0          0       3248   gd32f10x_rcu.o
       452         64          0          0          0       2889   gd32f10x_timer.o
       448         16          0          0          0       8774   gd32f10x_usart.o
       392         56         13          0          0       5426   iic.o
       474         44          0          1         32       4774   key.o
       778         84          0          4         32      11971   led.o
       152         64          0          0          0       4047   main.o
      1876        240       6080       8136       1888      23125   oled.o
        36          8        304          0       1024        944   startup_gd32f10x_hd.o
       416         30          0          4          0       3111   system_gd32f10x.o
       172         14          0          0          0       1190   uart.o

    ----------------------------------------------------------------------
      6536        744       6432       8168       2980     126634   Object Totals
         0          0         32          0          0          0   (incl. Generated)
        18          0          3          5          4          0   (incl. Padding)

    ----------------------------------------------------------------------

      Code (inc. data)   RO Data    RW Data    ZI Data      Debug   Library Member Name

        86          0          0          0          0          0   __dczerorl2.o
         0          0          0          0          0          0   entry.o
         0          0          0          0          0          0   entry10a.o
         0          0          0          0          0          0   entry11a.o
         4          0          0          0          0          0   entry12b.o
         8          4          0          0          0          0   entry2.o
         4          0          0          0          0          0   entry5.o
         0          0          0          0          0          0   entry7b.o
         0          0          0          0          0          0   entry8b.o
         8          4          0          0          0          0   entry9a.o
        30          0          0          0          0          0   handlers.o
        36          8          0          0          0         68   init.o
        36          0          0          0          0        108   memseta.o
       522         20          0          0          0        336   printf3.o
         0          0          0          4          0          0   stdout.o
        14          0          0          0          0         68   strlen.o
        44          0          0          0          0         80   uidiv.o

    ----------------------------------------------------------------------
       796         36          0          4          0        660   Library Totals
         4          0          0          0          0          0   (incl. Padding)

    ----------------------------------------------------------------------

      Code (inc. data)   RO Data    RW Data    ZI Data      Debug   Library Name

       792         36          0          4          0        660   mc_w.l

    ----------------------------------------------------------------------
       796         36          0          4          0        660   Library Totals

    ----------------------------------------------------------------------

==============================================================================


      Code (inc. data)   RO Data    RW Data    ZI Data      Debug   

      7332        780       6432       8172       2980     116670   Grand Totals
      7332        780       6432       1344       2980     116670   ELF Image Totals (compressed)
      7332        780       6432       1344          0          0   ROM Totals

==============================================================================

    Total RO  Size (Code + RO Data)                13764 (  13.44kB)
    Total RW  Size (RW Data + ZI Data)             11152 (  10.89kB)
    Total ROM Size (Code + RO Data + RW Data)      15108 (  14.75kB)

==============================================================================

